04-03 19:19:47.183  1280  1475 I SDM     : HWCDisplayBuiltIn::GetOptimalRefreshRate: active_refresh_rate_: 60
04-03 19:19:47.192  1280  1475 I SDM     : HWCDisplayBuiltIn::GetOptimalRefreshRate: active_refresh_rate_: 60
04-03 19:19:47.200  1280  1475 I SDM     : HWCDisplayBuiltIn::GetOptimalRefreshRate: active_refresh_rate_: 60
04-03 19:19:47.208  1280  1475 I SDM     : HWCDisplayBuiltIn::GetOptimalRefreshRate: active_refresh_rate_: 60
04-03 19:19:47.217  1280  1475 I SDM     : HWCDisplayBuiltIn::GetOptimalRefreshRate: active_refresh_rate_: 60
04-03 19:19:47.225  1280  1475 I SDM     : HWCDisplayBuiltIn::GetOptimalRefreshRate: active_refresh_rate_: 60
04-03 19:19:47.226 18706 18706 W emacrobenchmar: Class androidx.compose.runtime.snapshots.SnapshotStateList failed lock verification and will run slower.
04-03 19:19:47.226 18706 18706 W emacrobenchmar: Common causes for lock verification issues are non-optimized dex code
04-03 19:19:47.226 18706 18706 W emacrobenchmar: and incorrect proguard optimizations.
04-03 19:19:47.234  1280  1475 I SDM     : HWCDisplayBuiltIn::GetOptimalRefreshRate: active_refresh_rate_: 60
04-03 19:19:47.239 18706 18730 I AdrenoGLES-0: QUALCOMM build                   : 223000e821, I12e4aa4c5c
04-03 19:19:47.239 18706 18730 I AdrenoGLES-0: Build Date                       : 01/22/22
04-03 19:19:47.239 18706 18730 I AdrenoGLES-0: OpenGL ES Shader Compiler Version: EV031.32.02.17
04-03 19:19:47.239 18706 18730 I AdrenoGLES-0: Local Branch                     :
04-03 19:19:47.239 18706 18730 I AdrenoGLES-0: Remote Branch                    :
04-03 19:19:47.239 18706 18730 I AdrenoGLES-0: Remote Branch                    :
04-03 19:19:47.239 18706 18730 I AdrenoGLES-0: Reconstruct Branch               :
04-03 19:19:47.239 18706 18730 I AdrenoGLES-0: Build Config                     : S P 10.0.7 AArch64
04-03 19:19:47.239 18706 18730 I AdrenoGLES-0: Driver Path                      : /vendor/lib64/egl/libGLESv2_adreno.so
04-03 19:19:47.245  1280  1475 I SDM     : HWCDisplayBuiltIn::GetOptimalRefreshRate: active_refresh_rate_: 60
04-03 19:19:47.255 18255 18255 I A       : (REDACTED) onApplyWindowInsets: systemWindowInsets=%s
04-03 19:19:47.255 18255 18255 I A       : (REDACTED) onApplyWindowInsets: systemWindowInsets=%s
04-03 19:19:47.260  1280  1475 I SDM     : HWCDisplayBuiltIn::GetOptimalRefreshRate: active_refresh_rate_: 60
04-03 19:19:47.278 18706 18730 I AdrenoGLES-0: PFP: 0x016ee190, ME: 0x00000000
04-03 19:19:47.321  1280  1475 I SDM     : HWCDisplay::GetColorModeCount: Supported color mode count = 3
04-03 19:19:47.321  1280  1475 I SDM     : HWCDisplay::GetColorModes: Color mode = 0 is supported
04-03 19:19:47.321  1280  1475 I SDM     : HWCDisplay::GetColorModes: Color mode = 7 is supported
04-03 19:19:47.321  1280  1475 I SDM     : HWCDisplay::GetColorModes: Color mode = 9 is supported
04-03 19:19:47.321 18706 18730 D hw-ProcessState: Binder ioctl to enable oneway spam detection failed: Invalid argument
04-03 19:19:47.324  1280  1475 I SDM     : HWCDisplayBuiltIn::GetOptimalRefreshRate: active_refresh_rate_: 60
04-03 19:19:47.422 18706 18706 D CompatibilityChangeReporter: Compat change id reported: 171228096; UID 10152; state: ENABLED
04-03 19:19:47.425  1861  2151 I ActivityTaskManager: Displayed com.plcoding.baselineprofilemacrobenchmark/.MainActivity: +554ms
04-03 19:19:47.427  1280  1475 I SDM     : HWCDisplayBuiltIn::GetOptimalRefreshRate: active_refresh_rate_: 60
04-03 19:19:47.441  1280  1475 I SDM     : HWCDisplayBuiltIn::GetOptimalRefreshRate: active_refresh_rate_: 60
04-03 19:19:47.451  1280  1475 I SDM     : HWCDisplayBuiltIn::GetOptimalRefreshRate: active_refresh_rate_: 60
04-03 19:19:47.460  1280  1475 I SDM     : HWCDisplayBuiltIn::GetOptimalRefreshRate: active_refresh_rate_: 60
04-03 19:19:47.476  1280  1475 I SDM     : HWCDisplayBuiltIn::GetOptimalRefreshRate: active_refresh_rate_: 60
04-03 19:19:47.485  1280  1475 I SDM     : HWCDisplayBuiltIn::GetOptimalRefreshRate: active_refresh_rate_: 60
04-03 19:19:47.486  4457  4457 I GoogleInputMethodService: GoogleInputMethodService.onFinishInput():3227
04-03 19:19:47.487  4457  4457 I GoogleInputMethodService: GoogleInputMethodService.updateDeviceLockedStatus():2087 repeatCheckTimes = 0, unlocked = true
04-03 19:19:47.487  4457  4457 I GoogleInputMethodService: GoogleInputMethodService.onStartInput():1877 onStartInput(EditorInfo{inputType=0x0(NULL) imeOptions=0x0 privateImeOptions=null actionName=UNSPECIFIED actionLabel=null actionId=0 initialSelStart=-1 initialSelEnd=-1 initialCapsMode=0x0 hintText=null label=null packageName=com.plcoding.baselineprofilemacrobenchmark fieldId=-1 fieldName=null extras=null}, false)
04-03 19:19:47.487  4457  4457 I GoogleInputMethodService: GoogleInputMethodService.shouldHideHeaderOnInitialState():4008 ShouldHideHeaderOnInitialState = false
04-03 19:19:47.487  4457  4457 I GoogleInputMethodService: GoogleInputMethodService.updateDeviceLockedStatus():2087 repeatCheckTimes = 2, unlocked = true
04-03 19:19:47.487  1289  1289 I QTI PowerHAL: Power setMode: 5 to: 0
04-03 19:19:47.491 14792 14871 I BtGatt.ScanManager: msg.what = 6
04-03 19:19:47.494  1280  1475 I SDM     : HWCDisplayBuiltIn::GetOptimalRefreshRate: active_refresh_rate_: 60
04-03 19:19:47.501  5679 16532 I MediaProvider: Deleted 0 0 0 0 0 0 1 items on external_primary due to com.e4ekta.benchmark
04-03 19:19:47.510  1280  1475 I SDM     : HWCDisplayBuiltIn::GetOptimalRefreshRate: active_refresh_rate_: 60
04-03 19:19:47.511  4223  4223 D GameMode: onStartedActivityChange: componnent: ComponentInfo{com.motorola.launcher3/com.android.launcher3.CustomizationPanelLauncher} entered launcher screen? false
04-03 19:19:47.519  1280  1475 I SDM     : HWCDisplayBuiltIn::GetOptimalRefreshRate: active_refresh_rate_: 60
04-03 19:19:47.534  1280  1475 I SDM     : HWCDisplayBuiltIn::GetOptimalRefreshRate: active_refresh_rate_: 60
04-03 19:19:47.542  1280  1475 I SDM     : HWCDisplayBuiltIn::GetOptimalRefreshRate: active_refresh_rate_: 60
04-03 19:19:47.551  1280  1475 I SDM     : HWCDisplayBuiltIn::GetOptimalRefreshRate: active_refresh_rate_: 60
04-03 19:19:47.555  6586 13526 I NetworkScheduler.Stats: Task com.google.android.gms/com.google.android.gms.ipa.base.IpaGcmTaskService started execution. cause:9 exec_start_elapsed_seconds: 459745 [CONTEXT service_id=218 ]
04-03 19:19:47.559  1280  1475 I SDM     : HWCDisplayBuiltIn::GetOptimalRefreshRate: active_refresh_rate_: 60
04-03 19:19:47.563  6586 18391 I NetworkScheduler.Stats: Task com.google.android.gms/com.google.android.gms.ipa.base.IpaGcmTaskService finished executing. cause:9 result: 1 elapsed_millis: 24 uptime_millis: 24 exec_start_elapsed_seconds: 459745 [CONTEXT service_id=218 ]
04-03 19:19:47.567  1280  1475 I SDM     : HWCDisplayBuiltIn::GetOptimalRefreshRate: active_refresh_rate_: 60
04-03 19:19:47.576  1280  1475 I SDM     : HWCDisplayBuiltIn::GetOptimalRefreshRate: active_refresh_rate_: 60
04-03 19:19:47.582  1280  1475 I SDM     : HWCDisplayBuiltIn::GetOptimalRefreshRate: active_refresh_rate_: 60
04-03 19:19:47.592  1280  1475 I SDM     : HWCDisplayBuiltIn::GetOptimalRefreshRate: active_refresh_rate_: 60
04-03 19:19:47.600  1280  1475 I SDM     : HWCDisplayBuiltIn::GetOptimalRefreshRate: active_refresh_rate_: 60
04-03 19:19:47.609  1280  1475 I SDM     : HWCDisplayBuiltIn::GetOptimalRefreshRate: active_refresh_rate_: 60
04-03 19:19:47.619  3373  3854 I OpenGLRenderer: Davey! duration=9223088014400ms; Flags=0, FrameTimelineVsyncId=20906894, IntendedVsync=284022440807869, Vsync=284022440807869, InputEventId=0, HandleInputStart=284022441264381, AnimationStart=284022441265422, PerformTraversalsStart=284022441538652, DrawStart=284022441577141, FrameDeadline=284022456474535, FrameInterval=284022441262402, FrameStartTime=8333333, SyncQueued=284022441758964, SyncStart=284022455440840, IssueDrawCommandsStart=284022455492351, SwapBuffers=284022455924851, FrameCompleted=9223372036854775807, DequeueBufferDuration=22917, QueueBufferDuration=448178, GpuCompleted=9223372036854775807, SwapBuffersCompleted=284022456698445, DisplayPresentTime=0,
04-03 19:19:47.625  1280  1475 I SDM     : HWCDisplayBuiltIn::GetOptimalRefreshRate: active_refresh_rate_: 60
04-03 19:19:47.629  3373  3854 I OpenGLRenderer: Davey! duration=9223088014399ms; Flags=0, FrameTimelineVsyncId=20906896, IntendedVsync=284022449140493, Vsync=284022449140493, InputEventId=0, HandleInputStart=284022455831882, AnimationStart=284022455833236, PerformTraversalsStart=284022456154018, DrawStart=284022456238132, FrameDeadline=284022473140492, FrameInterval=284022455828236, FrameStartTime=8333333, SyncQueued=284022456383601, SyncStart=284022462255737, IssueDrawCommandsStart=284022462367247, SwapBuffers=284022462892872, FrameCompleted=9223372036854775807, DequeueBufferDuration=22187, QueueBufferDuration=471406, GpuCompleted=9223372036854775807, SwapBuffersCompleted=284022463568550, DisplayPresentTime=0,
04-03 19:19:47.633  1280  1475 I SDM     : HWCDisplayBuiltIn::GetOptimalRefreshRate: active_refresh_rate_: 60
04-03 19:19:47.642  1280  1475 I SDM     : HWCDisplayBuiltIn::GetOptimalRefreshRate: active_refresh_rate_: 60
04-03 19:19:47.659  1280  1475 I SDM     : HWCDisplayBuiltIn::GetOptimalRefreshRate: active_refresh_rate_: 60
04-03 19:19:47.684  1280  1475 I SDM     : HWCDisplayBuiltIn::GetOptimalRefreshRate: active_refresh_rate_: 60
04-03 19:19:47.724  1280  1475 I SDM     : HWCDisplayBuiltIn::GetOptimalRefreshRate: active_refresh_rate_: 60
04-03 19:19:47.738  1861  1924 W InputManager-JNI: Input channel object '94af274 Splash Screen com.plcoding.baselineprofilemacrobenchmark (client)' was disposed without first being removed with the input manager!
04-03 19:19:47.743  1280  1475 I SDM     : HWCDisplayBuiltIn::GetOptimalRefreshRate: active_refresh_rate_: 60
04-03 19:19:47.744  1289  1289 I QTI PowerHAL: Power setBoost: 0, duration: 0
04-03 19:19:47.751  1280  1475 I SDM     : HWCDisplayBuiltIn::GetOptimalRefreshRate: active_refresh_rate_: 60
04-03 19:19:47.758  1280  1475 I SDM     : HWCDisplayBuiltIn::GetOptimalRefreshRate: active_refresh_rate_: 60
04-03 19:19:47.767  1280  1475 I SDM     : HWCDisplayBuiltIn::GetOptimalRefreshRate: active_refresh_rate_: 60
04-03 19:19:47.775  1280  1475 I SDM     : HWCDisplayBuiltIn::GetOptimalRefreshRate: active_refresh_rate_: 60
04-03 19:19:47.783  1280  1475 I SDM     : HWCDisplayBuiltIn::GetOptimalRefreshRate: active_refresh_rate_: 60
04-03 19:19:47.792  1280  1475 I SDM     : HWCDisplayBuiltIn::GetOptimalRefreshRate: active_refresh_rate_: 60
04-03 19:19:47.801  1280  1475 I SDM     : HWCDisplayBuiltIn::GetOptimalRefreshRate: active_refresh_rate_: 60
04-03 19:19:47.809  1280  1475 I SDM     : HWCDisplayBuiltIn::GetOptimalRefreshRate: active_refresh_rate_: 60
04-03 19:19:47.817  1280  1475 I SDM     : HWCDisplayBuiltIn::GetOptimalRefreshRate: active_refresh_rate_: 60
04-03 19:19:47.825  1280  1475 I SDM     : HWCDisplayBuiltIn::GetOptimalRefreshRate: active_refresh_rate_: 60
04-03 19:19:47.834  1280  1475 I SDM     : HWCDisplayBuiltIn::GetOptimalRefreshRate: active_refresh_rate_: 60
04-03 19:19:47.842  1280  1475 I SDM     : HWCDisplayBuiltIn::GetOptimalRefreshRate: active_refresh_rate_: 60
04-03 19:19:47.851  1280  1475 I SDM     : HWCDisplayBuiltIn::GetOptimalRefreshRate: active_refresh_rate_: 60
04-03 19:19:47.859  1280  1475 I SDM     : HWCDisplayBuiltIn::GetOptimalRefreshRate: active_refresh_rate_: 60
04-03 19:19:47.867  1280  1475 I SDM     : HWCDisplayBuiltIn::GetOptimalRefreshRate: active_refresh_rate_: 60
04-03 19:19:47.875  1280  1475 I SDM     : HWCDisplayBuiltIn::GetOptimalRefreshRate: active_refresh_rate_: 60
04-03 19:19:47.883  1280  1475 I SDM     : HWCDisplayBuiltIn::GetOptimalRefreshRate: active_refresh_rate_: 60
04-03 19:19:47.892  1280  1475 I SDM     : HWCDisplayBuiltIn::GetOptimalRefreshRate: active_refresh_rate_: 60
04-03 19:19:47.897   974 18401 I keystore2: keystore2::watchdog: Watchdog thread idle -> terminating. Have a great day.
04-03 19:19:47.902  1280  1475 I SDM     : HWCDisplayBuiltIn::GetOptimalRefreshRate: active_refresh_rate_: 60
04-03 19:19:47.924  1280  1475 I SDM     : HWCDisplayBuiltIn::GetOptimalRefreshRate: active_refresh_rate_: 60
04-03 19:19:47.991  1690 10352 D LOWI-9.0.0.87: [LOWI-Scan] wait_event:Wait done with Cmd 103
04-03 19:19:47.991  1690 10352 D LOWI-9.0.0.87: [LOWI-Scan] do_listen_events: Rcvd valid Netlink Cmd 0 Err 0
04-03 19:19:47.991  1292  2913 I WifiHAL : event received NL80211_CMD_VENDOR, vendor_id = 0x1374, subcmd = 0xd
04-03 19:19:47.992  1643  1643 I cnss-daemon: nl80211 response handler invoked
04-03 19:19:47.992  1643  1643 I cnss-daemon: nl80211_response_handler: cmd 103, vendorID 4980, subcmd 13  received
04-03 19:19:48.049  1280  1475 I SDM     : HWCDisplayBuiltIn::GetOptimalRefreshRate: active_refresh_rate_: 60
04-03 19:19:48.075  1280  1475 I SDM     : HWCDisplayBuiltIn::GetOptimalRefreshRate: active_refresh_rate_: 60
04-03 19:19:48.599  1280  1475 I SDM     : HWCDisplayBuiltIn::GetOptimalRefreshRate: active_refresh_rate_: 60
04-03 19:19:48.620  1289  1289 I QTI PowerHAL: Power setBoost: 0, duration: 0
04-03 19:19:48.623  1289  1289 I QTI PowerHAL: Power setBoost: 0, duration: 0
04-03 19:19:48.633  1280  1475 I SDM     : HWCDisplayBuiltIn::GetOptimalRefreshRate: active_refresh_rate_: 60
04-03 19:19:48.682  1280  1475 I SDM     : HWCDisplayBuiltIn::GetOptimalRefreshRate: active_refresh_rate_: 60
04-03 19:19:49.100  1704  2010 E QMI_FW  : qmi_cci_put_ref: ref count decreased 1
04-03 19:19:49.102  1704  1857 E QMI_FW  : qmi_cci_put_ref: ref count decreased 1
04-03 19:19:49.142  1289  1289 I QTI PowerHAL: Power setBoost: 0, duration: 0
04-03 19:19:49.144  1289  1289 I QTI PowerHAL: Power setBoost: 0, duration: 0
04-03 19:19:49.278  1289  1289 I QTI PowerHAL: Power setBoost: 0, duration: 0
04-03 19:19:49.278  1289  1289 I QTI PowerHAL: Power setBoost: 0, duration: 0
04-03 19:19:49.411  1289  1289 I QTI PowerHAL: Power setBoost: 0, duration: 0
04-03 19:19:49.412  1289  1289 I QTI PowerHAL: Power setBoost: 0, duration: 0
04-03 19:19:49.488  5982  6140 D CmdCenter: - RowBase2: sPrevModStatus: 1, modStatus: 1
04-03 19:19:49.490  5982  6140 D CmdCenter: - RowBase2: sPrevBatStatus: 2, status: 2
04-03 19:19:49.490  5982  6140 D CmdCenter: - RowBase2: sPrevChargeRate = 3, new = 3
04-03 19:19:49.490  5982  6140 D CmdCenter: - RowBase2: sPrevPlugType: 1 plugType: 1
04-03 19:19:49.491  3397  3397 V DeviceStatisticsService: chargerType=1 batteryLevel=72 totalBatteryCapacity=6002500
04-03 19:19:49.517  1289  1289 I QTI PowerHAL: Power setBoost: 0, duration: 0
04-03 19:19:49.517  1289  1289 I QTI PowerHAL: Power setBoost: 0, duration: 0
04-03 19:19:49.643  1289  1289 I QTI PowerHAL: Power setBoost: 0, duration: 0
04-03 19:19:49.644  1289  1289 I QTI PowerHAL: Power setBoost: 0, duration: 0
04-03 19:19:49.743  1289  1289 I QTI PowerHAL: Power setBoost: 0, duration: 0
04-03 19:19:49.745  1289  1289 I QTI PowerHAL: Power setBoost: 0, duration: 0
04-03 19:19:49.795 15825 15825 I Finsky  : [2] yix.onStartJob(4): SCH: job service start with id 9331.
04-03 19:19:49.826 15825 18361 I Finsky  : [149] yhj.a(66): SCH: Satisfied jobs for 9331 are: 12-1
04-03 19:19:49.830 15825 18758 I Finsky  : [152] yhf.accept(65): SCH: Job 12-1 starting
04-03 19:19:49.832 15825 15825 I Finsky  : [2] ContentSyncJob.v(3): [ContentSync] job started
04-03 19:19:49.851  1289  1289 I QTI PowerHAL: Power setBoost: 0, duration: 0
04-03 19:19:49.853  1289  1289 I QTI PowerHAL: Power setBoost: 0, duration: 0
04-03 19:19:49.975  1289  1289 I QTI PowerHAL: Power setBoost: 0, duration: 0
04-03 19:19:49.979  1289  1289 I QTI PowerHAL: Power setBoost: 0, duration: 0
04-03 19:19:49.994  1690 10352 D LOWI-9.0.0.87: [LOWI-Scan] wait_event:Wait done with Cmd 103
04-03 19:19:49.994  1690 10352 D LOWI-9.0.0.87: [LOWI-Scan] do_listen_events: Rcvd valid Netlink Cmd 0 Err 0
04-03 19:19:49.994  1643  1643 I cnss-daemon: nl80211 response handler invoked
04-03 19:19:49.995  1643  1643 I cnss-daemon: nl80211_response_handler: cmd 103, vendorID 4980, subcmd 13  received
04-03 19:19:49.995  1292  2913 I WifiHAL : event received NL80211_CMD_VENDOR, vendor_id = 0x1374, subcmd = 0xd
04-03 19:19:50.005  6586 31782 E AuthPII : [GoogleAccountDataServiceImpl] getToken() -> BAD_AUTHENTICATION. App: com.android.vending, Service: oauth2:https://www.googleapis.com/auth/googleplay
04-03 19:19:50.005  6586 31782 E AuthPII : zhm: Long live credential not available.
04-03 19:19:50.005  6586 31782 E AuthPII : 	at let.a(:com.google.android.gms@224814044@22.48.14 (190400-493411920):8)
04-03 19:19:50.005  6586 31782 E AuthPII : 	at lez.c(:com.google.android.gms@224814044@22.48.14 (190400-493411920):3)
04-03 19:19:50.005  6586 31782 E AuthPII : 	at ldg.l(:com.google.android.gms@224814044@22.48.14 (190400-493411920):47)
04-03 19:19:50.005  6586 31782 E AuthPII : 	at gmm.n(:com.google.android.gms@224814044@22.48.14 (190400-493411920):35)
04-03 19:19:50.005  6586 31782 E AuthPII : 	at gmm.e(:com.google.android.gms@224814044@22.48.14 (190400-493411920):77)
04-03 19:19:50.005  6586 31782 E AuthPII : 	at gmm.h(:com.google.android.gms@224814044@22.48.14 (190400-493411920):0)
04-03 19:19:50.005  6586 31782 E AuthPII : 	at lbp.getAuthToken(:com.google.android.gms@224814044@22.48.14 (190400-493411920):49)
04-03 19:19:50.005  6586 31782 E AuthPII : 	at android.accounts.AbstractAccountAuthenticator$Transport.getAuthToken(AbstractAccountAuthenticator.java:245)
04-03 19:19:50.005  6586 31782 E AuthPII : 	at android.accounts.IAccountAuthenticator$Stub.onTransact(IAccountAuthenticator.java:284)
04-03 19:19:50.005  6586 31782 E AuthPII : 	at android.os.Binder.transact(Binder.java:1072)
04-03 19:19:50.005  6586 31782 E AuthPII : 	at arch.onTransact(:com.google.android.gms@224814044@22.48.14 (190400-493411920):1)
04-03 19:19:50.005  6586 31782 E AuthPII : 	at android.os.Binder.transact(Binder.java:1072)
04-03 19:19:50.005  6586 31782 E AuthPII : 	at alib.onTransact(:com.google.android.gms@224814044@22.48.14 (190400-493411920):17)
04-03 19:19:50.005  6586 31782 E AuthPII : 	at android.os.Binder.execTransactInternal(Binder.java:1197)
04-03 19:19:50.005  6586 31782 E AuthPII : 	at android.os.Binder.execTransact(Binder.java:1151)
04-03 19:19:50.005  6586 31782 E AuthPII : Message is Long live credential not available.
04-03 19:19:50.005  6586 31782 E AuthPII : zhm: Long live credential not available.
04-03 19:19:50.005  6586 31782 E AuthPII : 	at let.a(:com.google.android.gms@224814044@22.48.14 (190400-493411920):8)
04-03 19:19:50.005  6586 31782 E AuthPII : 	at lez.c(:com.google.android.gms@224814044@22.48.14 (190400-493411920):3)
04-03 19:19:50.005  6586 31782 E AuthPII : 	at ldg.l(:com.google.android.gms@224814044@22.48.14 (190400-493411920):47)
04-03 19:19:50.005  6586 31782 E AuthPII : 	at gmm.n(:com.google.android.gms@224814044@22.48.14 (190400-493411920):35)
04-03 19:19:50.005  6586 31782 E AuthPII : 	at gmm.e(:com.google.android.gms@224814044@22.48.14 (190400-493411920):77)
04-03 19:19:50.005  6586 31782 E AuthPII : 	at gmm.h(:com.google.android.gms@224814044@22.48.14 (190400-493411920):0)
04-03 19:19:50.005  6586 31782 E AuthPII : 	at lbp.getAuthToken(:com.google.android.gms@224814044@22.48.14 (190400-493411920):49)
04-03 19:19:50.005  6586 31782 E AuthPII : 	at android.accounts.AbstractAccountAuthenticator$Transport.getAuthToken(AbstractAccountAuthenticator.java:245)
04-03 19:19:50.005  6586 31782 E AuthPII : 	at android.accounts.IAccountAuthenticator$Stub.onTransact(IAccountAuthenticator.java:284)
04-03 19:19:50.005  6586 31782 E AuthPII : 	at android.os.Binder.transact(Binder.java:1072)
04-03 19:19:50.005  6586 31782 E AuthPII : 	at arch.onTransact(:com.google.android.gms@224814044@22.48.14 (190400-493411920):1)
04-03 19:19:50.005  6586 31782 E AuthPII : 	at android.os.Binder.transact(Binder.java:1072)
04-03 19:19:50.005  6586 31782 E AuthPII : 	at alib.onTransact(:com.google.android.gms@224814044@22.48.14 (190400-493411920):17)
04-03 19:19:50.005  6586 31782 E AuthPII : 	at android.os.Binder.execTransactInternal(Binder.java:1197)
04-03 19:19:50.005  6586 31782 E AuthPII : 	at android.os.Binder.execTransact(Binder.java:1151)
04-03 19:19:50.006  6586 31782 W Auth    : [GetToken] GetToken failed with status code: BadAuthentication
04-03 19:19:50.032  6586 31782 W GLSActivity: com.google.android.gms.auth.UserRecoverableAuthException: BadAuthentication
04-03 19:19:50.032  6586 31782 W GLSActivity: 	at lbp.getAuthToken(:com.google.android.gms@224814044@22.48.14 (190400-493411920):56)
04-03 19:19:50.032  6586 31782 W GLSActivity: 	at android.accounts.AbstractAccountAuthenticator$Transport.getAuthToken(AbstractAccountAuthenticator.java:245)
04-03 19:19:50.032  6586 31782 W GLSActivity: 	at android.accounts.IAccountAuthenticator$Stub.onTransact(IAccountAuthenticator.java:284)
04-03 19:19:50.032  6586 31782 W GLSActivity: 	at android.os.Binder.transact(Binder.java:1072)
04-03 19:19:50.032  6586 31782 W GLSActivity: 	at arch.onTransact(:com.google.android.gms@224814044@22.48.14 (190400-493411920):1)
04-03 19:19:50.032  6586 31782 W GLSActivity: 	at android.os.Binder.transact(Binder.java:1072)
04-03 19:19:50.032  6586 31782 W GLSActivity: 	at alib.onTransact(:com.google.android.gms@224814044@22.48.14 (190400-493411920):17)
04-03 19:19:50.032  6586 31782 W GLSActivity: 	at android.os.Binder.execTransactInternal(Binder.java:1197)
04-03 19:19:50.032  6586 31782 W GLSActivity: 	at android.os.Binder.execTransact(Binder.java:1151)
04-03 19:19:50.043 15825 15825 I Finsky  : [2] joq.h(1): Completed 1 account content syncs with 0 successful.
04-03 19:19:50.043  1704  1992 E QMI_FW  : qmi_cci_put_ref: ref count decreased 1
04-03 19:19:50.044  1704  1992 E QMI_FW  : qmi_cci_put_ref: ref count decreased 1
04-03 19:19:50.044  1704  1992 E QMI_FW  : qmi_cci_put_ref: ref count decreased 1
04-03 19:19:50.050 15825 15825 I Finsky  : [2] ContentSyncJob.a(3): [ContentSync] Installation state replication failed, hasParameters=true.
04-03 19:19:50.050 15825 15825 I Finsky  : [2] ContentSyncJob.a(8): [ContentSync] Scheduling replication attempt 1.
04-03 19:19:50.054 15825 15825 I Finsky  : [2] yhk.r(4): SCH: jobFinished: 12-1. TimeElapsed: 222ms.
04-03 19:19:50.067 15825 15864 I Finsky  : [57] xtn.accept(53): SCH: Scheduling phonesky job Id: 1-1337, CT: 1680497293929, Constraints: [{ L: 43043387, D: 86243387, C: 1, I: 1, N: 1 }]
04-03 19:19:50.067 15825 15864 I Finsky  : [57] xtn.accept(53): SCH: Scheduling phonesky job Id: 34-875, CT: 1680505482143, Constraints: [{ L: 79199643, D: 1375199643, C: 1, I: 1, N: 1 }]
04-03 19:19:50.073 15825 15870 I Finsky  : [61] xtm.apply(48): SCH: Scheduling 1 system job(s)
04-03 19:19:50.074 15825 15870 I Finsky  : [61] yhi.d(4): SCH: Scheduling system job Id: 9334, L: 10547243, D: 53747243, C: false, I: false, N: 1
04-03 19:19:50.080 15825 18758 I Finsky  : [152] yix.a(16): SCH: job service finished with id 9331.
04-03 19:19:50.094 15825 15857 I Finsky  : [50] xtn.accept(53): SCH: Scheduling phonesky job Id: 12-1, CT: 1680529790057, Constraints: [{ L: 40000, D: 86400000, C: 1, I: 1, N: 1 }]
04-03 19:19:50.099 15825 15870 I Finsky  : [61] xtm.apply(48): SCH: Scheduling 1 system job(s)
04-03 19:19:50.100 15825 15870 I Finsky  : [61] yhi.d(4): SCH: Scheduling system job Id: 9334, L: 39958, D: 53747217, C: false, I: false, N: 1
04-03 19:19:50.101  1289  1289 I QTI PowerHAL: Power setBoost: 0, duration: 0
04-03 19:19:50.102  1289  1289 I QTI PowerHAL: Power setBoost: 0, duration: 0
04-03 19:19:50.196  1289  1289 I QTI PowerHAL: Power setBoost: 0, duration: 0
04-03 19:19:50.197  1289  1289 I QTI PowerHAL: Power setBoost: 0, duration: 0
04-03 19:19:50.229  1289  1289 I QTI PowerHAL: Power setBoost: 0, duration: 2455
04-03 19:19:50.412 18706 18721 I OpenGLRenderer: Davey! duration=9223088011647ms; Flags=0, FrameTimelineVsyncId=20907512, IntendedVsync=284025207527410, Vsync=284025207527410, InputEventId=0, HandleInputStart=284025208104604, AnimationStart=284025208106844, PerformTraversalsStart=284025208107781, DrawStart=284025208184656, FrameDeadline=284025223194076, FrameInterval=284025208099031, FrameStartTime=8333333, SyncQueued=284025209064500, SyncStart=284025209145646, IssueDrawCommandsStart=284025209390386, SwapBuffers=284025246100233, FrameCompleted=9223372036854775807, DequeueBufferDuration=37447, QueueBufferDuration=1537344, GpuCompleted=9223372036854775807, SwapBuffersCompleted=284025248401692, DisplayPresentTime=0,
04-03 19:19:50.419 18706 18721 I OpenGLRenderer: Davey! duration=9223088011607ms; Flags=0, FrameTimelineVsyncId=20907514, IntendedVsync=284025215833601, Vsync=284025215833601, InputEventId=0, HandleInputStart=284025216715751, AnimationStart=284025216717261, PerformTraversalsStart=284025216718199, DrawStart=284025216792313, FrameDeadline=284025239833600, FrameInterval=284025216712053, FrameStartTime=8333333, SyncQueued=284025217416116, SyncStart=284025248507681, IssueDrawCommandsStart=284025248627681, SwapBuffers=284025249689296, FrameCompleted=9223372036854775807, DequeueBufferDuration=23958, QueueBufferDuration=4459271, GpuCompleted=9223372036854775807, SwapBuffersCompleted=284025254803567, DisplayPresentTime=0,
04-03 19:19:50.427 18706 18721 I OpenGLRenderer: Davey! duration=9223088011625ms; Flags=0, FrameTimelineVsyncId=20907515, IntendedVsync=284025224166349, Vsync=284025249166348, InputEventId=0, HandleInputStart=284025249584921, AnimationStart=284025249586327, PerformTraversalsStart=284025249587108, DrawStart=284025249646588, FrameDeadline=284025248166348, FrameInterval=284025249580442, FrameStartTime=8333333, SyncQueued=284025250194348, SyncStart=284025255022473, IssueDrawCommandsStart=284025255205807, SwapBuffers=284025256187942, FrameCompleted=9223372036854775807, DequeueBufferDuration=31563, QueueBufferDuration=4910000, GpuCompleted=9223372036854775807, SwapBuffersCompleted=284025261529870, DisplayPresentTime=0,
04-03 19:19:50.435 18706 18721 I OpenGLRenderer: Davey! duration=9223088011594ms; Flags=0, FrameTimelineVsyncId=20907521, IntendedVsync=284025257521250, Vsync=284025257521250, InputEventId=0, HandleInputStart=284025258252265, AnimationStart=284025258253255, PerformTraversalsStart=284025258253932, DrawStart=284025258357526, FrameDeadline=284025281521249, FrameInterval=284025258249036, FrameStartTime=8333333, SyncQueued=284025258798620, SyncStart=284025261841485, IssueDrawCommandsStart=284025261978099, SwapBuffers=284025262979974, FrameCompleted=9223372036854775807, DequeueBufferDuration=28073, QueueBufferDuration=4892865, GpuCompleted=9223372036854775807, SwapBuffersCompleted=284025268313048, DisplayPresentTime=0,
04-03 19:19:50.444 18706 18721 I OpenGLRenderer: Davey! duration=9223088011587ms; Flags=0, FrameTimelineVsyncId=20907523, IntendedVsync=284025265826093, Vsync=284025265826093, InputEventId=0, HandleInputStart=284025266544506, AnimationStart=284025266545495, PerformTraversalsStart=284025266546120, DrawStart=284025266603673, FrameDeadline=284025289826092, FrameInterval=284025266541589, FrameStartTime=8333333, SyncQueued=284025267038621, SyncStart=284025268487944, IssueDrawCommandsStart=284025268582944, SwapBuffers=284025269400704, FrameCompleted=9223372036854775807, DequeueBufferDuration=23750, QueueBufferDuration=5891042, GpuCompleted=9223372036854775807, SwapBuffersCompleted=284025275805184, DisplayPresentTime=0,
04-03 19:19:50.714  5982  6140 D CmdCenter: - RowBase2: sPrevModStatus: 1, modStatus: 1
04-03 19:19:50.714  5982  6140 D CmdCenter: - RowBase2: sPrevBatStatus: 2, status: 2
04-03 19:19:50.714  5982  6140 D CmdCenter: - RowBase2: sPrevChargeRate = 3, new = 3
04-03 19:19:50.714  5982  6140 D CmdCenter: - RowBase2: sPrevPlugType: 1 plugType: 1
04-03 19:19:50.720  3397  3397 V DeviceStatisticsService: chargerType=1 batteryLevel=72 totalBatteryCapacity=6002500
04-03 19:19:50.738  3397  3397 V DeviceStatisticsService: chargerType=1 batteryLevel=72 totalBatteryCapacity=6002500
04-03 19:19:50.740  5982  6140 D CmdCenter: - RowBase2: sPrevModStatus: 1, modStatus: 1
04-03 19:19:50.740  5982  6140 D CmdCenter: - RowBase2: sPrevBatStatus: 2, status: 2
04-03 19:19:50.740  5982  6140 D CmdCenter: - RowBase2: sPrevChargeRate = 3, new = 3
04-03 19:19:50.740  5982  6140 D CmdCenter: - RowBase2: sPrevPlugType: 1 plugType: 1
04-03 19:19:51.371  1756  2125 E QMI_FW  : qmi_cci_put_ref: ref count decreased 1
04-03 19:19:51.373  1756  1856 E QMI_FW  : qmi_cci_put_ref: ref count decreased 1
04-03 19:19:51.870  5982  6140 D CmdCenter: - RowBase2: sPrevModStatus: 1, modStatus: 1
04-03 19:19:51.870  5982  6140 D CmdCenter: - RowBase2: sPrevBatStatus: 2, status: 2
04-03 19:19:51.870  5982  6140 D CmdCenter: - RowBase2: sPrevChargeRate = 3, new = 3
04-03 19:19:51.870  5982  6140 D CmdCenter: - RowBase2: sPrevPlugType: 1 plugType: 1
04-03 19:19:51.871  3397  3397 V DeviceStatisticsService: chargerType=1 batteryLevel=72 totalBatteryCapacity=6002500
04-03 19:19:51.991  1292  2913 I WifiHAL : event received NL80211_CMD_VENDOR, vendor_id = 0x1374, subcmd = 0xd
04-03 19:19:51.991  1690 10352 D LOWI-9.0.0.87: [LOWI-Scan] wait_event:Wait done with Cmd 103
04-03 19:19:51.991  1690 10352 D LOWI-9.0.0.87: [LOWI-Scan] do_listen_events: Rcvd valid Netlink Cmd 0 Err 0
04-03 19:19:51.991  1643  1643 I cnss-daemon: nl80211 response handler invoked
04-03 19:19:51.991  1643  1643 I cnss-daemon: nl80211_response_handler: cmd 103, vendorID 4980, subcmd 13  received
04-03 19:19:53.062 18706 18766 D ProfileInstaller: Skipping profile installation for com.plcoding.baselineprofilemacrobenchmark
04-03 19:19:53.353  5982  6140 D CmdCenter: - RowBase2: sPrevModStatus: 1, modStatus: 1
04-03 19:19:53.353  5982  6140 D CmdCenter: - RowBase2: sPrevBatStatus: 2, status: 2
04-03 19:19:53.354  5982  6140 D CmdCenter: - RowBase2: sPrevChargeRate = 3, new = 3
04-03 19:19:53.354  5982  6140 D CmdCenter: - RowBase2: sPrevPlugType: 1 plugType: 1
04-03 19:19:53.357  3397  3397 V DeviceStatisticsService: chargerType=1 batteryLevel=72 totalBatteryCapacity=6002500
04-03 19:19:53.711  1704  2010 E QMI_FW  : qmi_cci_put_ref: ref count decreased 1
04-03 19:19:53.712  1756  2125 E QMI_FW  : qmi_cci_put_ref: ref count decreased 1
04-03 19:19:53.720  1756  1856 E QMI_FW  : qmi_cci_put_ref: ref count decreased 1
04-03 19:19:53.720  1704  1857 E QMI_FW  : qmi_cci_put_ref: ref count decreased 1
04-03 19:19:54.002  1690 10352 D LOWI-9.0.0.87: [LOWI-Scan] wait_event:Wait done with Cmd 103
04-03 19:19:54.002  1690 10352 D LOWI-9.0.0.87: [LOWI-Scan] do_listen_events: Rcvd valid Netlink Cmd 0 Err 0
04-03 19:19:54.003  1643  1643 I cnss-daemon: nl80211 response handler invoked
04-03 19:19:54.003  1643  1643 I cnss-daemon: nl80211_response_handler: cmd 103, vendorID 4980, subcmd 13  received
04-03 19:19:54.007  1292  2913 I WifiHAL : event received NL80211_CMD_VENDOR, vendor_id = 0x1374, subcmd = 0xd
04-03 19:19:55.778  1704  2010 E QMI_FW  : qmi_cci_put_ref: ref count decreased 1
04-03 19:19:55.780  1704  1857 E QMI_FW  : qmi_cci_put_ref: ref count decreased 1
04-03 19:19:55.782  1280  1475 I SDM     : HWCDisplayBuiltIn::GetOptimalRefreshRate: active_refresh_rate_: 60
04-03 19:19:55.785  1289  1289 I QTI PowerHAL: Power setBoost: 0, duration: 0
04-03 19:19:55.790  1289  1289 I QTI PowerHAL: Power setBoost: 0, duration: 0
04-03 19:19:55.908  1280  1475 I SDM     : HWCDisplayBuiltIn::GetOptimalRefreshRate: active_refresh_rate_: 60
04-03 19:19:55.919 18706 18721 I OpenGLRenderer: Davey! duration=9223088006217ms; Flags=0, FrameTimelineVsyncId=20908207, IntendedVsync=284030637323648, Vsync=284030637323648, InputEventId=-542497845, HandleInputStart=284030644357750, AnimationStart=284030644360615, PerformTraversalsStart=284030669793221, DrawStart=284030669932284, FrameDeadline=284030661323647, FrameInterval=284030644353271, FrameStartTime=8333333, SyncQueued=284030676633118, SyncStart=284030676767545, IssueDrawCommandsStart=284030677155409, SwapBuffers=284030742713333, FrameCompleted=9223372036854775807, DequeueBufferDuration=75104, QueueBufferDuration=1502292, GpuCompleted=9223372036854775807, SwapBuffersCompleted=284030744544374, DisplayPresentTime=0,
04-03 19:19:55.921 18706 18721 I OpenGLRenderer: Davey! duration=9223088006143ms; Flags=0, FrameTimelineVsyncId=20908210, IntendedVsync=284030653978798, Vsync=284030678978797, InputEventId=0, HandleInputStart=284030683508639, AnimationStart=284030683510306, PerformTraversalsStart=284030686086556, DrawStart=284030686162754, FrameDeadline=284030677978797, FrameInterval=284030683505671, FrameStartTime=8333333, SyncQueued=284030687118119, SyncStart=284030744666197, IssueDrawCommandsStart=284030744765520, SwapBuffers=284030745494010, FrameCompleted=9223372036854775807, DequeueBufferDuration=18489, QueueBufferDuration=7343699, GpuCompleted=9223372036854775807, SwapBuffersCompleted=284030753214636, DisplayPresentTime=0,
04-03 19:19:55.944 18706 18721 I OpenGLRenderer: Davey! duration=9223088006156ms; Flags=0, FrameTimelineVsyncId=20908215, IntendedVsync=284030690817912, Vsync=284030740817910, InputEventId=0, HandleInputStart=284030745468333, AnimationStart=284030745469427, PerformTraversalsStart=284030745913333, DrawStart=284030745957031, FrameDeadline=284030714817911, FrameInterval=284030745465520, FrameStartTime=8333333, SyncQueued=284030746142187, SyncStart=284030753558021, IssueDrawCommandsStart=284030753796250, SwapBuffers=284030778010107, FrameCompleted=9223372036854775807, DequeueBufferDuration=60469, QueueBufferDuration=773646, GpuCompleted=9223372036854775807, SwapBuffersCompleted=284030779561878, DisplayPresentTime=0,
04-03 19:19:55.950  1756  2125 E QMI_FW  : qmi_cci_put_ref: ref count decreased 1
04-03 19:19:55.951  1756  1856 E QMI_FW  : qmi_cci_put_ref: ref count decreased 1
04-03 19:19:55.961 18706 18721 I OpenGLRenderer: Davey! duration=9223088006083ms; Flags=0, FrameTimelineVsyncId=20908223, IntendedVsync=284030749150431, Vsync=284030749150431, InputEventId=0, HandleInputStart=284030755758021, AnimationStart=284030755759324, PerformTraversalsStart=284030756589272, DrawStart=284030756671094, FrameDeadline=284030773150430, FrameInterval=284030755753021, FrameStartTime=8333333, SyncQueued=284030757145261, SyncStart=284030779728857, IssueDrawCommandsStart=284030779820732, SwapBuffers=284030780698128, FrameCompleted=9223372036854775807, DequeueBufferDuration=21250, QueueBufferDuration=8842658, GpuCompleted=9223372036854775807, SwapBuffersCompleted=284030790019692, DisplayPresentTime=0,
04-03 19:19:55.968 18706 18721 I OpenGLRenderer: Davey! duration=9223088006088ms; Flags=0, FrameTimelineVsyncId=20908225, IntendedVsync=284030757472243, Vsync=284030774138909, InputEventId=0, HandleInputStart=284030780579170, AnimationStart=284030780580211, PerformTraversalsStart=284030781041566, DrawStart=284030781094795, FrameDeadline=284030781472242, FrameInterval=284030780576409, FrameStartTime=8333333, SyncQueued=284030781297972, SyncStart=284030790190108, IssueDrawCommandsStart=284030790263285, SwapBuffers=284030791047504, FrameCompleted=9223372036854775807, DequeueBufferDuration=21041, QueueBufferDuration=8951303, GpuCompleted=9223372036854775807, SwapBuffersCompleted=284030800323807, DisplayPresentTime=0,
04-03 19:19:55.977 18706 18721 I OpenGLRenderer: Davey! duration=9223088006063ms; Flags=0, FrameTimelineVsyncId=20908229, IntendedVsync=284030782467628, Vsync=284030790800961, InputEventId=0, HandleInputStart=284030790963442, AnimationStart=284030790964483, PerformTraversalsStart=284030791430785, DrawStart=284030791473963, FrameDeadline=284030806467627, FrameInterval=284030790959119, FrameStartTime=8333333, SyncQueued=284030791809431, SyncStart=284030800487765, IssueDrawCommandsStart=284030800577088, SwapBuffers=284030801316984, FrameCompleted=9223372036854775807, DequeueBufferDuration=17292, QueueBufferDuration=7801407, GpuCompleted=9223372036854775807, SwapBuffersCompleted=284030809428027, DisplayPresentTime=0,
04-03 19:19:55.985 18706 18721 I OpenGLRenderer: Davey! duration=9223088006048ms; Flags=0, FrameTimelineVsyncId=20908233, IntendedVsync=284030799102813, Vsync=284030799102813, InputEventId=0, HandleInputStart=284030801273130, AnimationStart=284030801273859, PerformTraversalsStart=284030801729380, DrawStart=284030801774745, FrameDeadline=284030823102812, FrameInterval=284030801270630, FrameStartTime=8333333, SyncQueued=284030801955057, SyncStart=284030809562037, IssueDrawCommandsStart=284030809669902, SwapBuffers=284030810730683, FrameCompleted=9223372036854775807, DequeueBufferDuration=15833, QueueBufferDuration=7783959, GpuCompleted=9223372036854775807, SwapBuffersCompleted=284030818870007, DisplayPresentTime=0,
04-03 19:19:55.994 18706 18721 I OpenGLRenderer: Davey! duration=9223088006038ms; Flags=0, FrameTimelineVsyncId=20908235, IntendedVsync=284030807440000, Vsync=284030807440000, InputEventId=0, HandleInputStart=284030810327662, AnimationStart=284030810328600, PerformTraversalsStart=284030810863131, DrawStart=284030810904329, FrameDeadline=284030831439999, FrameInterval=284030810325423, FrameStartTime=8333333, SyncQueued=284030811066569, SyncStart=284030819568861, IssueDrawCommandsStart=284030819669122, SwapBuffers=284030820623913, FrameCompleted=9223372036854775807, DequeueBufferDuration=27500, QueueBufferDuration=7845730, GpuCompleted=9223372036854775807, SwapBuffersCompleted=284030828896206, DisplayPresentTime=0,
04-03 19:19:56.002 18706 18721 I OpenGLRenderer: Davey! duration=9223088006031ms; Flags=0, FrameTimelineVsyncId=20908237, IntendedVsync=284030815773333, Vsync=284030815773333, InputEventId=0, HandleInputStart=284030820410736, AnimationStart=284030820411882, PerformTraversalsStart=284030820886882, DrawStart=284030820933653, FrameDeadline=284030839773332, FrameInterval=284030820408080, FrameStartTime=8333333, SyncQueued=284030821124382, SyncStart=284030829097873, IssueDrawCommandsStart=284030829189487, SwapBuffers=284030830125685, FrameCompleted=9223372036854775807, DequeueBufferDuration=27239, QueueBufferDuration=7525418, GpuCompleted=9223372036854775807, SwapBuffersCompleted=284030838070894, DisplayPresentTime=0,
04-03 19:19:56.004  1690 10352 D LOWI-9.0.0.87: [LOWI-Scan] wait_event:Wait done with Cmd 103
04-03 19:19:56.004  1690 10352 D LOWI-9.0.0.87: [LOWI-Scan] do_listen_events: Rcvd valid Netlink Cmd 0 Err 0
04-03 19:19:56.004  1292  2913 I WifiHAL : event received NL80211_CMD_VENDOR, vendor_id = 0x1374, subcmd = 0xd
04-03 19:19:56.005  1643  1643 I cnss-daemon: nl80211 response handler invoked
04-03 19:19:56.005  1643  1643 I cnss-daemon: nl80211_response_handler: cmd 103, vendorID 4980, subcmd 13  received
04-03 19:19:56.027 18706 18721 I OpenGLRenderer: Davey! duration=9223088006014ms; Flags=0, FrameTimelineVsyncId=20908241, IntendedVsync=284030832439999, Vsync=284030832439999, InputEventId=0, HandleInputStart=284030839165842, AnimationStart=284030839167196, PerformTraversalsStart=284030839699228, DrawStart=284030839752978, FrameDeadline=284030856439998, FrameInterval=284030839162978, FrameStartTime=8333333, SyncQueued=284030839963186, SyncStart=284030847802979, IssueDrawCommandsStart=284030847960270, SwapBuffers=284030849272145, FrameCompleted=9223372036854775807, DequeueBufferDuration=32604, QueueBufferDuration=8143282, GpuCompleted=9223372036854775807, SwapBuffersCompleted=284030857891990, DisplayPresentTime=0,
04-03 19:19:56.036 18706 18721 I OpenGLRenderer: Davey! duration=9223088006005ms; Flags=0, FrameTimelineVsyncId=20908243, IntendedVsync=284030840773332, Vsync=284030840773332, InputEventId=0, HandleInputStart=284030848959697, AnimationStart=284030848961312, PerformTraversalsStart=284030849658604, DrawStart=284030849716677, FrameDeadline=284030864773331, FrameInterval=284030848956260, FrameStartTime=8333333, SyncQueued=284030849951729, SyncStart=284030858117042, IssueDrawCommandsStart=284030858310011, SwapBuffers=284030859390948, FrameCompleted=9223372036854775807, DequeueBufferDuration=29792, QueueBufferDuration=7275000, GpuCompleted=9223372036854775807, SwapBuffersCompleted=284030867239335, DisplayPresentTime=0,
04-03 19:19:56.044 18706 18721 I OpenGLRenderer: Davey! duration=9223088005989ms; Flags=0, FrameTimelineVsyncId=20908247, IntendedVsync=284030857372067, Vsync=284030857372067, InputEventId=0, HandleInputStart=284030859131886, AnimationStart=284030859133188, PerformTraversalsStart=284030859703448, DrawStart=284030859762251, FrameDeadline=284030881372066, FrameInterval=284030859128761, FrameStartTime=8333333, SyncQueued=284030859992980, SyncStart=284030867569387, IssueDrawCommandsStart=284030867898762, SwapBuffers=284030870358866, FrameCompleted=9223372036854775807, DequeueBufferDuration=62135, QueueBufferDuration=5635417, GpuCompleted=9223372036854775807, SwapBuffersCompleted=284030876923554, DisplayPresentTime=0,
04-03 19:19:56.052 18706 18721 I OpenGLRenderer: Davey! duration=9223088005982ms; Flags=0, FrameTimelineVsyncId=20908249, IntendedVsync=284030865697667, Vsync=284030865697667, InputEventId=0, HandleInputStart=284030869001626, AnimationStart=284030869003710, PerformTraversalsStart=284030869975272, DrawStart=284030870139127, FrameDeadline=284030889697666, FrameInterval=284030868996470, FrameStartTime=8333333, SyncQueued=284030870664960, SyncStart=284030877181054, IssueDrawCommandsStart=284030877477669, SwapBuffers=284030879994961, FrameCompleted=9223372036854775807, DequeueBufferDuration=60000, QueueBufferDuration=5929480, GpuCompleted=9223372036854775807, SwapBuffersCompleted=284030886848607, DisplayPresentTime=0,
04-03 19:19:56.060 18706 18771 I OpenGLRenderer: Davey! duration=9223088005972ms; Flags=0, FrameTimelineVsyncId=20908253, IntendedVsync=284030882415764, Vsync=284030882415764, InputEventId=0, HandleInputStart=284030888464285, AnimationStart=284030888466212, PerformTraversalsStart=284030889488972, DrawStart=284030889588191, FrameDeadline=284030906415763, FrameInterval=284030888459337, FrameStartTime=8333333, SyncQueued=284030889629806, SyncStart=284030889735795, IssueDrawCommandsStart=284030889997983, SwapBuffers=284030892605379, FrameCompleted=9223372036854775807, DequeueBufferDuration=68855, QueueBufferDuration=1202032, GpuCompleted=9223372036854775807, SwapBuffersCompleted=284030894753973, DisplayPresentTime=0,
04-03 19:19:57.063 18485 18506 I PerfettoCapture: Stopping perfetto.
04-03 19:19:57.092 18673 18673 I perfetto: perfetto_cmd.cc:951     SIGINT/SIGTERM received: disabling tracing.
04-03 19:19:57.095 18485 18506 D Benchmark: kill -TERM command output -
04-03 19:19:57.097  1523  1523 I perfetto: probes_producer.cc:340  Producer stop (id=25)
04-03 19:19:57.098  1523  1523 I perfetto: ftrace_procfs.cc:213    disabled ftrace in /sys/kernel/tracing/
04-03 19:19:57.133 18778 18778 D hw-ProcessState: Binder ioctl to enable oneway spam detection failed: Invalid argument
04-03 19:19:57.143  1523  1523 I perfetto: probes_producer.cc:340  Producer stop (id=26)
04-03 19:19:57.143  1523  1523 I perfetto: probes_producer.cc:340  Producer stop (id=27)
04-03 19:19:57.382 18673 18673 I perfetto: perfetto_cmd.cc:913     Trace written into the output file
04-03 19:19:57.393  1527  1527 I perfetto: ng_service_impl.cc:2293 Tracing session 7 ended, total sessions:0
04-03 19:19:57.652  5982  6140 D CmdCenter: - RowBase2: sPrevModStatus: 1, modStatus: 1
04-03 19:19:57.653  5982  6140 D CmdCenter: - RowBase2: sPrevBatStatus: 2, status: 2
04-03 19:19:57.653  5982  6140 D CmdCenter: - RowBase2: sPrevChargeRate = 3, new = 3
04-03 19:19:57.653  3397  3397 V DeviceStatisticsService: chargerType=1 batteryLevel=72 totalBatteryCapacity=6002500
04-03 19:19:57.653  5982  6140 D CmdCenter: - RowBase2: sPrevPlugType: 1 plugType: 1
04-03 19:19:57.659 18485 18506 D Benchmark: Waiting 500 ms for [ProcessPid(processName=perfetto, pid=18673)] to die
04-03 19:19:57.727 18485 18506 I PerfettoCapture: Writing to /storage/emulated/0/Android/media/com.e4ekta.benchmark/ExampleStartupBenchmark_scrollAndNavigate_iter000_2023-04-03-13-49-57.perfetto-trace.
04-03 19:19:57.799  5679  8249 W MediaProvider: isAppCloneUserPair failed. Users: 0 and 0
04-03 19:19:57.799  5679  8249 W MediaProvider: isAppCloneUserPair for user 0: false
04-03 19:19:57.860  6586 13526 I NetworkScheduler.Stats: Task com.google.android.gms/com.google.android.gms.ipa.base.IpaGcmTaskService started execution. cause:9 exec_start_elapsed_seconds: 459755 [CONTEXT service_id=218 ]
04-03 19:19:57.871  6586 17430 I NetworkScheduler.Stats: Task com.google.android.gms/com.google.android.gms.ipa.base.IpaGcmTaskService finished executing. cause:9 result: 1 elapsed_millis: 34 uptime_millis: 34 exec_start_elapsed_seconds: 459755 [CONTEXT service_id=218 ]
04-03 19:19:58.008  1690 10352 D LOWI-9.0.0.87: [LOWI-Scan] wait_event:Wait done with Cmd 103
04-03 19:19:58.008  1690 10352 D LOWI-9.0.0.87: [LOWI-Scan] do_listen_events: Rcvd valid Netlink Cmd 0 Err 0
04-03 19:19:58.009  1292  2913 I WifiHAL : event received NL80211_CMD_VENDOR, vendor_id = 0x1374, subcmd = 0xd
04-03 19:19:58.009  1643  1643 I cnss-daemon: nl80211 response handler invoked
04-03 19:19:58.009  1643  1643 I cnss-daemon: nl80211_response_handler: cmd 103, vendorID 4980, subcmd 13  received
04-03 19:19:58.493 18485 18506 D Benchmark: Copying /storage/emulated/0/Android/media/com.e4ekta.benchmark/ExampleStartupBenchmark_scrollAndNavigate_iter000_2023-04-03-13-49-57.perfetto-trace to /sdcard/Android/media/com.e4ekta.benchmark/additional_test_output/ExampleStartupBenchmark_scrollAndNavigate_iter000_2023-04-03-13-49-57.perfetto-trace
04-03 19:19:58.527  5679 17916 W MediaProvider: isAppCloneUserPair failed. Users: 0 and 0
04-03 19:19:58.527  5679 17916 W MediaProvider: isAppCloneUserPair for user 0: false
04-03 19:19:58.620  6586 18785 I NetworkScheduler.Stats: Task com.google.android.gms/com.google.android.gms.ipa.base.IpaGcmTaskService started execution. cause:9 exec_start_elapsed_seconds: 459756 [CONTEXT service_id=218 ]
04-03 19:19:58.628  6586 13526 I NetworkScheduler.Stats: Task com.google.android.gms/com.google.android.gms.ipa.base.IpaGcmTaskService finished executing. cause:9 result: 1 elapsed_millis: 42 uptime_millis: 42 exec_start_elapsed_seconds: 459756 [CONTEXT service_id=218 ]
04-03 19:19:58.665  5679 18796 W MediaProvider: isAppCloneUserPair failed. Users: 0 and 0
04-03 19:19:58.665  5679 18796 W MediaProvider: isAppCloneUserPair for user 0: false
04-03 19:19:58.672 18485 18506 D PerfettoCapture: Supported ABIs: arm64-v8a, armeabi-v7a, armeabi
04-03 19:19:58.680  5679 16532 W MediaProvider: isAppCloneUserPair failed. Users: 0 and 0
04-03 19:19:58.680  5679 16532 W MediaProvider: isAppCloneUserPair for user 0: false
04-03 19:19:58.713  6586 17430 I NetworkScheduler.Stats: Task com.google.android.gms/com.google.android.gms.ipa.base.IpaGcmTaskService started execution. cause:9 exec_start_elapsed_seconds: 459756 [CONTEXT service_id=218 ]
04-03 19:19:58.720  6586 18391 I NetworkScheduler.Stats: Task com.google.android.gms/com.google.android.gms.ipa.base.IpaGcmTaskService finished executing. cause:9 result: 1 elapsed_millis: 23 uptime_millis: 23 exec_start_elapsed_seconds: 459756 [CONTEXT service_id=218 ]
04-03 19:19:58.884  5679 18794 I MediaProvider: Deleted 1 0 0 0 0 0 0 items on external_primary due to com.e4ekta.benchmark
04-03 19:19:58.938  6586 17430 I NetworkScheduler.Stats: Task com.google.android.gms/com.google.android.gms.ipa.base.IpaGcmTaskService started execution. cause:9 exec_start_elapsed_seconds: 459756 [CONTEXT service_id=218 ]
04-03 19:19:58.949  6586 18785 I NetworkScheduler.Stats: Task com.google.android.gms/com.google.android.gms.ipa.base.IpaGcmTaskService finished executing. cause:9 result: 1 elapsed_millis: 25 uptime_millis: 25 exec_start_elapsed_seconds: 459756 [CONTEXT service_id=218 ]
04-03 19:19:59.869 18807 18807 W perfetto: processor_shell.cc:1367 Trace loaded: 16.20 MB in 0.94s (17.2 MB/s)
04-03 19:19:59.880 18807 18807 W perfetto: _processor_shell.cc:619 Executing query: SELECT
04-03 19:19:59.880 18807 18807 W perfetto: slice.name as name,
04-03 19:19:59.880 18807 18807 W perfetto: slice.ts as ts,
04-03 19:19:59.880 18807 18807 W perfetto: slice.dur as dur
04-03 19:19:59.880 18807 18807 W perfetto: FROM slice
04-03 19:19:59.880 18807 18807 W perfetto: INNER JOIN thread_track on slice.track_id = thread_track.id
04-03 19:19:59.880 18807 18807 W perfetto: INNER JOIN thread USING(utid)
04-03 19:19:59.880 18807 18807 W perfetto: INNER JOIN process USING(upid)
04-03 19:19:59.880 18807 18807 W perfetto: WHERE (
04-03 19:19:59.880 18807 18807 W perfetto: ( slice.name LIKE "Choreographer#doFrame%" AND process.pid LIKE thread.tid ) OR
04-03 19:19:59.880 18807 18807 W perfetto: ( slice.name LIKE "DrawFrame%" AND thread.name like "RenderThread" )
04-03 19:19:59.880 18807 18807 W perfetto: ) AND (process.name LIKE "com.plcoding.baselineprofilemacrobenchmark" OR process.name LIKE "com.plcoding.baselineprofilemacrobenchmark:%")
04-03 19:19:59.880 18807 18807 W perfetto: UNION
04-03 19:19:59.880 18807 18807 W perfetto: SELECT
04-03 19:19:59.880 18807 18807 W perfetto: "actual " || actual_frame_timeline_slice.name as name,
04-03 19:19:59.880 18807 18807 W perfetto: actual_frame_timeline_slice.ts as ts,
04-03 19:19:59.880 18807 18807 W perfetto: actual_frame_timeline_slice.dur as dur
04-03 19:19:59.880 18807 18807 W perfetto: FROM actual_frame_timeline_slice
04-03 19:19:59.880 18807 18807 W perfetto: INNER JOIN process USING(upid)
04-03 19:19:59.880 18807 18807 W perfetto: WHERE
04-03 19:19:59.880 18807 18807 W perfetto: (process.name LIKE "com.plcoding.baselineprofilemacrobenchmark" OR process.name LIKE "com.plcoding.baselineprofilemacrobenchmark:%")
04-03 19:19:59.880 18807 18807 W perfetto: UNION
04-03 19:19:59.880 18807 18807 W perfetto: SELECT
04-03 19:19:59.880 18807 18807 W perfetto: "expected " || expected_frame_timeline_slice.name as name,
04-03 19:19:59.880 18807 18807 W perfetto: expected_frame_timeline_slice.ts as ts,
04-03 19:19:59.880 18807 18807 W perfetto: expected_frame_timeline_slice.dur
