04-03 19:20:00.062 18485 18506 I System.out: query result line "DrawFrames 20908210",459753582862978,8645470
04-03 19:20:00.062 18485 18506 I System.out: query result line "Choreographer#doFrame 20908215",459753583676520,8811459
04-03 19:20:00.062 18485 18506 I System.out: query result line "actual 20908223",459753587362368,-1
04-03 19:20:00.062 18485 18506 I System.out: query result line "expected 20908223",459753587362368,15666666
04-03 19:20:00.062 18485 18506 I System.out: query result line "DrawFrames 20908215",459753591726365,26107502
04-03 19:20:00.062 18485 18506 I System.out: query result line "Choreographer#doFrame 20908223",459753593961521,24382503
04-03 19:20:00.062 18485 18506 I System.out: query result line "actual 20908225",459753595684180,-1
04-03 19:20:00.062 18485 18506 I System.out: query result line "expected 20908225",459753595684180,15666666
04-03 19:20:00.062 18485 18506 I System.out: query result line "DrawFrames 20908223",459753617922201,10356980
04-03 19:20:00.062 18485 18506 I System.out: query result line "Choreographer#doFrame 20908225",459753618787409,10002189
04-03 19:20:00.062 18485 18506 I System.out: query result line "actual 20908229",459753620679565,-1
04-03 19:20:00.062 18485 18506 I System.out: query result line "expected 20908229",459753620679565,15666666
04-03 19:20:00.062 18485 18506 I System.out: query result line "DrawFrames 20908225",459753628388712,10195262
04-03 19:20:00.062 18485 18506 I System.out: query result line "Choreographer#doFrame 20908229",459753629169702,9953126
04-03 19:20:00.063 18485 18506 I System.out: query result line "actual 20908233",459753637314750,-1
04-03 19:20:00.063 18485 18506 I System.out: query result line "expected 20908233",459753637314750,15666666
04-03 19:20:00.063 18485 18506 I System.out: query result line "DrawFrames 20908229",459753638688140,8995834
04-03 19:20:00.063 18485 18506 I System.out: query result line "Choreographer#doFrame 20908233",459753639481890,8714116
04-03 19:20:00.063 18485 18506 I System.out: query result line "actual 20908235",459753645651937,-1
04-03 19:20:00.063 18485 18506 I System.out: query result line "expected 20908235",459753645651937,15666666
04-03 19:20:00.063 18485 18506 I System.out: query result line "DrawFrames 20908233",459753647762881,9850574
04-03 19:20:00.063 18485 18506 I System.out: query result line "Choreographer#doFrame 20908235",459753648536943,9662241
04-03 19:20:00.063 18485 18506 I System.out: query result line "actual 20908237",459753653985270,-1
04-03 19:20:00.063 18485 18506 I System.out: query result line "expected 20908237",459753653985270,15666666
04-03 19:20:00.063 18485 18506 I System.out: query result line "DrawFrames 20908235",459753657758507,9414011
04-03 19:20:00.063 18485 18506 I System.out: query result line "Choreographer#doFrame 20908237",459753658618871,9064689
04-03 19:20:00.063 18485 18506 I System.out: query result line "actual 20908239",459753662318603,32815272
04-03 19:20:00.063 18485 18506 I System.out: query result line "expected 20908239",459753662318603,15666666
04-03 19:20:00.063 18485 18506 I System.out: query result line "DrawFrames 20908237",459753667290331,9057084
04-03 19:20:00.063 18485 18506 I System.out: query result line "Choreographer#doFrame 20908239",459753668109654,8818021
04-03 19:20:00.063 18485 18506 I System.out: query result line "actual 20908241",459753670651936,-1
04-03 19:20:00.063 18485 18506 I System.out: query result line "expected 20908241",459753670651936,15666666
04-03 19:20:00.063 18485 18506 I System.out: query result line "DrawFrames 20908239",459753676462884,9386928
04-03 19:20:00.063 18485 18506 I System.out: query result line "Choreographer#doFrame 20908241",459753677373092,9192501
04-03 19:20:00.063 18485 18506 I System.out: query result line "actual 20908243",459753678985269,-1
04-03 19:20:00.063 18485 18506 I System.out: query result line "expected 20908243",459753678985269,15666666
04-03 19:20:00.063 18485 18506 I System.out: query result line "DrawFrames 20908241",459753685994812,10181563
04-03 19:20:00.063 18485 18506 I System.out: query result line "Choreographer#doFrame 20908243",459753687166270,9689116
04-03 19:20:00.063 18485 18506 I System.out: query result line "actual 20908247",459753695584004,-1
04-03 19:20:00.063 18485 18506 I System.out: query result line "expected 20908247",459753695584004,15666666
04-03 19:20:00.063 18485 18506 I System.out: query result line "DrawFrames 20908243",459753696308094,9261303
04-03 19:20:00.063 18485 18506 I System.out: query result line "Choreographer#doFrame 20908247",459753697338563,8832605
04-03 19:20:00.063 18485 18506 I System.out: query result line "actual 20908249",459753703909604,-1
04-03 19:20:00.063 18485 18506 I System.out: query result line "expected 20908249",459753703909604,15666666
04-03 19:20:00.063 18485 18506 I System.out: query result line "DrawFrames 20908247",459753705744084,9517033
04-03 19:20:00.063 18485 18506 I System.out: query result line "Choreographer#doFrame 20908249",459753707205647,9418751
04-03 19:20:00.063 18485 18506 I System.out: query result line "DrawFrames 20908249",459753715351898,9822032
04-03 19:20:00.063 18485 18506 I System.out: query result line "Choreographer#doFrame 20908251",459753717446481,8371147
04-03 19:20:00.063 18485 18506 I System.out: query result line "actual 20908253",459753720627701,-1
04-03 19:20:00.063 18485 18506 I System.out: query result line "expected 20908253",459753720627701,15666666
04-03 19:20:00.063 18485 18506 I System.out: query result line "DrawFrames 20908251",459753725363566,431510
04-03 19:20:00.063 18485 18506 I System.out: query result line "Choreographer#doFrame 20908253",459753726669712,1589531
04-03 19:20:00.064 18485 18506 I System.out: query result line "DrawFrames 20908253",459753727902003,5471095
04-03 19:20:00.064 18485 18506 I System.out: query result line "actual 20908255",459753728978081,14716319
04-03 19:20:00.064 18485 18506 I System.out: query result line "expected 20908255",459753728978081,15666666
04-03 19:20:00.064 18485 18506 I System.out: query result line "Choreographer#doFrame 20908255",459753729482003,4474220
04-03 19:20:00.064 18485 18506 I System.out: query result line "DrawFrames 20908255",459753733596014,6404220
04-03 19:20:00.064 18485 18506 I System.out: query result line "actual 20908257",459753737304014,11475439
04-03 19:20:00.064 18485 18506 I System.out: query result line "expected 20908257",459753737304014,15666666
04-03 19:20:00.064 18485 18506 I System.out: query result line "Choreographer#doFrame 20908257",459753738273567,2311094
04-03 19:20:00.064 18485 18506 I System.out: query result line "DrawFrames 20908257",459753740216744,4664584
04-03 19:20:00.064 18485 18506 I System.out: query result line "actual 20908259",459753745647922,10975751
04-03 19:20:00.064 18485 18506 I System.out: query result line "expected 20908259",459753745647922,15666666
04-03 19:20:00.064 18485 18506 I System.out: query result line "Choreographer#doFrame 20908259",459753746282370,1710000
04-03 19:20:00.064 18485 18506 I System.out: query result line "DrawFrames 20908259",459753747643047,5265053
04-03 19:20:00.064 18485 18506 I System.out: query result line "actual 20908261",459753753975373,8852154
04-03 19:20:00.064 18485 18506 I System.out: query result line "expected 20908261",459753753975373,15666666
04-03 19:20:00.064 18485 18506 I System.out: query result line "Choreographer#doFrame 20908261",459753754562579,1320469
04-03 19:20:00.064 18485 18506 I System.out: query result line "DrawFrames 20908261",459753755731329,2364219
04-03 19:20:00.064 18485 18506 I System.out: query result line "actual 20908263",459753762324663,10381355
04-03 19:20:00.064 18485 18506 I System.out: query result line "expected 20908263",459753762324663,15666666
04-03 19:20:00.064 18485 18506 I System.out: query result line "Choreographer#doFrame 20908263",459753763050080,2665104
04-03 19:20:00.064 18485 18506 I System.out: query result line "DrawFrames 20908263",459753765509663,3820469
04-03 19:20:00.064 18485 18506 I System.out: query result line "actual 20908265",459753770660490,11206623
04-03 19:20:00.064 18485 18506 I System.out: query result line "expected 20908265",459753770660490,15666666
04-03 19:20:00.064 18485 18506 I System.out: query result line "Choreographer#doFrame 20908265",459753771536122,2002865
04-03 19:20:00.064 18485 18506 I System.out: query result line "DrawFrames 20908265",459753772930497,5373074
04-03 19:20:00.064 18485 18506 I System.out: query result line "actual 20908267",459753778996005,11068140
04-03 19:20:00.064 18485 18506 I System.out: query result line "expected 20908267",459753778996005,15666666
04-03 19:20:00.064 18485 18506 I System.out: query result line "Choreographer#doFrame 20908267",459753779613831,1940209
04-03 19:20:00.064 18485 18506 I System.out: query result line "DrawFrames 20908267",459753781209404,4823022
04-03 19:20:00.064 18485 18506 I System.out: query result line "actual 20908269",459753787402276,10414265
04-03 19:20:00.064 18485 18506 I System.out: query result line "expected 20908269",459753787402276,15666666
04-03 19:20:00.064 18485 18506 I System.out: query result line "Choreographer#doFrame 20908269",459753788076488,1532188
04-03 19:20:00.064 18485 18506 I System.out: query result line "DrawFrames 20908269",459753789286593,4663646
04-03 19:20:00.064 18485 18506 I System.out: query result line "actual 20908271",459753795781534,9555946
04-03 19:20:00.064 18485 18506 I System.out: query result line "expected 20908271",459753795781534,15666666
04-03 19:20:00.064 18485 18506 I System.out: query result line "Choreographer#doFrame 20908271",459753796348104,1871510
04-03 19:20:00.064 18485 18506 I System.out: query result line "DrawFrames 20908271",459753797679614,4525522
04-03 19:20:00.064 18485 18506 I System.out: query result line "actual 20908273",459753804104553,11122980
04-03 19:20:00.064 18485 18506 I System.out: query result line "expected 20908273",459753804104553,15666666
04-03 19:20:00.064 18485 18506 I System.out: query result line "Choreographer#doFrame 20908273",459753804860969,3200157
04-03 19:20:00.064 18485 18506 I System.out: query result line "DrawFrames 20908273",459753806513938,6523907
04-03 19:20:00.064 18485 18506 I System.out: query result line "actual 20908275",459753812482261,-1
04-03 19:20:00.064 18485 18506 I System.out: query result line "expected 20908275",459753812482261,15666666
04-03 19:20:00.064 18485 18506 I System.out: query result line "Choreographer#doFrame 20908275",459753813340085,2285781
04-03 19:20:00.064 18485 18506 I System.out: query result line "DrawFrames 20908275",459753814951491,4930209
04-03 19:20:00.064 18485 18506 I System.out: query result line "Choreographer#doFrame 20908277",459753821367429,16936877
04-03 19:20:00.064 18485 18506 I System.out: query result line "DrawFrames 20908277",459753837772379,5090938
04-03 19:20:00.064 18485 18506 I System.out: query result line "Choreographer#doFrame 20908279",459753841444463,3596927
04-03 19:20:00.064 18485 18506 I System.out: query result line "Choreographer#doFrame 20908282",459753846258057,14948
04-03 19:20:00.064 18485 18506 I System.out: query result line
04-03 19:20:00.089  6586 17430 I NetworkScheduler.Stats: Task com.google.android.gms/com.google.android.gms.ipa.base.IpaGcmTaskService started execution. cause:9 exec_start_elapsed_seconds: 459757 [CONTEXT service_id=218 ]
04-03 19:20:00.095  6586 13526 I NetworkScheduler.Stats: Task com.google.android.gms/com.google.android.gms.ipa.base.IpaGcmTaskService finished executing. cause:9 result: 1 elapsed_millis: 45 uptime_millis: 46 exec_start_elapsed_seconds: 459757 [CONTEXT service_id=218 ]
04-03 19:20:00.122 18485 18506 D Benchmark: Iteration 0 captured UiState{highlight_process=HighlightProcess{cmdline=com.plcoding.baselineprofilemacrobenchmark}}
04-03 19:20:00.122 18485 18506 D Benchmark: Killing process com.plcoding.baselineprofilemacrobenchmark
04-03 19:20:00.165 18813 18813 D ProcessState: Binder ioctl to enable oneway spam detection failed: Invalid argument
04-03 19:20:00.181  1861  2213 I libprocessgroup: Successfully killed process cgroup uid 10152 pid 18706 in 7ms
04-03 19:20:00.185  1861 11771 W InputManager-JNI: Input channel object 'd8c547d com.plcoding.baselineprofilemacrobenchmark/com.plcoding.baselineprofilemacrobenchmark.MainActivity (client)' was disposed without first being removed with the input manager!
04-03 19:20:00.212  1280  1475 I SDM     : HWCDisplayBuiltIn::GetOptimalRefreshRate: active_refresh_rate_: 60
04-03 19:20:00.219  4223  4223 D GameMode: onStartedActivityChange: componnent: ComponentInfo{com.motorola.launcher3/com.android.launcher3.CustomizationPanelLauncher} entered launcher screen? true
04-03 19:20:00.219  4223  4223 D GameMode: onResumedActivityChange: entered? true componnent: ComponentInfo{com.motorola.launcher3/com.android.launcher3.CustomizationPanelLauncher}
04-03 19:20:00.232  4223  4223 D GameMode: isScreenUnlocked: true
04-03 19:20:00.233  4223  4223 D MFL     : getFreeFormPackages: adding all apps
04-03 19:20:00.233  4223  4223 D GameMode: exiting game mode
04-03 19:20:00.235  4223  4223 D GameMode: isFeatureSupported: true
04-03 19:20:00.237  4223  4223 D GameMode: isFeatureSupported: true
04-03 19:20:00.237  4223  4223 D GameMode: setUpFullScreenForExistingApps; isEnabled = 1
04-03 19:20:00.237  4223  4223 D GameMode: reset:
04-03 19:20:00.237  4223  4223 D GameMode: isFeatureSupported: true
04-03 19:20:00.244 14792 14871 I BtGatt.ScanManager: msg.what = 6
04-03 19:20:00.245  5735  5735 D RegisteredNfcFServicesCache: Service unchanged, not updating
04-03 19:20:00.249  1280  1475 I SDM     : HWCDisplayBuiltIn::GetOptimalRefreshRate: active_refresh_rate_: 60
04-03 19:20:00.252  3410  3410 D CarrierSvcBindHelper: No carrier app for: 0
04-03 19:20:00.252  3370  3402 I SecureElement-Terminal-SIM1: isNfcEventAllowed: No access rules for checking.
04-03 19:20:00.254  3410  3410 D CarrierSvcBindHelper: No carrier app for: 1
04-03 19:20:00.258  1280  1475 I SDM     : HWCDisplayBuiltIn::GetOptimalRefreshRate: active_refresh_rate_: 60
04-03 19:20:00.258  5679 18788 W MediaProvider: isAppCloneUserPair failed. Users: 0 and 0
04-03 19:20:00.258  5679 18788 W MediaProvider: isAppCloneUserPair for user 0: false
04-03 19:20:00.282  1289  1289 I QTI PowerHAL: Power setBoost: 0, duration: 0
04-03 19:20:00.285  1280  1475 I SDM     : HWCDisplayBuiltIn::GetOptimalRefreshRate: active_refresh_rate_: 60
04-03 19:20:00.300  1280  1475 I SDM     : HWCDisplayBuiltIn::GetOptimalRefreshRate: active_refresh_rate_: 60
04-03 19:20:00.306  4457  4457 I GoogleInputMethodService: GoogleInputMethodService.onFinishInput():3227
04-03 19:20:00.309  1280  1475 I SDM     : HWCDisplayBuiltIn::GetOptimalRefreshRate: active_refresh_rate_: 60
04-03 19:20:00.309  5692  5692 I GsaVoiceInteractionSrv: Handling ACTION_START_HOTWORD
04-03 19:20:00.310  5692  6350 I GsaVoiceInteractionSrv: (REDACTED) disregardVoiceMatch: %b
04-03 19:20:00.310  5692  6350 I GsaVoiceInteractionSrv: Cannot start hotword, hotword has been explicitly disabled.
04-03 19:20:00.312 18255 18557 I OpenGLRenderer: Davey! duration=215945ms; Flags=1, FrameTimelineVsyncId=20886511, IntendedVsync=283819195280814, Vsync=283819195280814, InputEventId=1907533884, HandleInputStart=283819198848509, AnimationStart=283819198852519, PerformTraversalsStart=283819198854394, DrawStart=283819338028627, FrameDeadline=283819219280813, FrameInterval=283819198734655, FrameStartTime=8333333, SyncQueued=283819342429982, SyncStart=283819343283107, IssueDrawCommandsStart=283819346207586, SwapBuffers=283819354354410, FrameCompleted=284035142130385, DequeueBufferDuration=59011, QueueBufferDuration=1573177, GpuCompleted=284035142130385, SwapBuffersCompleted=283819357780296, DisplayPresentTime=3026926445170321899,
04-03 19:20:00.314  4457  4457 I GoogleInputMethodService: GoogleInputMethodService.updateDeviceLockedStatus():2087 repeatCheckTimes = 0, unlocked = true
04-03 19:20:00.315  4457  4457 I GoogleInputMethodService: GoogleInputMethodService.onStartInput():1877 onStartInput(EditorInfo{inputType=0x0(NULL) imeOptions=0x0 privateImeOptions=null actionName=UNSPECIFIED actionLabel=null actionId=0 initialSelStart=-1 initialSelEnd=-1 initialCapsMode=0x0 hintText=null label=null packageName=com.motorola.launcher3 fieldId=-1 fieldName=null extras=null}, false)
04-03 19:20:00.315  4457  4457 I GoogleInputMethodService: GoogleInputMethodService.shouldHideHeaderOnInitialState():4008 ShouldHideHeaderOnInitialState = false
04-03 19:20:00.315  4457  4457 I GoogleInputMethodService: GoogleInputMethodService.updateDeviceLockedStatus():2087 repeatCheckTimes = 2, unlocked = true
04-03 19:20:00.340  1390  1390 E BpTransactionCompletedListener: Failed to transact (-32)
04-03 19:20:00.347  1179  1179 I Zygote  : Process 18706 exited due to signal 9 (Killed)
04-03 19:20:00.350  6586 18785 I NetworkScheduler.Stats: Task com.google.android.gms/com.google.android.gms.ipa.base.IpaGcmTaskService started execution. cause:9 exec_start_elapsed_seconds: 459758 [CONTEXT service_id=218 ]
04-03 19:20:00.358  1280  1475 I SDM     : HWCDisplayBuiltIn::GetOptimalRefreshRate: active_refresh_rate_: 60
04-03 19:20:00.362  6586 18391 I NetworkScheduler.Stats: Task com.google.android.gms/com.google.android.gms.ipa.base.IpaGcmTaskService finished executing. cause:9 result: 1 elapsed_millis: 39 uptime_millis: 38 exec_start_elapsed_seconds: 459758 [CONTEXT service_id=218 ]
04-03 19:20:00.367  1280  1475 I SDM     : HWCDisplayBuiltIn::GetOptimalRefreshRate: active_refresh_rate_: 60
04-03 19:20:00.375  1280  1475 I SDM     : HWCDisplayBuiltIn::GetOptimalRefreshRate: active_refresh_rate_: 60
04-03 19:20:00.392  1280  1475 I SDM     : HWCDisplayBuiltIn::GetOptimalRefreshRate: active_refresh_rate_: 60
04-03 19:20:00.400  1280  1475 I SDM     : HWCDisplayBuiltIn::GetOptimalRefreshRate: active_refresh_rate_: 60
04-03 19:20:00.434  1280  1475 I SDM     : HWCDisplayBuiltIn::GetOptimalRefreshRate: active_refresh_rate_: 60
04-03 19:20:00.442  1280  1475 I SDM     : HWCDisplayBuiltIn::GetOptimalRefreshRate: active_refresh_rate_: 60
04-03 19:20:00.475  1280  1475 I SDM     : HWCDisplayBuiltIn::GetOptimalRefreshRate: active_refresh_rate_: 60
04-03 19:20:00.483  1280  1475 I SDM     : HWCDisplayBuiltIn::GetOptimalRefreshRate: active_refresh_rate_: 60
04-03 19:20:00.509  1280  1475 I SDM     : HWCDisplayBuiltIn::GetOptimalRefreshRate: active_refresh_rate_: 60
04-03 19:20:00.517  1280  1475 I SDM     : HWCDisplayBuiltIn::GetOptimalRefreshRate: active_refresh_rate_: 60
04-03 19:20:00.524  1280  1475 I SDM     : HWCDisplayBuiltIn::GetOptimalRefreshRate: active_refresh_rate_: 60
04-03 19:20:00.533  1280  1475 I SDM     : HWCDisplayBuiltIn::GetOptimalRefreshRate: active_refresh_rate_: 60
04-03 19:20:00.541  1280  1475 I SDM     : HWCDisplayBuiltIn::GetOptimalRefreshRate: active_refresh_rate_: 60
04-03 19:20:00.549  1280  1475 I SDM     : HWCDisplayBuiltIn::GetOptimalRefreshRate: active_refresh_rate_: 60
04-03 19:20:00.582  1280  1475 I SDM     : HWCDisplayBuiltIn::GetOptimalRefreshRate: active_refresh_rate_: 60
04-03 19:20:00.665  1280  1475 I SDM     : HWCDisplayBuiltIn::GetOptimalRefreshRate: active_refresh_rate_: 60
04-03 19:20:00.715  1280  1475 I SDM     : HWCDisplayBuiltIn::GetOptimalRefreshRate: active_refresh_rate_: 60
04-03 19:20:00.735  5679 18800 I MediaProvider: Deleted 0 0 0 0 0 0 1 items on external_primary due to com.e4ekta.benchmark
04-03 19:20:00.770  5982  5998 D AssistReceiver: call: lightWakeup | null | null
04-03 19:20:00.784  6586 13526 I NetworkScheduler.Stats: Task com.google.android.gms/com.google.android.gms.ipa.base.IpaGcmTaskService started execution. cause:9 exec_start_elapsed_seconds: 459758 [CONTEXT service_id=218 ]
04-03 19:20:00.792  6586 17430 I NetworkScheduler.Stats: Task com.google.android.gms/com.google.android.gms.ipa.base.IpaGcmTaskService finished executing. cause:9 result: 1 elapsed_millis: 24 uptime_millis: 24 exec_start_elapsed_seconds: 459758 [CONTEXT service_id=218 ]
04-03 19:20:00.870 18485 18506 D PerfettoCapture: Supported ABIs: arm64-v8a, armeabi-v7a, armeabi
04-03 19:20:00.870 18485 18506 D PerfettoCapture: Recording perfetto trace
04-03 19:20:00.906  5679  8249 W MediaProvider: isAppCloneUserPair failed. Users: 0 and 0
04-03 19:20:00.906  5679  8249 W MediaProvider: isAppCloneUserPair for user 0: false
04-03 19:20:00.913 18485 18506 I PerfettoCapture: Cleanup perfetto before starting.
04-03 19:20:00.942  6586 13526 I NetworkScheduler.Stats: Task com.google.android.gms/com.google.android.gms.ipa.base.IpaGcmTaskService started execution. cause:9 exec_start_elapsed_seconds: 459758 [CONTEXT service_id=218 ]
04-03 19:20:00.952  6586 18391 I NetworkScheduler.Stats: Task com.google.android.gms/com.google.android.gms.ipa.base.IpaGcmTaskService finished executing. cause:9 result: 1 elapsed_millis: 23 uptime_millis: 23 exec_start_elapsed_seconds: 459758 [CONTEXT service_id=218 ]
04-03 19:20:01.038 18485 18506 I PerfettoCapture: Perfetto output file cleanup -
04-03 19:20:01.038 18485 18506 I PerfettoCapture: Starting perfetto tracing with cmd: cat /storage/emulated/0/Android/media/com.e4ekta.benchmark/trace_config.pb | perfetto --background -c - -o /data/misc/perfetto-traces/trace_output.pb
04-03 19:20:01.044  5679 18794 W MediaProvider: isAppCloneUserPair failed. Users: 0 and 0
04-03 19:20:01.044  5679 18794 W MediaProvider: isAppCloneUserPair for user 0: false
04-03 19:20:01.100  6586 17430 I NetworkScheduler.Stats: Task com.google.android.gms/com.google.android.gms.ipa.base.IpaGcmTaskService started execution. cause:9 exec_start_elapsed_seconds: 459758 [CONTEXT service_id=218 ]
04-03 19:20:01.108  6586 18785 I NetworkScheduler.Stats: Task com.google.android.gms/com.google.android.gms.ipa.base.IpaGcmTaskService finished executing. cause:9 result: 1 elapsed_millis: 29 uptime_millis: 29 exec_start_elapsed_seconds: 459758 [CONTEXT service_id=218 ]
04-03 19:20:01.134 18866 18866 I perfetto: perfetto_cmd.cc:794     Connected to the Perfetto traced service, starting tracing
04-03 19:20:01.134  1527  1527 I perfetto: ing_service_impl.cc:912 Configured tracing session 8, #sources:4, duration:0 ms, #buffers:2, total buffer size:36864 KB, total sessions:1, uid:2000 session name: ""
04-03 19:20:01.135  1523  1523 I perfetto: probes_producer.cc:241  Ftrace setup (target_buf=15)
04-03 19:20:01.159  5679 17916 I MediaProvider: Deleted 0 0 0 0 0 0 1 items on external_primary due to com.e4ekta.benchmark
04-03 19:20:01.182 18485 18506 I PerfettoCapture: Perfetto output - 18866
04-03 19:20:01.182 18485 18506 I PerfettoCapture: EXITCODE=0
04-03 19:20:01.192 18867 18867 D hw-ProcessState: Binder ioctl to enable oneway spam detection failed: Invalid argument
04-03 19:20:01.201  1523  1523 W traced_probes: type=1400 audit(0.0:31057): avc: denied { read } for name="format" dev="tracefs" ino=5802 scontext=u:r:traced_probes:s0 tcontext=u:object_r:debugfs_tracing_debug:s0 tclass=file permissive=0
04-03 19:20:01.201  1523  1523 W traced_probes: type=1400 audit(0.0:31058): avc: denied { read } for name="format" dev="tracefs" ino=5772 scontext=u:r:traced_probes:s0 tcontext=u:object_r:debugfs_tracing_debug:s0 tclass=file permissive=0
04-03 19:20:01.201  1523  1523 W traced_probes: type=1400 audit(0.0:31059): avc: denied { read } for name="format" dev="tracefs" ino=5766 scontext=u:r:traced_probes:s0 tcontext=u:object_r:debugfs_tracing_debug:s0 tclass=file permissive=0
04-03 19:20:01.201  1523  1523 W traced_probes: type=1400 audit(0.0:31060): avc: denied { read } for name="format" dev="tracefs" ino=5784 scontext=u:r:traced_probes:s0 tcontext=u:object_r:debugfs_tracing_debug:s0 tclass=file permissive=0
04-03 19:20:01.201  1523  1523 W traced_probes: type=1400 audit(0.0:31061): avc: denied { read } for name="format" dev="tracefs" ino=5790 scontext=u:r:traced_probes:s0 tcontext=u:object_r:debugfs_tracing_debug:s0 tclass=file permissive=0
04-03 19:20:01.207  1523  1523 I perfetto: ftrace_procfs.cc:206    enabled ftrace in /sys/kernel/tracing/
04-03 19:20:01.210  6586 17430 I NetworkScheduler.Stats: Task com.google.android.gms/com.google.android.gms.ipa.base.IpaGcmTaskService started execution. cause:9 exec_start_elapsed_seconds: 459758 [CONTEXT service_id=218 ]
04-03 19:20:01.223  6586 17430 I NetworkScheduler.Stats: Task com.google.android.gms/com.google.android.gms.ipa.base.IpaGcmTaskService finished executing. cause:9 result: 1 elapsed_millis: 27 uptime_millis: 28 exec_start_elapsed_seconds: 459758 [CONTEXT service_id=218 ]
04-03 19:20:01.247 18485 18506 I PerfettoCapture: Perfetto tracing started successfully with pid 18866.
04-03 19:20:01.283 18485 18506 I PerfettoCapture: /sys/kernel/tracing/tracing_on = 1, polled 0 times, capture fully started
04-03 19:20:01.311  5679 18789 I MediaProvider: Deleted 1 0 0 0 0 0 0 items on external_primary due to com.e4ekta.benchmark
04-03 19:20:01.324  1280  1475 I SDM     : HWCDisplayBuiltIn::GetOptimalRefreshRate: active_refresh_rate_: 60
04-03 19:20:01.325  1289  1289 I QTI PowerHAL: Power setBoost: 0, duration: 0
04-03 19:20:01.331  1289  1289 I QTI PowerHAL: Power setBoost: 0, duration: 0
04-03 19:20:01.336  1289  1289 I QTI PowerHAL: Power setBoost: 0, duration: 0
04-03 19:20:01.336  1861  2152 D WindowManager: startDockOrHome: startReason= startDockOrHome
04-03 19:20:01.336  3373  3373 V ShadeControllerImpl: NotificationShadeWindow: com.android.systemui.statusbar.phone.NotificationShadeWindowView{46408e6 I.E...... ......ID 0,0-1080,2460} canPanelBeCollapsed(): false
04-03 19:20:01.341  1280  1475 I SDM     : HWCDisplayBuiltIn::GetOptimalRefreshRate: active_refresh_rate_: 60
04-03 19:20:01.366  3373  3373 V ShadeControllerImpl: NotificationShadeWindow: com.android.systemui.statusbar.phone.NotificationShadeWindowView{46408e6 I.E...... ......ID 0,0-1080,2460} canPanelBeCollapsed(): false
04-03 19:20:01.378  1280  1475 I SDM     : HWCDisplayBuiltIn::GetOptimalRefreshRate: active_refresh_rate_: 60
04-03 19:20:01.398  6586 18785 I NetworkScheduler.Stats: Task com.google.android.gms/com.google.android.gms.ipa.base.IpaGcmTaskService started execution. cause:9 exec_start_elapsed_seconds: 459759 [CONTEXT service_id=218 ]
04-03 19:20:01.409  6586 18391 I NetworkScheduler.Stats: Task com.google.android.gms/com.google.android.gms.ipa.base.IpaGcmTaskService finished executing. cause:9 result: 1 elapsed_millis: 57 uptime_millis: 58 exec_start_elapsed_seconds: 459759 [CONTEXT service_id=218 ]
04-03 19:20:01.424  1280  1475 I SDM     : HWCDisplayBuiltIn::GetOptimalRefreshRate: active_refresh_rate_: 60
04-03 19:20:01.616 17515 17525 I orola.launcher: NativeAlloc concurrent copying GC freed 156425(7097KB) AllocSpace objects, 2(176KB) LOS objects, 21% free, 85MB/109MB, paused 104us,47us total 210.883ms
04-03 19:20:01.856  5982  5998 D AssistReceiver: call: lightWakeup | null | null
04-03 19:20:01.884  1280  1475 I SDM     : HWCDisplayBuiltIn::GetOptimalRefreshRate: active_refresh_rate_: 60
04-03 19:20:01.908  1280  1475 I SDM     : HWCDisplayBuiltIn::GetOptimalRefreshRate: active_refresh_rate_: 60
04-03 19:20:02.009  1280  1475 I SDM     : HWCDisplayBuiltIn::GetOptimalRefreshRate: active_refresh_rate_: 60
04-03 19:20:02.014  1292  2913 I WifiHAL : event received NL80211_CMD_VENDOR, vendor_id = 0x1374, subcmd = 0xd
04-03 19:20:02.014  1690 10352 D LOWI-9.0.0.87: [LOWI-Scan] wait_event:Wait done with Cmd 103
04-03 19:20:02.014  1690 10352 D LOWI-9.0.0.87: [LOWI-Scan] do_listen_events: Rcvd valid Netlink Cmd 0 Err 0
04-03 19:20:02.015  1643  1643 I cnss-daemon: nl80211 response handler invoked
04-03 19:20:02.015  1643  1643 I cnss-daemon: nl80211_response_handler: cmd 103, vendorID 4980, subcmd 13  received
04-03 19:20:02.051  1280  1475 I SDM     : HWCDisplayBuiltIn::GetOptimalRefreshRate: active_refresh_rate_: 60
04-03 19:20:02.190 18485 18506 D Benchmark: Starting activity with command: am start -W "intent:#Intent;action=android.intent.action.MAIN;category=android.intent.category.LAUNCHER;launchFlags=0x10008000;package=com.plcoding.baselineprofilemacrobenchmark;component=com.plcoding.baselineprofilemacrobenchmark/.MainActivity;end"
04-03 19:20:02.204  5679 18800 W MediaProvider: isAppCloneUserPair failed. Users: 0 and 0
04-03 19:20:02.204  5679 18800 W MediaProvider: isAppCloneUserPair for user 0: false
04-03 19:20:02.272  6586 18785 I NetworkScheduler.Stats: Task com.google.android.gms/com.google.android.gms.ipa.base.IpaGcmTaskService started execution. cause:9 exec_start_elapsed_seconds: 459759 [CONTEXT service_id=218 ]
04-03 19:20:02.280  6586 17430 I NetworkScheduler.Stats: Task com.google.android.gms/com.google.android.gms.ipa.base.IpaGcmTaskService finished executing. cause:9 result: 1 elapsed_millis: 33 uptime_millis: 32 exec_start_elapsed_seconds: 459759 [CONTEXT service_id=218 ]
04-03 19:20:02.310 18892 18892 D ProcessState: Binder ioctl to enable oneway spam detection failed: Invalid argument
04-03 19:20:02.326  1280  1475 I SDM     : HWCDisplayBuiltIn::GetOptimalRefreshRate: active_refresh_rate_: 60
04-03 19:20:02.328  1289  1289 I QTI PowerHAL: Power setMode: 5 to: 1
04-03 19:20:02.347  4223  4223 D GameMode: onResumedActivityChange: entered? false componnent: ComponentInfo{com.motorola.launcher3/com.android.launcher3.CustomizationPanelLauncher}
04-03 19:20:02.350  1280  1475 I SDM     : HWCDisplayBuiltIn::GetOptimalRefreshRate: active_refresh_rate_: 60
04-03 19:20:02.359  1280  1475 I SDM     : HWCDisplayBuiltIn::GetOptimalRefreshRate: active_refresh_rate_: 60
04-03 19:20:02.366  1280  1475 I SDM     : HWCDisplayBuiltIn::GetOptimalRefreshRate: active_refresh_rate_: 60
04-03 19:20:02.377  1280  1475 I SDM     : HWCDisplayBuiltIn::GetOptimalRefreshRate: active_refresh_rate_: 60
04-03 19:20:02.377  1179  1179 D Zygote  : Forked child process 18896
04-03 19:20:02.393  1280  1475 I SDM     : HWCDisplayBuiltIn::GetOptimalRefreshRate: active_refresh_rate_: 60
04-03 19:20:02.401  1280  1475 I SDM     : HWCDisplayBuiltIn::GetOptimalRefreshRate: active_refresh_rate_: 60
04-03 19:20:02.415  1289  1289 I QTI PowerHAL: Power setBoost: 0, duration: 0
04-03 19:20:02.419  1280  1475 I SDM     : HWCDisplayBuiltIn::GetOptimalRefreshRate: active_refresh_rate_: 60
04-03 19:20:02.426  1280  1475 I SDM     : HWCDisplayBuiltIn::GetOptimalRefreshRate: active_refresh_rate_: 60
04-03 19:20:02.435  1280  1475 I SDM     : HWCDisplayBuiltIn::GetOptimalRefreshRate: active_refresh_rate_: 60
04-03 19:20:02.436 28584 28589 I adbd    : jdwp connection from 18896
04-03 19:20:02.440 18896 18896 D ProcessState: Binder ioctl to enable oneway spam detection failed: Invalid argument
04-03 19:20:02.442  1280  1475 I SDM     : HWCDisplayBuiltIn::GetOptimalRefreshRate: active_refresh_rate_: 60
04-03 19:20:02.453  1280  1475 I SDM     : HWCDisplayBuiltIn::GetOptimalRefreshRate: active_refresh_rate_: 60
04-03 19:20:02.457  5692  5692 I GsaVoiceInteractionSrv: Handling ACTION_STOP_HOTWORD
04-03 19:20:02.458  5692  6349 I HwDetectorWithState: (REDACTED) a: %d
04-03 19:20:02.471  1280  1475 I SDM     : HWCDisplayBuiltIn::GetOptimalRefreshRate: active_refresh_rate_: 60
04-03 19:20:02.474  4223  4223 D GameMode: onStartedActivityChange: componnent: ComponentInfo{com.plcoding.baselineprofilemacrobenchmark/com.plcoding.baselineprofilemacrobenchmark.MainActivity} entered launcher screen? true
04-03 19:20:02.475  4223  4223 D GameMode: onResumedActivityChange: entered? true componnent: ComponentInfo{com.plcoding.baselineprofilemacrobenchmark/com.plcoding.baselineprofilemacrobenchmark.MainActivity}
04-03 19:20:02.477 18896 18896 D CompatibilityChangeReporter: Compat change id reported: 171979766; UID 10152; state: ENABLED
04-03 19:20:02.478  4223  4223 D GameMode: isScreenUnlocked: true
04-03 19:20:02.486  1280  1475 I SDM     : HWCDisplayBuiltIn::GetOptimalRefreshRate: active_refresh_rate_: 60
04-03 19:20:02.490  4223  4223 D MFL     : getFreeFormPackages: adding all apps
04-03 19:20:02.490  4223  4223 D GameMode: exiting game mode
04-03 19:20:02.493  4223  4223 D GameMode: isFeatureSupported: true
04-03 19:20:02.494  4223  4223 D GameMode: isFeatureSupported: true
04-03 19:20:02.494  4223  4223 D GameMode: setUpFullScreenForExistingApps; isEnabled = 1
04-03 19:20:02.494  4223  4223 D GameMode: reset:
04-03 19:20:02.494  4223  4223 D GameMode: isFeatureSupported: true
04-03 19:20:02.501  1280  1475 I SDM     : HWCDisplayBuiltIn::GetOptimalRefreshRate: active_refresh_rate_: 60
04-03 19:20:02.509  1280  1475 I SDM     : HWCDisplayBuiltIn::GetOptimalRefreshRate: active_refresh_rate_: 60
04-03 19:20:02.519  1280  1475 I SDM     : HWCDisplayBuiltIn::GetOptimalRefreshRate: active_refresh_rate_: 60
04-03 19:20:02.526  1280  1475 I SDM     : HWCDisplayBuiltIn::GetOptimalRefreshRate: active_refresh_rate_: 60
04-03 19:20:02.534  1280  1475 I SDM     : HWCDisplayBuiltIn::GetOptimalRefreshRate: active_refresh_rate_: 60
04-03 19:20:02.543  1280  1475 I SDM     : HWCDisplayBuiltIn::GetOptimalRefreshRate: active_refresh_rate_: 60
04-03 19:20:02.551  1280  1475 I SDM     : HWCDisplayBuiltIn::GetOptimalRefreshRate: active_refresh_rate_: 60
04-03 19:20:02.559  1280  1475 I SDM     : HWCDisplayBuiltIn::GetOptimalRefreshRate: active_refresh_rate_: 60
04-03 19:20:02.567  1280  1475 I SDM     : HWCDisplayBuiltIn::GetOptimalRefreshRate: active_refresh_rate_: 60
04-03 19:20:02.575  1280  1475 I SDM     : HWCDisplayBuiltIn::GetOptimalRefreshRate: active_refresh_rate_: 60
04-03 19:20:02.583  1280  1475 I SDM     : HWCDisplayBuiltIn::GetOptimalRefreshRate: active_refresh_rate_: 60
04-03 19:20:02.592  1280  1475 I SDM     : HWCDisplayBuiltIn::GetOptimalRefreshRate: active_refresh_rate_: 60
04-03 19:20:02.601  1280  1475 I SDM     : HWCDisplayBuiltIn::GetOptimalRefreshRate: active_refresh_rate_: 60
04-03 19:20:02.610  1280  1475 I SDM     : HWCDisplayBuiltIn::GetOptimalRefreshRate: active_refresh_rate_: 60
04-03 19:20:02.617  1280  1475 I SDM     : HWCDisplayBuiltIn::GetOptimalRefreshRate: active_refresh_rate_: 60
04-03 19:20:02.621 18896 18896 V GraphicsEnvironment: ANGLE Developer option for 'com.plcoding.baselineprofilemacrobenchmark' set to: 'default'
04-03 19:20:02.621 18896 18896 V GraphicsEnvironment: ANGLE GameManagerService for com.plcoding.baselineprofilemacrobenchmark: false
04-03 19:20:02.621 18896 18896 V GraphicsEnvironment: Updatable production driver is not supported on the device.
04-03 19:20:02.622 18896 18896 D NetworkSecurityConfig: No Network Security Config specified, using platform default
04-03 19:20:02.623 18896 18896 D NetworkSecurityConfig: No Network Security Config specified, using platform default
04-03 19:20:02.626  1280  1475 I SDM     : HWCDisplayBuiltIn::GetOptimalRefreshRate: active_refresh_rate_: 60
04-03 19:20:02.631 18896 18896 I Typeface: updateThemeFont new=Rookery-Regular;old=sans-serif
04-03 19:20:02.634  1280  1475 I SDM     : HWCDisplayBuiltIn::GetOptimalRefreshRate: active_refresh_rate_: 60
04-03 19:20:02.642  1280  1475 I SDM     : HWCDisplayBuiltIn::GetOptimalRefreshRate: active_refresh_rate_: 60
04-03 19:20:02.650  1280  1475 I SDM     : HWCDisplayBuiltIn::GetOptimalRefreshRate: active_refresh_rate_: 60
04-03 19:20:02.659  1280  1475 I SDM     : HWCDisplayBuiltIn::GetOptimalRefreshRate: active_refresh_rate_: 60
04-03 19:20:02.667  1280  1475 I SDM     : HWCDisplayBuiltIn::GetOptimalRefreshRate: active_refresh_rate_: 60
04-03 19:20:02.675  1280  1475 I SDM     : HWCDisplayBuiltIn::GetOptimalRefreshRate: active_refresh_rate_: 60
04-03 19:20:02.684  1280  1475 I SDM     : HWCDisplayBuiltIn::GetOptimalRefreshRate: active_refresh_rate_: 60
04-03 19:20:02.693  1280  1475 I SDM     : HWCDisplayBuiltIn::GetOptimalRefreshRate: active_refresh_rate_: 60
04-03 19:20:02.709  1280  1475 I SDM     : HWCDisplayBuiltIn::GetOptimalRefreshRate: active_refresh_rate_: 60
04-03 19:20:02.742 18896 18896 W emacrobenchmar: Class androidx.compose.runtime.snapshots.SnapshotStateList failed lock verification and will run slower.
04-03 19:20:02.742 18896 18896 W emacrobenchmar: Common causes for lock verification issues are non-optimized dex code
04-03 19:20:02.742 18896 18896 W emacrobenchmar: and incorrect proguard optimizations.
04-03 19:20:02.752 18896 18920 I AdrenoGLES-0: QUALCOMM build                   : 223000e821, I12e4aa4c5c
04-03 19:20:02.752 18896 18920 I AdrenoGLES-0: Build Date                       : 01/22/22
04-03 19:20:02.752 18896 18920 I AdrenoGLES-0: OpenGL ES Shader Compiler Version: EV031.32.02.17
04-03 19:20:02.752 18896 18920 I AdrenoGLES-0: Local Branch                     :
04-03 19:20:02.752 18896 18920 I AdrenoGLES-0: Remote Branch                    :
04-03 19:20:02.752 18896 18920 I AdrenoGLES-0: Remote Branch                    :
04-03 19:20:02.752 18896 18920 I AdrenoGLES-0: Reconstruct Branch               :
04-03 19:20:02.752 18896 18920 I AdrenoGLES-0: Build Config                     : S P 10.0.7 AArch64
04-03 19:20:02.752 18896 18920 I AdrenoGLES-0: Driver Path                      : /vendor/lib64/egl/libGLESv2_adreno.so
04-03 19:20:02.768  1280  1475 I SDM     : HWCDisplayBuiltIn::GetOptimalRefreshRate: active_refresh_rate_: 60
04-03 19:20:02.782 18896 18920 I AdrenoGLES-0: PFP: 0x016ee190, ME: 0x00000000
04-03 19:20:02.832  1280  1475 I SDM     : HWCDisplay::GetColorModeCount: Supported color mode count = 3
04-03 19:20:02.832  1280  1475 I SDM     : HWCDisplay::GetColorModes: Color mode = 0 is supported
04-03 19:20:02.832  1280  1475 I SDM     : HWCDisplay::GetColorModes: Color mode = 7 is supported
04-03 19:20:02.832  1280  1475 I SDM     : HWCDisplay::GetColorModes: Color mode = 9 is supported
04-03 19:20:02.833 18896 18920 D hw-ProcessState: Binder ioctl to enable oneway spam detection failed: Invalid argument
04-03 19:20:02.878  1280  1475 I SDM     : HWCDisplayBuiltIn::GetOptimalRefreshRate: active_refresh_rate_: 60
04-03 19:20:02.878 18896 18896 D CompatibilityChangeReporter: Compat change id reported: 171228096; UID 10152; state: ENABLED
04-03 19:20:02.891  1861  2151 I ActivityTaskManager: Displayed com.plcoding.baselineprofilemacrobenchmark/.MainActivity: +557ms
04-03 19:20:02.901  1280  1475 I SDM     : HWCDisplayBuiltIn::GetOptimalRefreshRate: active_refresh_rate_: 60
04-03 19:20:02.910  1280  1475 I SDM     : HWCDisplayBuiltIn::GetOptimalRefreshRate: active_refresh_rate_: 60
04-03 19:20:02.918  1280  1475 I SDM     : HWCDisplayBuiltIn::GetOptimalRefreshRate: active_refresh_rate_: 60
04-03 19:20:02.918  1289  1289 I QTI PowerHAL: Power setMode: 5 to: 0
04-03 19:20:02.923  3373  3764 I OpenGLRenderer: Davey! duration=9223087999103ms; Flags=0, FrameTimelineVsyncId=20909344, IntendedVsync=284037740805945, Vsync=284037740805945, InputEventId=0, HandleInputStart=284037741299238, AnimationStart=284037741301530, PerformTraversalsStart=284037741706686, DrawStart=284037741756426, FrameDeadline=284037756472611, FrameInterval=284037741296842, FrameStartTime=8333333, SyncQueued=284037741927103, SyncStart=284037752680489, IssueDrawCommandsStart=284037752743927, SwapBuffers=284037753863146, FrameCompleted=9223372036854775807, DequeueBufferDuration=27187, QueueBufferDuration=1128646, GpuCompleted=9223372036854775807, SwapBuffersCompleted=284037755288771, DisplayPresentTime=0,
04-03 19:20:02.927  4457  4457 I GoogleInputMethodService: GoogleInputMethodService.onFinishInput():3227
04-03 19:20:02.928 14792 14871 I BtGatt.ScanManager: msg.what = 6
04-03 19:20:02.928  4457  4457 I GoogleInputMethodService: GoogleInputMethodService.updateDeviceLockedStatus():2087 repeatCheckTimes = 0, unlocked = true
04-03 19:20:02.929  4457  4457 I GoogleInputMethodService: GoogleInputMethodService.onStartInput():1877 onStartInput(EditorInfo{inputType=0x0(NULL) imeOptions=0x0 privateImeOptions=null actionName=UNSPECIFIED actionLabel=null actionId=0 initialSelStart=-1 initialSelEnd=-1 initialCapsMode=0x0 hintText=null label=null packageName=com.plcoding.baselineprofilemacrobenchmark fieldId=-1 fieldName=null extras=null}, false)
04-03 19:20:02.929  4457  4457 I GoogleInputMethodService: GoogleInputMethodService.shouldHideHeaderOnInitialState():4008 ShouldHideHeaderOnInitialState = false
04-03 19:20:02.929  4457  4457 I GoogleInputMethodService: GoogleInputMethodService.updateDeviceLockedStatus():2087 repeatCheckTimes = 2, unlocked = true
04-03 19:20:02.935  1280  1475 I SDM     : HWCDisplayBuiltIn::GetOptimalRefreshRate: active_refresh_rate_: 60
04-03 19:20:02.944  4223  4223 D GameMode: onStartedActivityChange: componnent: ComponentInfo{com.motorola.launcher3/com.android.launcher3.CustomizationPanelLauncher} entered launcher screen? false
04-03 19:20:02.952  1280  1475 I SDM     : HWCDisplayBuiltIn::GetOptimalRefreshRate: active_refresh_rate_: 60
04-03 19:20:02.967  1280  1475 I SDM     : HWCDisplayBuiltIn::GetOptimalRefreshRate: active_refresh_rate_: 60
04-03 19:20:02.969  5679 18794 I MediaProvider: Deleted 0 0 0 0 0 0 1 items on external_primary due to com.e4ekta.benchmark
04-03 19:20:02.976  1280  1475 I SDM     : HWCDisplayBuiltIn::GetOptimalRefreshRate: active_refresh_rate_: 60
04-03 19:20:02.984  1280  1475 I SDM     : HWCDisplayBuiltIn::GetOptimalRefreshRate: active_refresh_rate_: 60
04-03 19:20:02.992  1280  1475 I SDM     : HWCDisplayBuiltIn::GetOptimalRefreshRate: active_refresh_rate_: 60
04-03 19:20:03.001  1280  1475 I SDM     : HWCDisplayBuiltIn::GetOptimalRefreshRate: active_refresh_rate_: 60
04-03 19:20:03.009  1280  1475 I SDM     : HWCDisplayBuiltIn::GetOptimalRefreshRate: active_refresh_rate_: 60
04-03 19:20:03.012  6586 18785 I NetworkScheduler.Stats: Task com.google.android.gms/com.google.android.gms.ipa.base.IpaGcmTaskService started execution. cause:9 exec_start_elapsed_seconds: 459760 [CONTEXT service_id=218 ]
04-03 19:20:03.016  1280  1475 I SDM     : HWCDisplayBuiltIn::GetOptimalRefreshRate: active_refresh_rate_: 60
04-03 19:20:03.025  6586 13526 I NetworkScheduler.Stats: Task com.google.android.gms/com.google.android.gms.ipa.base.IpaGcmTaskService finished executing. cause:9 result: 1 elapsed_millis: 26 uptime_millis: 26 exec_start_elapsed_seconds: 459760 [CONTEXT service_id=218 ]
04-03 19:20:03.026  1280  1475 I SDM     : HWCDisplayBuiltIn::GetOptimalRefreshRate: active_refresh_rate_: 60
04-03 19:20:03.034  1280  1475 I SDM     : HWCDisplayBuiltIn::GetOptimalRefreshRate: active_refresh_rate_: 60
04-03 19:20:03.051  1280  1475 I SDM     : HWCDisplayBuiltIn::GetOptimalRefreshRate: active_refresh_rate_: 60
04-03 19:20:03.059  1280  1475 I SDM     : HWCDisplayBuiltIn::GetOptimalRefreshRate: active_refresh_rate_: 60
04-03 19:20:03.067  1280  1475 I SDM     : HWCDisplayBuiltIn::GetOptimalRefreshRate: active_refresh_rate_: 60
04-03 19:20:03.084  1280  1475 I SDM     : HWCDisplayBuiltIn::GetOptimalRefreshRate: active_refresh_rate_: 60
04-03 19:20:03.110  1280  1475 I SDM     : HWCDisplayBuiltIn::GetOptimalRefreshRate: active_refresh_rate_: 60
04-03 19:20:03.134  1280  1475 I SDM     : HWCDisplayBuiltIn::GetOptimalRefreshRate: active_refresh_rate_: 60
04-03 19:20:03.175  1289  1289 I QTI PowerHAL: Power setBoost: 0, duration: 0
04-03 19:20:03.176  1280  1475 I SDM     : HWCDisplayBuiltIn::GetOptimalRefreshRate: active_refresh_rate_: 60
04-03 19:20:03.180  1861 11771 W InputManager-JNI: Input channel object '187c3e5 Splash Screen com.plcoding.baselineprofilemacrobenchmark (client)' was disposed without first being removed with the input manager!
04-03 19:20:03.185  1280  1475 I SDM     : HWCDisplayBuiltIn::GetOptimalRefreshRate: active_refresh_rate_: 60
04-03 19:20:03.192  1280  1475 I SDM     : HWCDisplayBuiltIn::GetOptimalRefreshRate: active_refresh_rate_: 60
04-03 19:20:03.200  1280  1475 I SDM     : HWCDisplayBuiltIn::GetOptimalRefreshRate: active_refresh_rate_: 60
04-03 19:20:03.209  1280  1475 I SDM     : HWCDisplayBuiltIn::GetOptimalRefreshRate: active_refresh_rate_: 60
04-03 19:20:03.217  1280  1475 I SDM     : HWCDisplayBuiltIn::GetOptimalRefreshRate: active_refresh_rate_: 60
04-03 19:20:03.226  1280  1475 I SDM     : HWCDisplayBuiltIn::GetOptimalRefreshRate: active_refresh_rate_: 60
04-03 19:20:03.234  1280  1475 I SDM     : HWCDisplayBuiltIn::GetOptimalRefreshRate: active_refresh_rate_: 60
04-03 19:20:03.242  1280  1475 I SDM     : HWCDisplayBuiltIn::GetOptimalRefreshRate: active_refresh_rate_: 60
04-03 19:20:03.251  1280  1475 I SDM     : HWCDisplayBuiltIn::GetOptimalRefreshRate: active_refresh_rate_: 60
04-03 19:20:03.260  1280  1475 I SDM     : HWCDisplayBuiltIn::GetOptimalRefreshRate: active_refresh_rate_: 60
04-03 19:20:03.268  1280  1475 I SDM     : HWCDisplayBuiltIn::GetOptimalRefreshRate: active_refresh_rate_: 60
04-03 19:20:03.275  1280  1475 I SDM     : HWCDisplayBuiltIn::GetOptimalRefreshRate: active_refresh_rate_: 60
04-03 19:20:03.284  1280  1475 I SDM     : HWCDisplayBuiltIn::GetOptimalRefreshRate: active_refresh_rate_: 60
04-03 19:20:03.293  1280  1475 I SDM     : HWCDisplayBuiltIn::GetOptimalRefreshRate: active_refresh_rate_: 60
04-03 19:20:03.301  1280  1475 I SDM     : HWCDisplayBuiltIn::GetOptimalRefreshRate: active_refresh_rate_: 60
04-03 19:20:03.309  1280  1475 I SDM     : HWCDisplayBuiltIn::GetOptimalRefreshRate: active_refresh_rate_: 60
04-03 19:20:03.318  1280  1475 I SDM     : HWCDisplayBuiltIn::GetOptimalRefreshRate: active_refresh_rate_: 60
04-03 19:20:03.326  1280  1475 I SDM     : HWCDisplayBuiltIn::GetOptimalRefreshRate: active_refresh_rate_: 60
04-03 19:20:03.337  1280  1475 I SDM     : HWCDisplayBuiltIn::GetOptimalRefreshRate: active_refresh_rate_: 60
04-03 19:20:03.350  1280  1475 I SDM     : HWCDisplayBuiltIn::GetOptimalRefreshRate: active_refresh_rate_: 60
04-03 19:20:03.483  1280  1475 I SDM     : HWCDisplayBuiltIn::GetOptimalRefreshRate: active_refresh_rate_: 60
04-03 19:20:03.525  1280  1475 I SDM     : HWCDisplayBuiltIn::GetOptimalRefreshRate: active_refresh_rate_: 60
04-03 19:20:03.899  5982  6140 D CmdCenter: - RowBase2: sPrevModStatus: 1, modStatus: 1
04-03 19:20:03.899  5982  6140 D CmdCenter: - RowBase2: sPrevBatStatus: 2, status: 2
04-03 19:20:03.899  5982  6140 D CmdCenter: - RowBase2: sPrevChargeRate = 3, new = 3
04-03 19:20:03.899  5982  6140 D CmdCenter: - RowBase2: sPrevPlugType: 1 plugType: 1
04-03 19:20:03.904  3397  3397 V DeviceStatisticsService: chargerType=1 batteryLevel=72 totalBatteryCapacity=6002500
04-03 19:20:04.017  1690 10352 D LOWI-9.0.0.87: [LOWI-Scan] wait_event:Wait done with Cmd 103
04-03 19:20:04.018  1690 10352 D LOWI-9.0.0.87: [LOWI-Scan] do_listen_events: Rcvd valid Netlink Cmd 0 Err 0
04-03 19:20:04.018  1292  2913 I WifiHAL : event received NL80211_CMD_VENDOR, vendor_id = 0x1374, subcmd = 0xd
04-03 19:20:04.018  1643  1643 I cnss-daemon: nl80211 response handler invoked
04-03 19:20:04.018  1643  1643 I cnss-daemon: nl80211_response_handler: cmd 103, vendorID 4980, subcmd 13  received
04-03 19:20:04.041  1280  1475 I SDM     : HWCDisplayBuiltIn::GetOptimalRefreshRate: active_refresh_rate_: 60
04-03 19:20:04.043  1289  1289 I QTI PowerHAL: Power setBoost: 0, duration: 0
04-03 19:20:04.045  1289  1289 I QTI PowerHAL: Power setBoost: 0, duration: 0
04-03 19:20:04.057  1280  1475 I SDM     : HWCDisplayBuiltIn::GetOptimalRefreshRate: active_refresh_rate_: 60
04-03 19:20:04.083  1280  1475 I SDM     : HWCDisplayBuiltIn::GetOptimalRefreshRate: active_refresh_rate_: 60
04-03 19:20:04.586  1289  1289 I QTI PowerHAL: Power setBoost: 0, duration: 0
04-03 19:20:04.592  1289  1289 I QTI PowerHAL: Power setBoost: 0, duration: 0
04-03 19:20:04.693  1289  1289 I QTI PowerHAL: Power setBoost: 0, duration: 0
04-03 19:20:04.694  1289  1289 I QTI PowerHAL: Power setBoost: 0, duration: 0
04-03 19:20:04.794  1289  1289 I QTI PowerHAL: Power setBoost: 0, duration: 0
04-03 19:20:04.795  1289  1289 I QTI PowerHAL: Power setBoost: 0, duration: 0
04-03 19:20:04.901  1289  1289 I QTI PowerHAL: Power setBoost: 0, duration: 0
04-03 19:20:04.903  1289  1289 I QTI PowerHAL: Power setBoost: 0, duration: 0
04-03 19:20:05.010  1289  1289 I QTI PowerHAL: Power setBoost: 0, duration: 0
04-03 19:20:05.011  1289  1289 I QTI PowerHAL: Power setBoost: 0, duration: 0
04-03 19:20:05.082  1280  1475 I SDM     : HWCDisplayBuiltIn::GetOptimalRefreshRate: active_refresh_rate_: 60
04-03 19:20:05.091  1280  1475 I SDM     : HWCDisplayBuiltIn::GetOptimalRefreshRate: active_refresh_rate_: 60
04-03 19:20:05.109  1289  1289 I QTI PowerHAL: Power setBoost: 0, duration: 0
04-03 19:20:05.112  1289  1289 I QTI PowerHAL: Power setBoost: 0, duration: 0
04-03 19:20:05.225  1289  1289 I QTI PowerHAL: Power setBoost: 0, duration: 0
04-03 19:20:05.226  1289  1289 I QTI PowerHAL: Power setBoost: 0, duration: 0
04-03 19:20:05.291  1280  1475 I SDM     : HWCDisplayBuiltIn::GetOptimalRefreshRate: active_refresh_rate_: 60
04-03 19:20:05.300  1280  1475 I SDM     : HWCDisplayBuiltIn::GetOptimalRefreshRate: active_refresh_rate_: 60
04-03 19:20:05.351  1289  1289 I QTI PowerHAL: Power setBoost: 0, duration: 0
04-03 19:20:05.352  1289  1289 I QTI PowerHAL: Power setBoost: 0, duration: 0
04-03 19:20:05.468  1289  1289 I QTI PowerHAL: Power setBoost: 0, duration: 0
04-03 19:20:05.469  1289  1289 I QTI PowerHAL: Power setBoost: 0, duration: 0
04-03 19:20:05.570  1289  1289 I QTI PowerHAL: Power setBoost: 0, duration: 0
04-03 19:20:05.572  1289  1289 I QTI PowerHAL: Power setBoost: 0, duration: 0
04-03 19:20:05.619  1289  1289 I QTI PowerHAL: Power setBoost: 0, duration: 2455
