04-03 19:20:05.752 18896 18923 I OpenGLRenderer: Davey! duration=9223087996280ms; Flags=0, FrameTimelineVsyncId=20909986, IntendedVsync=284040574206358, Vsync=284040574206358, InputEventId=0, HandleInputStart=284040575408166, AnimationStart=284040575409312, PerformTraversalsStart=284040575409937, DrawStart=284040575468010, FrameDeadline=284040589873024, FrameInterval=284040575403479, FrameStartTime=8333333, SyncQueued=284040576105510, SyncStart=284040576142177, IssueDrawCommandsStart=284040576319625, SwapBuffers=284040585139053, FrameCompleted=9223372036854775807, DequeueBufferDuration=26823, QueueBufferDuration=1162448, GpuCompleted=9223372036854775807, SwapBuffersCompleted=284040586864522, DisplayPresentTime=0,
04-03 19:20:05.761 18896 18923 I OpenGLRenderer: Davey! duration=9223087996271ms; Flags=0, FrameTimelineVsyncId=20909988, IntendedVsync=284040582581167, Vsync=284040582581167, InputEventId=0, HandleInputStart=284040585977386, AnimationStart=284040585978740, PerformTraversalsStart=284040585979522, DrawStart=284040586035094, FrameDeadline=284040606581166, FrameInterval=284040585973844, FrameStartTime=8333333, SyncQueued=284040586484522, SyncStart=284040586952699, IssueDrawCommandsStart=284040587119418, SwapBuffers=284040587953116, FrameCompleted=9223372036854775807, DequeueBufferDuration=22031, QueueBufferDuration=4511355, GpuCompleted=9223372036854775807, SwapBuffersCompleted=284040593176918, DisplayPresentTime=0,
04-03 19:20:05.806  5982  6140 D CmdCenter: - RowBase2: sPrevModStatus: 1, modStatus: 1
04-03 19:20:05.807  5982  6140 D CmdCenter: - RowBase2: sPrevBatStatus: 2, status: 2
04-03 19:20:05.807  5982  6140 D CmdCenter: - RowBase2: sPrevChargeRate = 3, new = 3
04-03 19:20:05.807  5982  6140 D CmdCenter: - RowBase2: sPrevPlugType: 1 plugType: 1
04-03 19:20:05.809  3397  3397 V DeviceStatisticsService: chargerType=1 batteryLevel=72 totalBatteryCapacity=6002500
04-03 19:20:06.019  1690 10352 D LOWI-9.0.0.87: [LOWI-Scan] wait_event:Wait done with Cmd 103
04-03 19:20:06.020  1292  2913 I WifiHAL : event received NL80211_CMD_VENDOR, vendor_id = 0x1374, subcmd = 0xd
04-03 19:20:06.020  1690 10352 D LOWI-9.0.0.87: [LOWI-Scan] do_listen_events: Rcvd valid Netlink Cmd 0 Err 0
04-03 19:20:06.020  1643  1643 I cnss-daemon: nl80211 response handler invoked
04-03 19:20:06.020  1643  1643 I cnss-daemon: nl80211_response_handler: cmd 103, vendorID 4980, subcmd 13  received
04-03 19:20:06.027  5692  5692 W NotifListenerAccessor: Ran out of retries when requesting listener hints!
04-03 19:20:06.044  5692  5692 W NotifListenerAccessor: Ran out of retries when requesting listener hints!
04-03 19:20:07.934  1280  1475 I SDM     : HWCDisplayBuiltIn::GetOptimalRefreshRate: active_refresh_rate_: 60
04-03 19:20:07.940  3373  3854 I OpenGLRenderer: Davey! duration=9223087994096ms; Flags=0, FrameTimelineVsyncId=20910287, IntendedVsync=284042757934469, Vsync=284042757934469, InputEventId=0, HandleInputStart=284042760553228, AnimationStart=284042760555676, PerformTraversalsStart=284042760557030, DrawStart=284042761838384, FrameDeadline=284042773601135, FrameInterval=284042760546665, FrameStartTime=8333333, SyncQueued=284042762410363, SyncStart=284042762772603, IssueDrawCommandsStart=284042763658072, SwapBuffers=284042770644375, FrameCompleted=9223372036854775807, DequeueBufferDuration=100104, QueueBufferDuration=2160625, GpuCompleted=9223372036854775807, SwapBuffersCompleted=284042773880833, DisplayPresentTime=0,
04-03 19:20:08.021  1690 10352 D LOWI-9.0.0.87: [LOWI-Scan] wait_event:Wait done with Cmd 103
04-03 19:20:08.021  1690 10352 D LOWI-9.0.0.87: [LOWI-Scan] do_listen_events: Rcvd valid Netlink Cmd 0 Err 0
04-03 19:20:08.022  1643  1643 I cnss-daemon: nl80211 response handler invoked
04-03 19:20:08.022  1643  1643 I cnss-daemon: nl80211_response_handler: cmd 103, vendorID 4980, subcmd 13  received
04-03 19:20:08.022  1292  2913 I WifiHAL : event received NL80211_CMD_VENDOR, vendor_id = 0x1374, subcmd = 0xd
04-03 19:20:08.256  1756  2125 E QMI_FW  : qmi_cci_put_ref: ref count decreased 1
04-03 19:20:08.258  1756  1856 E QMI_FW  : qmi_cci_put_ref: ref count decreased 1
04-03 19:20:08.312 18896 18948 D ProfileInstaller: Skipping profile installation for com.plcoding.baselineprofilemacrobenchmark
04-03 19:20:09.025  1280  1475 I SDM     : HWCDisplayBuiltIn::GetOptimalRefreshRate: active_refresh_rate_: 60
04-03 19:20:09.027  1289  1289 I QTI PowerHAL: Power setBoost: 0, duration: 0
04-03 19:20:09.031  1289  1289 I QTI PowerHAL: Power setBoost: 0, duration: 0
04-03 19:20:09.083  1280  1475 I SDM     : HWCDisplayBuiltIn::GetOptimalRefreshRate: active_refresh_rate_: 60
04-03 19:20:09.088 18896 18923 I OpenGLRenderer: Davey! duration=9223087992972ms; Flags=0, FrameTimelineVsyncId=20910423, IntendedVsync=284043882493684, Vsync=284043882493684, InputEventId=-167442800, HandleInputStart=284043889082299, AnimationStart=284043889085892, PerformTraversalsStart=284043905173498, DrawStart=284043905305633, FrameDeadline=284043906493683, FrameInterval=284043889075944, FrameStartTime=8333333, SyncQueued=284043911306884, SyncStart=284043911475270, IssueDrawCommandsStart=284043912253290, SwapBuffers=284043919943968, FrameCompleted=9223372036854775807, DequeueBufferDuration=97657, QueueBufferDuration=1811406, GpuCompleted=9223372036854775807, SwapBuffersCompleted=284043922940791, DisplayPresentTime=0,
04-03 19:20:09.100  1280  1475 I SDM     : HWCDisplayBuiltIn::GetOptimalRefreshRate: active_refresh_rate_: 60
04-03 19:20:09.116  1280  1475 I SDM     : HWCDisplayBuiltIn::GetOptimalRefreshRate: active_refresh_rate_: 60
04-03 19:20:09.121 18896 18913 I OpenGLRenderer: Davey! duration=9223087992924ms; Flags=0, FrameTimelineVsyncId=20910430, IntendedVsync=284043924169325, Vsync=284043924169325, InputEventId=0, HandleInputStart=284043925747146, AnimationStart=284043925748396, PerformTraversalsStart=284043926319750, DrawStart=284043926403188, FrameDeadline=284043948169324, FrameInterval=284043925743865, FrameStartTime=8333333, SyncQueued=284043926638084, SyncStart=284043932615740, IssueDrawCommandsStart=284043933093917, SwapBuffers=284043952416263, FrameCompleted=9223372036854775807, DequeueBufferDuration=54844, QueueBufferDuration=1856355, GpuCompleted=9223372036854775807, SwapBuffersCompleted=284043955049076, DisplayPresentTime=0,
04-03 19:20:09.128 18896 18913 I OpenGLRenderer: Davey! duration=9223087992902ms; Flags=0, FrameTimelineVsyncId=20910432, IntendedVsync=284043932499933, Vsync=284043932499933, InputEventId=0, HandleInputStart=284043934441001, AnimationStart=284043934442251, PerformTraversalsStart=284043935067095, DrawStart=284043935127668, FrameDeadline=284043956499932, FrameInterval=284043934437511, FrameStartTime=8333333, SyncQueued=284043935368605, SyncStart=284043955241888, IssueDrawCommandsStart=284043955364753, SwapBuffers=284043956257774, FrameCompleted=9223372036854775807, DequeueBufferDuration=23698, QueueBufferDuration=6415105, GpuCompleted=9223372036854775807, SwapBuffersCompleted=284043963182202, DisplayPresentTime=0,
04-03 19:20:09.135 18896 18913 I OpenGLRenderer: Davey! duration=9223087992907ms; Flags=0, FrameTimelineVsyncId=20910434, IntendedVsync=284043940833251, Vsync=284043949166584, InputEventId=0, HandleInputStart=284043956741680, AnimationStart=284043956742982, PerformTraversalsStart=284043957262201, DrawStart=284043957324076, FrameDeadline=284043964833250, FrameInterval=284043956738712, FrameStartTime=8333333, SyncQueued=284043957644962, SyncStart=284043963954389, IssueDrawCommandsStart=284043964062618, SwapBuffers=284043965184025, FrameCompleted=9223372036854775807, DequeueBufferDuration=30521, QueueBufferDuration=6312917, GpuCompleted=9223372036854775807, SwapBuffersCompleted=284043971925067, DisplayPresentTime=0,
04-03 19:20:09.606  6578 18951 I GmscoreIpa: Starting mediastore instant index [CONTEXT service_id=255 ]
04-03 19:20:10.029  1690 10352 D LOWI-9.0.0.87: [LOWI-Scan] wait_event:Wait done with Cmd 103
04-03 19:20:10.029  1690 10352 D LOWI-9.0.0.87: [LOWI-Scan] do_listen_events: Rcvd valid Netlink Cmd 0 Err 0
04-03 19:20:10.030  1643  1643 I cnss-daemon: nl80211 response handler invoked
04-03 19:20:10.031  1643  1643 I cnss-daemon: nl80211_response_handler: cmd 103, vendorID 4980, subcmd 13  received
04-03 19:20:10.032  1292  2913 I WifiHAL : event received NL80211_CMD_VENDOR, vendor_id = 0x1374, subcmd = 0xd
04-03 19:20:10.209 18485 18506 I PerfettoCapture: Stopping perfetto.
04-03 19:20:10.240 18866 18866 I perfetto: perfetto_cmd.cc:951     SIGINT/SIGTERM received: disabling tracing.
04-03 19:20:10.245 18485 18506 D Benchmark: kill -TERM command output -
04-03 19:20:10.245  1523  1523 I perfetto: probes_producer.cc:340  Producer stop (id=29)
04-03 19:20:10.246  1523  1523 I perfetto: ftrace_procfs.cc:213    disabled ftrace in /sys/kernel/tracing/
04-03 19:20:10.281 18959 18959 D hw-ProcessState: Binder ioctl to enable oneway spam detection failed: Invalid argument
04-03 19:20:10.289  1523  1523 I perfetto: probes_producer.cc:340  Producer stop (id=30)
04-03 19:20:10.289  1523  1523 I perfetto: probes_producer.cc:340  Producer stop (id=31)
04-03 19:20:10.510 18866 18866 I perfetto: perfetto_cmd.cc:913     Trace written into the output file
04-03 19:20:10.521  1527  1527 I perfetto: ng_service_impl.cc:2293 Tracing session 8 ended, total sessions:0
04-03 19:20:10.629  1756  2125 E QMI_FW  : qmi_cci_put_ref: ref count decreased 1
04-03 19:20:10.635  1756  1856 E QMI_FW  : qmi_cci_put_ref: ref count decreased 1
04-03 19:20:10.802 18485 18506 D Benchmark: Waiting 500 ms for [ProcessPid(processName=perfetto, pid=18866)] to die
04-03 19:20:10.878 18485 18506 I PerfettoCapture: Writing to /storage/emulated/0/Android/media/com.e4ekta.benchmark/ExampleStartupBenchmark_scrollAndNavigate_iter001_2023-04-03-13-50-10.perfetto-trace.
04-03 19:20:10.934  5679 17916 W MediaProvider: isAppCloneUserPair failed. Users: 0 and 0
04-03 19:20:10.934  5679 17916 W MediaProvider: isAppCloneUserPair for user 0: false
04-03 19:20:10.986  6586 18785 I NetworkScheduler.Stats: Task com.google.android.gms/com.google.android.gms.ipa.base.IpaGcmTaskService started execution. cause:9 exec_start_elapsed_seconds: 459768 [CONTEXT service_id=218 ]
04-03 19:20:10.993  6586 18391 I NetworkScheduler.Stats: Task com.google.android.gms/com.google.android.gms.ipa.base.IpaGcmTaskService finished executing. cause:9 result: 1 elapsed_millis: 23 uptime_millis: 24 exec_start_elapsed_seconds: 459768 [CONTEXT service_id=218 ]
04-03 19:20:11.055  6586 13526 I NetworkScheduler.Stats: Task com.google.android.gms/com.google.android.gms.clearcut.uploader.QosUploaderService started execution. cause:5 exec_start_elapsed_seconds: 459768 [CONTEXT service_id=218 ]
04-03 19:20:11.235  6586 13526 E AuthPII : [GoogleAccountDataServiceImpl] getToken() -> BAD_AUTHENTICATION. App: com.google.android.gms, Service: oauth2:https://www.googleapis.com/auth/cclog
04-03 19:20:11.235  6586 13526 E AuthPII : zhm: Long live credential not available.
04-03 19:20:11.235  6586 13526 E AuthPII : 	at let.a(:com.google.android.gms@224814044@22.48.14 (190400-493411920):8)
04-03 19:20:11.235  6586 13526 E AuthPII : 	at lez.c(:com.google.android.gms@224814044@22.48.14 (190400-493411920):3)
04-03 19:20:11.235  6586 13526 E AuthPII : 	at ldg.l(:com.google.android.gms@224814044@22.48.14 (190400-493411920):47)
04-03 19:20:11.235  6586 13526 E AuthPII : 	at gmm.n(:com.google.android.gms@224814044@22.48.14 (190400-493411920):35)
04-03 19:20:11.235  6586 13526 E AuthPII : 	at gmm.e(:com.google.android.gms@224814044@22.48.14 (190400-493411920):77)
04-03 19:20:11.235  6586 13526 E AuthPII : 	at gmm.h(:com.google.android.gms@224814044@22.48.14 (190400-493411920):0)
04-03 19:20:11.235  6586 13526 E AuthPII : 	at kzc.a(:com.google.android.gms@224814044@22.48.14 (190400-493411920):3)
04-03 19:20:11.235  6586 13526 E AuthPII : 	at kzj.G(:com.google.android.gms@224814044@22.48.14 (190400-493411920):4)
04-03 19:20:11.235  6586 13526 E AuthPII : 	at kzj.I(:com.google.android.gms@224814044@22.48.14 (190400-493411920):10)
04-03 19:20:11.235  6586 13526 E AuthPII : 	at kyz.p(:com.google.android.gms@224814044@22.48.14 (190400-493411920):4)
04-03 19:20:11.235  6586 13526 E AuthPII : 	at yrc.b(:com.google.android.gms@224814044@22.48.14 (190400-493411920):8)
04-03 19:20:11.235  6586 13526 E AuthPII : 	at com.google.android.gms.clearcut.uploader.QosUploaderChimeraService.g(:com.google.android.gms@224814044@22.48.14 (190400-493411920):109)
04-03 19:20:11.235  6586 13526 E AuthPII : 	at com.google.android.gms.clearcut.uploader.QosUploaderChimeraService.a(:com.google.android.gms@224814044@22.48.14 (190400-493411920):2)
04-03 19:20:11.235  6586 13526 E AuthPII : 	at askt.call(:com.google.android.gms@224814044@22.48.14 (190400-493411920):4)
04-03 19:20:11.235  6586 13526 E AuthPII : 	at java.util.concurrent.FutureTask.run(FutureTask.java:266)
04-03 19:20:11.235  6586 13526 E AuthPII : 	at aais.c(:com.google.android.gms@224814044@22.48.14 (190400-493411920):6)
04-03 19:20:11.235  6586 13526 E AuthPII : 	at aais.run(:com.google.android.gms@224814044@22.48.14 (190400-493411920):7)
04-03 19:20:11.235  6586 13526 E AuthPII : 	at java.util.concurrent.ThreadPoolExecutor.runWorker(ThreadPoolExecutor.java:1167)
04-03 19:20:11.235  6586 13526 E AuthPII : 	at java.util.concurrent.ThreadPoolExecutor$Worker.run(ThreadPoolExecutor.java:641)
04-03 19:20:11.235  6586 13526 E AuthPII : 	at aanw.run(:com.google.android.gms@224814044@22.48.14 (190400-493411920):0)
04-03 19:20:11.235  6586 13526 E AuthPII : 	at java.lang.Thread.run(Thread.java:920)
04-03 19:20:11.236  6586 13526 E AuthPII : Message is Long live credential not available.
04-03 19:20:11.236  6586 13526 E AuthPII : zhm: Long live credential not available.
04-03 19:20:11.236  6586 13526 E AuthPII : 	at let.a(:com.google.android.gms@224814044@22.48.14 (190400-493411920):8)
04-03 19:20:11.236  6586 13526 E AuthPII : 	at lez.c(:com.google.android.gms@224814044@22.48.14 (190400-493411920):3)
04-03 19:20:11.236  6586 13526 E AuthPII : 	at ldg.l(:com.google.android.gms@224814044@22.48.14 (190400-493411920):47)
04-03 19:20:11.236  6586 13526 E AuthPII : 	at gmm.n(:com.google.android.gms@224814044@22.48.14 (190400-493411920):35)
04-03 19:20:11.236  6586 13526 E AuthPII : 	at gmm.e(:com.google.android.gms@224814044@22.48.14 (190400-493411920):77)
04-03 19:20:11.236  6586 13526 E AuthPII : 	at gmm.h(:com.google.android.gms@224814044@22.48.14 (190400-493411920):0)
04-03 19:20:11.236  6586 13526 E AuthPII : 	at kzc.a(:com.google.android.gms@224814044@22.48.14 (190400-493411920):3)
04-03 19:20:11.236  6586 13526 E AuthPII : 	at kzj.G(:com.google.android.gms@224814044@22.48.14 (190400-493411920):4)
04-03 19:20:11.236  6586 13526 E AuthPII : 	at kzj.I(:com.google.android.gms@224814044@22.48.14 (190400-493411920):10)
04-03 19:20:11.236  6586 13526 E AuthPII : 	at kyz.p(:com.google.android.gms@224814044@22.48.14 (190400-493411920):4)
04-03 19:20:11.236  6586 13526 E AuthPII : 	at yrc.b(:com.google.android.gms@224814044@22.48.14 (190400-493411920):8)
04-03 19:20:11.236  6586 13526 E AuthPII : 	at com.google.android.gms.clearcut.uploader.QosUploaderChimeraService.g(:com.google.android.gms@224814044@22.48.14 (190400-493411920):109)
04-03 19:20:11.236  6586 13526 E AuthPII : 	at com.google.android.gms.clearcut.uploader.QosUploaderChimeraService.a(:com.google.android.gms@224814044@22.48.14 (190400-493411920):2)
04-03 19:20:11.236  6586 13526 E AuthPII : 	at askt.call(:com.google.android.gms@224814044@22.48.14 (190400-493411920):4)
04-03 19:20:11.236  6586 13526 E AuthPII : 	at java.util.concurrent.FutureTask.run(FutureTask.java:266)
04-03 19:20:11.236  6586 13526 E AuthPII : 	at aais.c(:com.google.android.gms@224814044@22.48.14 (190400-493411920):6)
04-03 19:20:11.236  6586 13526 E AuthPII : 	at aais.run(:com.google.android.gms@224814044@22.48.14 (190400-493411920):7)
04-03 19:20:11.236  6586 13526 E AuthPII : 	at java.util.concurrent.ThreadPoolExecutor.runWorker(ThreadPoolExecutor.java:1167)
04-03 19:20:11.236  6586 13526 E AuthPII : 	at java.util.concurrent.ThreadPoolExecutor$Worker.run(ThreadPoolExecutor.java:641)
04-03 19:20:11.236  6586 13526 E AuthPII : 	at aanw.run(:com.google.android.gms@224814044@22.48.14 (190400-493411920):0)
04-03 19:20:11.236  6586 13526 E AuthPII : 	at java.lang.Thread.run(Thread.java:920)
04-03 19:20:11.236  6586 13526 W Auth    : [GetToken] GetToken failed with status code: BadAuthentication
04-03 19:20:11.243  6586 13526 W Auth    : [GoogleAuthUtil] isUserRecoverableError status: BAD_AUTHENTICATION
04-03 19:20:11.244  6586 13526 W GoogleAuthUtil: Error when getting token
04-03 19:20:11.244  6586 13526 W GoogleAuthUtil: com.google.android.gms.auth.UserRecoverableAuthException: BadAuthentication
04-03 19:20:11.244  6586 13526 W GoogleAuthUtil: 	at kzj.D(:com.google.android.gms@224814044@22.48.14 (190400-493411920):2)
04-03 19:20:11.244  6586 13526 W GoogleAuthUtil: 	at kzj.s(:com.google.android.gms@224814044@22.48.14 (190400-493411920):3)
04-03 19:20:11.244  6586 13526 W GoogleAuthUtil: 	at kzc.a(:com.google.android.gms@224814044@22.48.14 (190400-493411920):5)
04-03 19:20:11.244  6586 13526 W GoogleAuthUtil: 	at kzj.G(:com.google.android.gms@224814044@22.48.14 (190400-493411920):4)
04-03 19:20:11.244  6586 13526 W GoogleAuthUtil: 	at kzj.I(:com.google.android.gms@224814044@22.48.14 (190400-493411920):10)
04-03 19:20:11.244  6586 13526 W GoogleAuthUtil: 	at kyz.p(:com.google.android.gms@224814044@22.48.14 (190400-493411920):4)
04-03 19:20:11.244  6586 13526 W GoogleAuthUtil: 	at yrc.b(:com.google.android.gms@224814044@22.48.14 (190400-493411920):8)
04-03 19:20:11.244  6586 13526 W GoogleAuthUtil: 	at com.google.android.gms.clearcut.uploader.QosUploaderChimeraService.g(:com.google.android.gms@224814044@22.48.14 (190400-493411920):109)
04-03 19:20:11.244  6586 13526 W GoogleAuthUtil: 	at com.google.android.gms.clearcut.uploader.QosUploaderChimeraService.a(:com.google.android.gms@224814044@22.48.14 (190400-493411920):2)
04-03 19:20:11.244  6586 13526 W GoogleAuthUtil: 	at askt.call(:com.google.android.gms@224814044@22.48.14 (190400-493411920):4)
04-03 19:20:11.244  6586 13526 W GoogleAuthUtil: 	at java.util.concurrent.FutureTask.run(FutureTask.java:266)
04-03 19:20:11.244  6586 13526 W GoogleAuthUtil: 	at aais.c(:com.google.android.gms@224814044@22.48.14 (190400-493411920):6)
04-03 19:20:11.244  6586 13526 W GoogleAuthUtil: 	at aais.run(:com.google.android.gms@224814044@22.48.14 (190400-493411920):7)
04-03 19:20:11.244  6586 13526 W GoogleAuthUtil: 	at java.util.concurrent.ThreadPoolExecutor.runWorker(ThreadPoolExecutor.java:1167)
04-03 19:20:11.244  6586 13526 W GoogleAuthUtil: 	at java.util.concurrent.ThreadPoolExecutor$Worker.run(ThreadPoolExecutor.java:641)
04-03 19:20:11.244  6586 13526 W GoogleAuthUtil: 	at aanw.run(:com.google.android.gms@224814044@22.48.14 (190400-493411920):0)
04-03 19:20:11.244  6586 13526 W GoogleAuthUtil: 	at java.lang.Thread.run(Thread.java:920)
04-03 19:20:11.244  6586 13526 I CCTUploader: Failed to get auth token due to class kzt
04-03 19:20:11.246 18485 18506 D Benchmark: Copying /storage/emulated/0/Android/media/com.e4ekta.benchmark/ExampleStartupBenchmark_scrollAndNavigate_iter001_2023-04-03-13-50-10.perfetto-trace to /sdcard/Android/media/com.e4ekta.benchmark/additional_test_output/ExampleStartupBenchmark_scrollAndNavigate_iter001_2023-04-03-13-50-10.perfetto-trace
04-03 19:20:11.249  6586 13526 E AuthPII : [GoogleAccountDataServiceImpl] getToken() -> BAD_AUTHENTICATION. App: com.google.android.gms, Service: oauth2:https://www.googleapis.com/auth/cclog
04-03 19:20:11.249  6586 13526 E AuthPII : zhm: Long live credential not available.
04-03 19:20:11.249  6586 13526 E AuthPII : 	at let.a(:com.google.android.gms@224814044@22.48.14 (190400-493411920):8)
04-03 19:20:11.249  6586 13526 E AuthPII : 	at lez.c(:com.google.android.gms@224814044@22.48.14 (190400-493411920):3)
04-03 19:20:11.249  6586 13526 E AuthPII : 	at ldg.l(:com.google.android.gms@224814044@22.48.14 (190400-493411920):47)
04-03 19:20:11.249  6586 13526 E AuthPII : 	at gmm.n(:com.google.android.gms@224814044@22.48.14 (190400-493411920):35)
04-03 19:20:11.249  6586 13526 E AuthPII : 	at gmm.e(:com.google.android.gms@224814044@22.48.14 (190400-493411920):77)
04-03 19:20:11.249  6586 13526 E AuthPII : 	at gmm.h(:com.google.android.gms@224814044@22.48.14 (190400-493411920):0)
04-03 19:20:11.249  6586 13526 E AuthPII : 	at kzc.a(:com.google.android.gms@224814044@22.48.14 (190400-493411920):3)
04-03 19:20:11.249  6586 13526 E AuthPII : 	at kzj.G(:com.google.android.gms@224814044@22.48.14 (190400-493411920):4)
04-03 19:20:11.249  6586 13526 E AuthPII : 	at kzj.I(:com.google.android.gms@224814044@22.48.14 (190400-493411920):10)
04-03 19:20:11.249  6586 13526 E AuthPII : 	at kyz.p(:com.google.android.gms@224814044@22.48.14 (190400-493411920):4)
04-03 19:20:11.249  6586 13526 E AuthPII : 	at yrc.b(:com.google.android.gms@224814044@22.48.14 (190400-493411920):8)
04-03 19:20:11.249  6586 13526 E AuthPII : 	at com.google.android.gms.clearcut.uploader.QosUploaderChimeraService.g(:com.google.android.gms@224814044@22.48.14 (190400-493411920):109)
04-03 19:20:11.249  6586 13526 E AuthPII : 	at com.google.android.gms.clearcut.uploader.QosUploaderChimeraService.a(:com.google.android.gms@224814044@22.48.14 (190400-493411920):2)
04-03 19:20:11.249  6586 13526 E AuthPII : 	at askt.call(:com.google.android.gms@224814044@22.48.14 (190400-493411920):4)
04-03 19:20:11.249  6586 13526 E AuthPII : 	at java.util.concurrent.FutureTask.run(FutureTask.java:266)
04-03 19:20:11.249  6586 13526 E AuthPII : 	at aais.c(:com.google.android.gms@224814044@22.48.14 (190400-493411920):6)
04-03 19:20:11.249  6586 13526 E AuthPII : 	at aais.run(:com.google.android.gms@224814044@22.48.14 (190400-493411920):7)
04-03 19:20:11.249  6586 13526 E AuthPII : 	at java.util.concurrent.ThreadPoolExecutor.runWorker(ThreadPoolExecutor.java:1167)
04-03 19:20:11.249  6586 13526 E AuthPII : 	at java.util.concurrent.ThreadPoolExecutor$Worker.run(ThreadPoolExecutor.java:641)
04-03 19:20:11.249  6586 13526 E AuthPII : 	at aanw.run(:com.google.android.gms@224814044@22.48.14 (190400-493411920):0)
04-03 19:20:11.249  6586 13526 E AuthPII : 	at java.lang.Thread.run(Thread.java:920)
04-03 19:20:11.250  6586 13526 E AuthPII : Message is Long live credential not available.
04-03 19:20:11.250  6586 13526 E AuthPII : zhm: Long live credential not available.
04-03 19:20:11.250  6586 13526 E AuthPII : 	at let.a(:com.google.android.gms@224814044@22.48.14 (190400-493411920):8)
04-03 19:20:11.250  6586 13526 E AuthPII : 	at lez.c(:com.google.android.gms@224814044@22.48.14 (190400-493411920):3)
04-03 19:20:11.250  6586 13526 E AuthPII : 	at ldg.l(:com.google.android.gms@224814044@22.48.14 (190400-493411920):47)
04-03 19:20:11.250  6586 13526 E AuthPII : 	at gmm.n(:com.google.android.gms@224814044@22.48.14 (190400-493411920):35)
04-03 19:20:11.250  6586 13526 E AuthPII : 	at gmm.e(:com.google.android.gms@224814044@22.48.14 (190400-493411920):77)
04-03 19:20:11.250  6586 13526 E AuthPII : 	at gmm.h(:com.google.android.gms@224814044@22.48.14 (190400-493411920):0)
04-03 19:20:11.250  6586 13526 E AuthPII : 	at kzc.a(:com.google.android.gms@224814044@22.48.14 (190400-493411920):3)
04-03 19:20:11.250  6586 13526 E AuthPII : 	at kzj.G(:com.google.android.gms@224814044@22.48.14 (190400-493411920):4)
04-03 19:20:11.250  6586 13526 E AuthPII : 	at kzj.I(:com.google.android.gms@224814044@22.48.14 (190400-493411920):10)
04-03 19:20:11.250  6586 13526 E AuthPII : 	at kyz.p(:com.google.android.gms@224814044@22.48.14 (190400-493411920):4)
04-03 19:20:11.250  6586 13526 E AuthPII : 	at yrc.b(:com.google.android.gms@224814044@22.48.14 (190400-493411920):8)
04-03 19:20:11.250  6586 13526 E AuthPII : 	at com.google.android.gms.clearcut.uploader.QosUploaderChimeraService.g(:com.google.android.gms@224814044@22.48.14 (190400-493411920):109)
04-03 19:20:11.250  6586 13526 E AuthPII : 	at com.google.android.gms.clearcut.uploader.QosUploaderChimeraService.a(:com.google.android.gms@224814044@22.48.14 (190400-493411920):2)
04-03 19:20:11.250  6586 13526 E AuthPII : 	at askt.call(:com.google.android.gms@224814044@22.48.14 (190400-493411920):4)
04-03 19:20:11.250  6586 13526 E AuthPII : 	at java.util.concurrent.FutureTask.run(FutureTask.java:266)
04-03 19:20:11.250  6586 13526 E AuthPII : 	at aais.c(:com.google.android.gms@224814044@22.48.14 (190400-493411920):6)
04-03 19:20:11.250  6586 13526 E AuthPII : 	at aais.run(:com.google.android.gms@224814044@22.48.14 (190400-493411920):7)
04-03 19:20:11.250  6586 13526 E AuthPII : 	at java.util.concurrent.ThreadPoolExecutor.runWorker(ThreadPoolExecutor.java:1167)
04-03 19:20:11.250  6586 13526 E AuthPII : 	at java.util.concurrent.ThreadPoolExecutor$Worker.run(ThreadPoolExecutor.java:641)
04-03 19:20:11.250  6586 13526 E AuthPII : 	at aanw.run(:com.google.android.gms@224814044@22.48.14 (190400-493411920):0)
04-03 19:20:11.250  6586 13526 E AuthPII : 	at java.lang.Thread.run(Thread.java:920)
04-03 19:20:11.250  6586 13526 W Auth    : [GetToken] GetToken failed with status code: BadAuthentication
04-03 19:20:11.258  6586 13526 W Auth    : [GoogleAuthUtil] isUserRecoverableError status: BAD_AUTHENTICATION
04-03 19:20:11.259  6586 13526 W GoogleAuthUtil: Error when getting token
04-03 19:20:11.259  6586 13526 W GoogleAuthUtil: com.google.android.gms.auth.UserRecoverableAuthException: BadAuthentication
04-03 19:20:11.259  6586 13526 W GoogleAuthUtil: 	at kzj.D(:com.google.android.gms@224814044@22.48.14 (190400-493411920):2)
04-03 19:20:11.259  6586 13526 W GoogleAuthUtil: 	at kzj.s(:com.google.android.gms@224814044@22.48.14 (190400-493411920):3)
04-03 19:20:11.259  6586 13526 W GoogleAuthUtil: 	at kzc.a(:com.google.android.gms@224814044@22.48.14 (190400-493411920):5)
04-03 19:20:11.259  6586 13526 W GoogleAuthUtil: 	at kzj.G(:com.google.android.gms@224814044@22.48.14 (190400-493411920):4)
04-03 19:20:11.259  6586 13526 W GoogleAuthUtil: 	at kzj.I(:com.google.android.gms@224814044@22.48.14 (190400-493411920):10)
04-03 19:20:11.259  6586 13526 W GoogleAuthUtil: 	at kyz.p(:com.google.android.gms@224814044@22.48.14 (190400-493411920):4)
04-03 19:20:11.259  6586 13526 W GoogleAuthUtil: 	at yrc.b(:com.google.android.gms@224814044@22.48.14 (190400-493411920):8)
04-03 19:20:11.259  6586 13526 W GoogleAuthUtil: 	at com.google.android.gms.clearcut.uploader.QosUploaderChimeraService.g(:com.google.android.gms@224814044@22.48.14 (190400-493411920):109)
04-03 19:20:11.259  6586 13526 W GoogleAuthUtil: 	at com.google.android.gms.clearcut.uploader.QosUploaderChimeraService.a(:com.google.android.gms@224814044@22.48.14 (190400-493411920):2)
04-03 19:20:11.259  6586 13526 W GoogleAuthUtil: 	at askt.call(:com.google.android.gms@224814044@22.48.14 (190400-493411920):4)
04-03 19:20:11.259  6586 13526 W GoogleAuthUtil: 	at java.util.concurrent.FutureTask.run(FutureTask.java:266)
04-03 19:20:11.259  6586 13526 W GoogleAuthUtil: 	at aais.c(:com.google.android.gms@224814044@22.48.14 (190400-493411920):6)
04-03 19:20:11.259  6586 13526 W GoogleAuthUtil: 	at aais.run(:com.google.android.gms@224814044@22.48.14 (190400-493411920):7)
04-03 19:20:11.259  6586 13526 W GoogleAuthUtil: 	at java.util.concurrent.ThreadPoolExecutor.runWorker(ThreadPoolExecutor.java:1167)
04-03 19:20:11.259  6586 13526 W GoogleAuthUtil: 	at java.util.concurrent.ThreadPoolExecutor$Worker.run(ThreadPoolExecutor.java:641)
04-03 19:20:11.259  6586 13526 W GoogleAuthUtil: 	at aanw.run(:com.google.android.gms@224814044@22.48.14 (190400-493411920):0)
04-03 19:20:11.259  6586 13526 W GoogleAuthUtil: 	at java.lang.Thread.run(Thread.java:920)
04-03 19:20:11.259  6586 13526 I CCTUploader: Failed to get auth token due to class kzt
04-03 19:20:11.265  6586 13526 E AuthPII : [GoogleAccountDataServiceImpl] getToken() -> BAD_AUTHENTICATION. App: com.google.android.gms, Service: oauth2:https://www.googleapis.com/auth/cclog
04-03 19:20:11.265  6586 13526 E AuthPII : zhm: Long live credential not available.
04-03 19:20:11.265  6586 13526 E AuthPII : 	at let.a(:com.google.android.gms@224814044@22.48.14 (190400-493411920):8)
04-03 19:20:11.265  6586 13526 E AuthPII : 	at lez.c(:com.google.android.gms@224814044@22.48.14 (190400-493411920):3)
04-03 19:20:11.265  6586 13526 E AuthPII : 	at ldg.l(:com.google.android.gms@224814044@22.48.14 (190400-493411920):47)
04-03 19:20:11.265  6586 13526 E AuthPII : 	at gmm.n(:com.google.android.gms@224814044@22.48.14 (190400-493411920):35)
04-03 19:20:11.265  6586 13526 E AuthPII : 	at gmm.e(:com.google.android.gms@224814044@22.48.14 (190400-493411920):77)
04-03 19:20:11.265  6586 13526 E AuthPII : 	at gmm.h(:com.google.android.gms@224814044@22.48.14 (190400-493411920):0)
04-03 19:20:11.265  6586 13526 E AuthPII : 	at kzc.a(:com.google.android.gms@224814044@22.48.14 (190400-493411920):3)
04-03 19:20:11.265  6586 13526 E AuthPII : 	at kzj.G(:com.google.android.gms@224814044@22.48.14 (190400-493411920):4)
04-03 19:20:11.265  6586 13526 E AuthPII : 	at kzj.I(:com.google.android.gms@224814044@22.48.14 (190400-493411920):10)
04-03 19:20:11.265  6586 13526 E AuthPII : 	at kyz.p(:com.google.android.gms@224814044@22.48.14 (190400-493411920):4)
04-03 19:20:11.265  6586 13526 E AuthPII : 	at yrc.b(:com.google.android.gms@224814044@22.48.14 (190400-493411920):8)
04-03 19:20:11.265  6586 13526 E AuthPII : 	at com.google.android.gms.clearcut.uploader.QosUploaderChimeraService.g(:com.google.android.gms@224814044@22.48.14 (190400-493411920):109)
04-03 19:20:11.265  6586 13526 E AuthPII : 	at com.google.android.gms.clearcut.uploader.QosUploaderChimeraService.a(:com.google.android.gms@224814044@22.48.14 (190400-493411920):2)
04-03 19:20:11.265  6586 13526 E AuthPII : 	at askt.call(:com.google.android.gms@224814044@22.48.14 (190400-493411920):4)
04-03 19:20:11.265  6586 13526 E AuthPII : 	at java.util.concurrent.FutureTask.run(FutureTask.java:266)
04-03 19:20:11.265  6586 13526 E AuthPII : 	at aais.c(:com.google.android.gms@224814044@22.48.14 (190400-493411920):6)
04-03 19:20:11.265  6586 13526 E AuthPII : 	at aais.run(:com.google.android.gms@224814044@22.48.14 (190400-493411920):7)
04-03 19:20:11.265  6586 13526 E AuthPII : 	at java.util.concurrent.ThreadPoolExecutor.runWorker(ThreadPoolExecutor.java:1167)
04-03 19:20:11.265  6586 13526 E AuthPII : 	at java.util.concurrent.ThreadPoolExecutor$Worker.run(ThreadPoolExecutor.java:641)
04-03 19:20:11.265  6586 13526 E AuthPII : 	at aanw.run(:com.google.android.gms@224814044@22.48.14 (190400-493411920):0)
04-03 19:20:11.265  6586 13526 E AuthPII : 	at java.lang.Thread.run(Thread.java:920)
04-03 19:20:11.265  5679 18966 W MediaProvider: isAppCloneUserPair failed. Users: 0 and 0
04-03 19:20:11.265  5679 18966 W MediaProvider: isAppCloneUserPair for user 0: false
04-03 19:20:11.265  6586 13526 E AuthPII : Message is Long live credential not available.
04-03 19:20:11.265  6586 13526 E AuthPII : zhm: Long live credential not available.
04-03 19:20:11.265  6586 13526 E AuthPII : 	at let.a(:com.google.android.gms@224814044@22.48.14 (190400-493411920):8)
04-03 19:20:11.265  6586 13526 E AuthPII : 	at lez.c(:com.google.android.gms@224814044@22.48.14 (190400-493411920):3)
04-03 19:20:11.265  6586 13526 E AuthPII : 	at ldg.l(:com.google.android.gms@224814044@22.48.14 (190400-493411920):47)
04-03 19:20:11.265  6586 13526 E AuthPII : 	at gmm.n(:com.google.android.gms@224814044@22.48.14 (190400-493411920):35)
04-03 19:20:11.265  6586 13526 E AuthPII : 	at gmm.e(:com.google.android.gms@224814044@22.48.14 (190400-493411920):77)
04-03 19:20:11.265  6586 13526 E AuthPII : 	at gmm.h(:com.google.android.gms@224814044@22.48.14 (190400-493411920):0)
04-03 19:20:11.265  6586 13526 E AuthPII : 	at kzc.a(:com.google.android.gms@224814044@22.48.14 (190400-493411920):3)
04-03 19:20:11.265  6586 13526 E AuthPII : 	at kzj.G(:com.google.android.gms@224814044@22.48.14 (190400-493411920):4)
04-03 19:20:11.265  6586 13526 E AuthPII : 	at kzj.I(:com.google.android.gms@224814044@22.48.14 (190400-493411920):10)
04-03 19:20:11.265  6586 13526 E AuthPII : 	at kyz.p(:com.google.android.gms@224814044@22.48.14 (190400-493411920):4)
04-03 19:20:11.265  6586 13526 E AuthPII : 	at yrc.b(:com.google.android.gms@224814044@22.48.14 (190400-493411920):8)
04-03 19:20:11.265  6586 13526 E AuthPII : 	at com.google.android.gms.clearcut.uploader.QosUploaderChimeraService.g(:com.google.android.gms@224814044@22.48.14 (190400-493411920):109)
04-03 19:20:11.265  6586 13526 E AuthPII : 	at com.google.android.gms.clearcut.uploader.QosUploaderChimeraService.a(:com.google.android.gms@224814044@22.48.14 (190400-493411920):2)
04-03 19:20:11.265  6586 13526 E AuthPII : 	at askt.call(:com.google.android.gms@224814044@22.48.14 (190400-493411920):4)
04-03 19:20:11.265  6586 13526 E AuthPII : 	at java.util.concurrent.FutureTask.run(FutureTask.java:266)
04-03 19:20:11.265  6586 13526 E AuthPII : 	at aais.c(:com.google.android.gms@224814044@22.48.14 (190400-493411920):6)
04-03 19:20:11.265  6586 13526 E AuthPII : 	at aais.run(:com.google.android.gms@224814044@22.48.14 (190400-493411920):7)
04-03 19:20:11.265  6586 13526 E AuthPII : 	at java.util.concurrent.ThreadPoolExecutor.runWorker(ThreadPoolExecutor.java:1167)
04-03 19:20:11.265  6586 13526 E AuthPII : 	at java.util.concurrent.ThreadPoolExecutor$Worker.run(ThreadPoolExecutor.java:641)
04-03 19:20:11.265  6586 13526 E AuthPII : 	at aanw.run(:com.google.android.gms@224814044@22.48.14 (190400-493411920):0)
04-03 19:20:11.265  6586 13526 E AuthPII : 	at java.lang.Thread.run(Thread.java:920)
04-03 19:20:11.265  6586 13526 W Auth    : [GetToken] GetToken failed with status code: BadAuthentication
04-03 19:20:11.276  6586 13526 W Auth    : [GoogleAuthUtil] isUserRecoverableError status: BAD_AUTHENTICATION
04-03 19:20:11.276  6586 13526 W GoogleAuthUtil: Error when getting token
04-03 19:20:11.276  6586 13526 W GoogleAuthUtil: com.google.android.gms.auth.UserRecoverableAuthException: BadAuthentication
04-03 19:20:11.276  6586 13526 W GoogleAuthUtil: 	at kzj.D(:com.google.android.gms@224814044@22.48.14 (190400-493411920):2)
04-03 19:20:11.276  6586 13526 W GoogleAuthUtil: 	at kzj.s(:com.google.android.gms@224814044@22.48.14 (190400-493411920):3)
04-03 19:20:11.276  6586 13526 W GoogleAuthUtil: 	at kzc.a(:com.google.android.gms@224814044@22.48.14 (190400-493411920):5)
04-03 19:20:11.276  6586 13526 W GoogleAuthUtil: 	at kzj.G(:com.google.android.gms@224814044@22.48.14 (190400-493411920):4)
04-03 19:20:11.276  6586 13526 W GoogleAuthUtil: 	at kzj.I(:com.google.android.gms@224814044@22.48.14 (190400-493411920):10)
04-03 19:20:11.276  6586 13526 W GoogleAuthUtil: 	at kyz.p(:com.google.android.gms@224814044@22.48.14 (190400-493411920):4)
04-03 19:20:11.276  6586 13526 W GoogleAuthUtil: 	at yrc.b(:com.google.android.gms@224814044@22.48.14 (190400-493411920):8)
04-03 19:20:11.276  6586 13526 W GoogleAuthUtil: 	at com.google.android.gms.clearcut.uploader.QosUploaderChimeraService.g(:com.google.android.gms@224814044@22.48.14 (190400-493411920):109)
04-03 19:20:11.276  6586 13526 W GoogleAuthUtil: 	at com.google.android.gms.clearcut.uploader.QosUploaderChimeraService.a(:com.google.android.gms@224814044@22.48.14 (190400-493411920):2)
04-03 19:20:11.276  6586 13526 W GoogleAuthUtil: 	at askt.call(:com.google.android.gms@224814044@22.48.14 (190400-493411920):4)
04-03 19:20:11.276  6586 13526 W GoogleAuthUtil: 	at java.util.concurrent.FutureTask.run(FutureTask.java:266)
04-03 19:20:11.276  6586 13526 W GoogleAuthUtil: 	at aais.c(:com.google.android.gms@224814044@22.48.14 (190400-493411920):6)
04-03 19:20:11.276  6586 13526 W GoogleAuthUtil: 	at aais.run(:com.google.android.gms@224814044@22.48.14 (190400-493411920):7)
04-03 19:20:11.276  6586 13526 W GoogleAuthUtil: 	at java.util.concurrent.ThreadPoolExecutor.runWorker(ThreadPoolExecutor.java:1167)
04-03 19:20:11.276  6586 13526 W GoogleAuthUtil: 	at java.util.concurrent.ThreadPoolExecutor$Worker.run(ThreadPoolExecutor.java:641)
04-03 19:20:11.276  6586 13526 W GoogleAuthUtil: 	at aanw.run(:com.google.android.gms@224814044@22.48.14 (190400-493411920):0)
04-03 19:20:11.276  6586 13526 W GoogleAuthUtil: 	at java.lang.Thread.run(Thread.java:920)
04-03 19:20:11.276  6586 13526 I CCTUploader: Failed to get auth token due to class kzt
04-03 19:20:11.283  6586 13526 E AuthPII : [GoogleAccountDataServiceImpl] getToken() -> BAD_AUTHENTICATION. App: com.google.android.gms, Service: oauth2:https://www.googleapis.com/auth/cclog
04-03 19:20:11.283  6586 13526 E AuthPII : zhm: Long live credential not available.
04-03 19:20:11.283  6586 13526 E AuthPII : 	at let.a(:com.google.android.gms@224814044@22.48.14 (190400-493411920):8)
04-03 19:20:11.283  6586 13526 E AuthPII : 	at lez.c(:com.google.android.gms@224814044@22.48.14 (190400-493411920):3)
04-03 19:20:11.283  6586 13526 E AuthPII : 	at ldg.l(:com.google.android.gms@224814044@22.48.14 (190400-493411920):47)
04-03 19:20:11.283  6586 13526 E AuthPII : 	at gmm.n(:com.google.android.gms@224814044@22.48.14 (190400-493411920):35)
04-03 19:20:11.283  6586 13526 E AuthPII : 	at gmm.e(:com.google.android.gms@224814044@22.48.14 (190400-493411920):77)
04-03 19:20:11.283  6586 13526 E AuthPII : 	at gmm.h(:com.google.android.gms@224814044@22.48.14 (190400-493411920):0)
04-03 19:20:11.283  6586 13526 E AuthPII : 	at kzc.a(:com.google.android.gms@224814044@22.48.14 (190400-493411920):3)
04-03 19:20:11.283  6586 13526 E AuthPII : 	at kzj.G(:com.google.android.gms@224814044@22.48.14 (190400-493411920):4)
04-03 19:20:11.283  6586 13526 E AuthPII : 	at kzj.I(:com.google.android.gms@224814044@22.48.14 (190400-493411920):10)
04-03 19:20:11.283  6586 13526 E AuthPII : 	at kyz.p(:com.google.android.gms@224814044@22.48.14 (190400-493411920):4)
04-03 19:20:11.283  6586 13526 E AuthPII : 	at yrc.b(:com.google.android.gms@224814044@22.48.14 (190400-493411920):8)
04-03 19:20:11.283  6586 13526 E AuthPII : 	at com.google.android.gms.clearcut.uploader.QosUploaderChimeraService.g(:com.google.android.gms@224814044@22.48.14 (190400-493411920):109)
04-03 19:20:11.283  6586 13526 E AuthPII : 	at com.google.android.gms.clearcut.uploader.QosUploaderChimeraService.a(:com.google.android.gms@224814044@22.48.14 (190400-493411920):2)
04-03 19:20:11.283  6586 13526 E AuthPII : 	at askt.call(:com.google.android.gms@224814044@22.48.14 (190400-493411920):4)
04-03 19:20:11.283  6586 13526 E AuthPII : 	at java.util.concurrent.FutureTask.run(FutureTask.java:266)
04-03 19:20:11.283  6586 13526 E AuthPII : 	at aais.c(:com.google.android.gms@224814044@22.48.14 (190400-493411920):6)
04-03 19:20:11.283  6586 13526 E AuthPII : 	at aais.run(:com.google.android.gms@224814044@22.48.14 (190400-493411920):7)
04-03 19:20:11.283  6586 13526 E AuthPII : 	at java.util.concurrent.ThreadPoolExecutor.runWorker(ThreadPoolExecutor.java:1167)
04-03 19:20:11.283  6586 13526 E AuthPII : 	at java.util.concurrent.ThreadPoolExecutor$Worker.run(ThreadPoolExecutor.java:641)
04-03 19:20:11.283  6586 13526 E AuthPII : 	at aanw.run(:com.google.android.gms@224814044@22.48.14 (190400-493411920):0)
04-03 19:20:11.283  6586 13526 E AuthPII : 	at java.lang.Thread.run(Thread.java:920)
04-03 19:20:11.283  6586 13526 E AuthPII : Message is Long live credential not available.
04-03 19:20:11.283  6586 13526 E AuthPII : zhm: Long live credential not available.
04-03 19:20:11.283  6586 13526 E AuthPII : 	at let.a(:com.google.android.gms@224814044@22.48.14 (190400-493411920):8)
04-03 19:20:11.283  6586 13526 E AuthPII : 	at lez.c(:com.google.android.gms@224814044@22.48.14 (190400-493411920):3)
04-03 19:20:11.283  6586 13526 E AuthPII : 	at ldg.l(:com.google.android.gms@224814044@22.48.14 (190400-493411920):47)
04-03 19:20:11.283  6586 13526 E AuthPII : 	at gmm.n(:com.google.android.gms@224814044@22.48.14 (190400-493411920):35)
04-03 19:20:11.283  6586 13526 E AuthPII : 	at gmm.e(:com.google.android.gms@224814044@22.48.14 (190400-493411920):77)
04-03 19:20:11.283  6586 13526 E AuthPII : 	at gmm.h(:com.google.android.gms@224814044@22.48.14 (190400-493411920):0)
04-03 19:20:11.283  6586 13526 E AuthPII : 	at kzc.a(:com.google.android.gms@224814044@22.48.14 (190400-493411920):3)
04-03 19:20:11.283  6586 13526 E AuthPII : 	at kzj.G(:com.google.android.gms@224814044@22.48.14 (190400-493411920):4)
04-03 19:20:11.283  6586 13526 E AuthPII : 	at kzj.I(:com.google.android.gms@224814044@22.48.14 (190400-493411920):10)
04-03 19:20:11.283  6586 13526 E AuthPII : 	at kyz.p(:com.google.android.gms@224814044@22.48.14 (190400-493411920):4)
04-03 19:20:11.283  6586 13526 E AuthPII : 	at yrc.b(:com.google.android.gms@224814044@22.48.14 (190400-493411920):8)
04-03 19:20:11.283  6586 13526 E AuthPII : 	at com.google.android.gms.clearcut.uploader.QosUploaderChimeraService.g(:com.google.android.gms@224814044@22.48.14 (190400-493411920):109)
04-03 19:20:11.283  6586 13526 E AuthPII : 	at com.google.android.gms.clearcut.uploader.QosUploaderChimeraService.a(:com.google.android.gms@224814044@22.48.14 (190400-493411920):2)
04-03 19:20:11.283  6586 13526 E AuthPII : 	at askt.call(:com.google.android.gms@224814044@22.48.14 (190400-493411920):4)
04-03 19:20:11.283  6586 13526 E AuthPII : 	at java.util.concurrent.FutureTask.run(FutureTask.java:266)
04-03 19:20:11.283  6586 13526 E AuthPII : 	at aais.c(:com.google.android.gms@224814044@22.48.14 (190400-493411920):6)
04-03 19:20:11.283  6586 13526 E AuthPII : 	at aais.run(:com.google.android.gms@224814044@22.48.14 (190400-493411920):7)
04-03 19:20:11.283  6586 13526 E AuthPII : 	at java.util.concurrent.ThreadPoolExecutor.runWorker(ThreadPoolExecutor.java:1167)
04-03 19:20:11.283  6586 13526 E AuthPII : 	at java.util.concurrent.ThreadPoolExecutor$Worker.run(ThreadPoolExecutor.java:641)
04-03 19:20:11.283  6586 13526 E AuthPII : 	at aanw.run(:com.google.android.gms@224814044@22.48.14 (190400-493411920):0)
04-03 19:20:11.283  6586 13526 E AuthPII : 	at java.lang.Thread.run(Thread.java:920)
04-03 19:20:11.283  6586 13526 W Auth    : [GetToken] GetToken failed with status code: BadAuthentication
04-03 19:20:11.294  6586 13526 W Auth    : [GoogleAuthUtil] isUserRecoverableError status: BAD_AUTHENTICATION
04-03 19:20:11.294  6586 13526 W GoogleAuthUtil: Error when getting token
04-03 19:20:11.294  6586 13526 W GoogleAuthUtil: com.google.android.gms.auth.UserRecoverableAuthException: BadAuthentication
04-03 19:20:11.294  6586 13526 W GoogleAuthUtil: 	at kzj.D(:com.google.android.gms@224814044@22.48.14 (190400-493411920):2)
04-03 19:20:11.294  6586 13526 W GoogleAuthUtil: 	at kzj.s(:com.google.android.gms@224814044@22.48.14 (190400-493411920):3)
04-03 19:20:11.294  6586 13526 W GoogleAuthUtil: 	at kzc.a(:com.google.android.gms@224814044@22.48.14 (190400-493411920):5)
04-03 19:20:11.294  6586 13526 W GoogleAuthUtil: 	at kzj.G(:com.google.android.gms@224814044@22.48.14 (190400-493411920):4)
04-03 19:20:11.294  6586 13526 W GoogleAuthUtil: 	at kzj.I(:com.google.android.gms@224814044@22.48.14 (190400-493411920):10)
04-03 19:20:11.294  6586 13526 W GoogleAuthUtil: 	at kyz.p(:com.google.android.gms@224814044@22.48.14 (190400-493411920):4)
04-03 19:20:11.294  6586 13526 W GoogleAuthUtil: 	at yrc.b(:com.google.android.gms@224814044@22.48.14 (190400-493411920):8)
04-03 19:20:11.294  6586 13526 W GoogleAuthUtil: 	at com.google.android.gms.clearcut.uploader.QosUploaderChimeraService.g(:com.google.android.gms@224814044@22.48.14 (190400-493411920):109)
04-03 19:20:11.294  6586 13526 W GoogleAuthUtil: 	at com.google.android.gms.clearcut.uploader.QosUploaderChimeraService.a(:com.google.android.gms@224814044@22.48.14 (190400-493411920):2)
04-03 19:20:11.294  6586 13526 W GoogleAuthUtil: 	at askt.call(:com.google.android.gms@224814044@22.48.14 (190400-493411920):4)
04-03 19:20:11.294  6586 13526 W GoogleAuthUtil: 	at java.util.concurrent.FutureTask.run(FutureTask.java:266)
04-03 19:20:11.294  6586 13526 W GoogleAuthUtil: 	at aais.c(:com.google.android.gms@224814044@22.48.14 (190400-493411920):6)
04-03 19:20:11.294  6586 13526 W GoogleAuthUtil: 	at aais.run(:com.google.android.gms@224814044@22.48.14 (190400-493411920):7)
04-03 19:20:11.294  6586 13526 W GoogleAuthUtil: 	at java.util.concurrent.ThreadPoolExecutor.runWorker(ThreadPoolExecutor.java:1167)
04-03 19:20:11.294  6586 13526 W GoogleAuthUtil: 	at java.util.concurrent.ThreadPoolExecutor$Worker.run(ThreadPoolExecutor.java:641)
04-03 19:20:11.294  6586 13526 W GoogleAuthUtil: 	at aanw.run(:com.google.android.gms@224814044@22.48.14 (190400-493411920):0)
04-03 19:20:11.294  6586 13526 W GoogleAuthUtil: 	at java.lang.Thread.run(Thread.java:920)
04-03 19:20:11.294  6586 13526 I CCTUploader: Failed to get auth token due to class kzt
04-03 19:20:11.305  6586 13526 E AuthPII : [GoogleAccountDataServiceImpl] getToken() -> BAD_AUTHENTICATION. App: com.google.android.gms, Service: oauth2:https://www.googleapis.com/auth/cclog
04-03 19:20:11.305  6586 13526 E AuthPII : zhm: Long live credential not available.
04-03 19:20:11.305  6586 13526 E AuthPII : 	at let.a(:com.google.android.gms@224814044@22.48.14 (190400-493411920):8)
04-03 19:20:11.305  6586 13526 E AuthPII : 	at lez.c(:com.google.android.gms@224814044@22.48.14 (190400-493411920):3)
04-03 19:20:11.305  6586 13526 E AuthPII : 	at ldg.l(:com.google.android.gms@224814044@22.48.14 (190400-493411920):47)
04-03 19:20:11.305  6586 13526 E AuthPII : 	at gmm.n(:com.google.android.gms@224814044@22.48.14 (190400-493411920):35)
04-03 19:20:11.305  6586 13526 E AuthPII : 	at gmm.e(:com.google.android.gms@224814044@22.48.14 (190400-493411920):77)
04-03 19:20:11.305  6586 13526 E AuthPII : 	at gmm.h(:com.google.android.gms@224814044@22.48.14 (190400-493411920):0)
04-03 19:20:11.305  6586 13526 E AuthPII : 	at kzc.a(:com.google.android.gms@224814044@22.48.14 (190400-493411920):3)
04-03 19:20:11.305  6586 13526 E AuthPII : 	at kzj.G(:com.google.android.gms@224814044@22.48.14 (190400-493411920):4)
04-03 19:20:11.305  6586 13526 E AuthPII : 	at kzj.I(:com.google.android.gms@224814044@22.48.14 (190400-493411920):10)
04-03 19:20:11.305  6586 13526 E AuthPII : 	at kyz.p(:com.google.android.gms@224814044@22.48.14 (190400-493411920):4)
04-03 19:20:11.305  6586 13526 E AuthPII : 	at yrc.b(:com.google.android.gms@224814044@22.48.14 (190400-493411920):8)
04-03 19:20:11.305  6586 13526 E AuthPII : 	at com.google.android.gms.clearcut.uploader.QosUploaderChimeraService.g(:com.google.android.gms@224814044@22.48.14 (190400-493411920):109)
04-03 19:20:11.305  6586 13526 E AuthPII : 	at com.google.android.gms.clearcut.uploader.QosUploaderChimeraService.a(:com.google.android.gms@224814044@22.48.14 (190400-493411920):2)
04-03 19:20:11.305  6586 13526 E AuthPII : 	at askt.call(:com.google.android.gms@224814044@22.48.14 (190400-493411920):4)
04-03 19:20:11.305  6586 13526 E AuthPII : 	at java.util.concurrent.FutureTask.run(FutureTask.java:266)
04-03 19:20:11.305  6586 13526 E AuthPII : 	at aais.c(:com.google.android.gms@224814044@22.48.14 (190400-493411920):6)
04-03 19:20:11.305  6586 13526 E AuthPII : 	at aais.run(:com.google.android.gms@224814044@22.48.14 (190400-493411920):7)
04-03 19:20:11.305  6586 13526 E AuthPII : 	at java.util.concurrent.ThreadPoolExecutor.runWorker(ThreadPoolExecutor.java:1167)
04-03 19:20:11.305  6586 13526 E AuthPII : 	at java.util.concurrent.ThreadPoolExecutor$Worker.run(ThreadPoolExecutor.java:641)
04-03 19:20:11.305  6586 13526 E AuthPII : 	at aanw.run(:com.google.android.gms@224814044@22.48.14 (190400-493411920):0)
04-03 19:20:11.305  6586 13526 E AuthPII : 	at java.lang.Thread.run(Thread.java:920)
04-03 19:20:11.306  6586 13526 E AuthPII : Message is Long live credential not available.
04-03 19:20:11.306  6586 13526 E AuthPII : zhm: Long live credential not available.
04-03 19:20:11.306  6586 13526 E AuthPII : 	at let.a(:com.google.android.gms@224814044@22.48.14 (190400-493411920):8)
04-03 19:20:11.306  6586 13526 E AuthPII : 	at lez.c(:com.google.android.gms@224814044@22.48.14 (190400-493411920):3)
04-03 19:20:11.306  6586 13526 E AuthPII : 	at ldg.l(:com.google.android.gms@224814044@22.48.14 (190400-493411920):47)
04-03 19:20:11.306  6586 13526 E AuthPII : 	at gmm.n(:com.google.android.gms@224814044@22.48.14 (190400-493411920):35)
04-03 19:20:11.306  6586 13526 E AuthPII : 	at gmm.e(:com.google.android.gms@224814044@22.48.14 (190400-493411920):77)
04-03 19:20:11.306  6586 13526 E AuthPII : 	at gmm.h(:com.google.android.gms@224814044@22.48.14 (190400-493411920):0)
04-03 19:20:11.306  6586 13526 E AuthPII : 	at kzc.a(:com.google.android.gms@224814044@22.48.14 (190400-493411920):3)
04-03 19:20:11.306  6586 13526 E AuthPII : 	at kzj.G(:com.google.android.gms@224814044@22.48.14 (190400-493411920):4)
04-03 19:20:11.306  6586 13526 E AuthPII : 	at kzj.I(:com.google.android.gms@224814044@22.48.14 (190400-493411920):10)
04-03 19:20:11.306  6586 13526 E AuthPII : 	at kyz.p(:com.google.android.gms@224814044@22.48.14 (190400-493411920):4)
04-03 19:20:11.306  6586 13526 E AuthPII : 	at yrc.b(:com.google.android.gms@224814044@22.48.14 (190400-493411920):8)
04-03 19:20:11.306  6586 13526 E AuthPII : 	at com.google.android.gms.clearcut.uploader.QosUploaderChimeraService.g(:com.google.android.gms@224814044@22.48.14 (190400-493411920):109)
04-03 19:20:11.306  6586 13526 E AuthPII : 	at com.google.android.gms.clearcut.uploader.QosUploaderChimeraService.a(:com.google.android.gms@224814044@22.48.14 (190400-493411920):2)
04-03 19:20:11.306  6586 13526 E AuthPII : 	at askt.call(:com.google.android.gms@224814044@22.48.14 (190400-493411920):4)
04-03 19:20:11.306  6586 13526 E AuthPII : 	at java.util.concurrent.FutureTask.run(FutureTask.java:266)
04-03 19:20:11.306  6586 13526 E AuthPII : 	at aais.c(:com.google.android.gms@224814044@22.48.14 (190400-493411920):6)
04-03 19:20:11.306  6586 13526 E AuthPII : 	at aais.run(:com.google.android.gms@224814044@22.48.14 (190400-493411920):7)
04-03 19:20:11.306  6586 13526 E AuthPII : 	at java.util.concurrent.ThreadPoolExecutor.runWorker(ThreadPoolExecutor.java:1167)
