04-03 19:19:40.946 18485 18506 I TestRunner: started: scrollAndNavigate(com.e4ekta.benchmark.ExampleStartupBenchmark)
04-03 19:19:40.966  1390  1390 W SmoMo   : DisplayExtnImpl::SetActiveConfig: HWC Display 0 is not registered!
04-03 19:19:40.968  1280  1475 I SDM     : HWDeviceDRM::UpdateMixerAttributes: Mixer WxH 1080x2460 for Peripheral
04-03 19:19:40.968  1280  1475 I SDM     : StrategyImpl::SetIdleTimeoutMs: Idle timeout: active = 0, inactive = 520
04-03 19:19:40.968  1280  1475 I SDM     : HWCDisplay::SubmitDisplayConfig: Active configuration changed to: 1
04-03 19:19:40.968  1280  1475 I SDM     : HWCDisplayBuiltIn::GetOptimalRefreshRate: active_refresh_rate_: 60
04-03 19:19:40.971 18485 18506 I GrantPermissionCallable: Permission: android.permission.WRITE_EXTERNAL_STORAGE is already granted!
04-03 19:19:40.971 18485 18506 I GrantPermissionCallable: Permission: android.permission.READ_EXTERNAL_STORAGE is already granted!
04-03 19:19:40.986 18255 18303 W NgaEligibility: Invalid OAuth token. Skipping initial downloader.
04-03 19:19:40.988 18255 17618 W Search.LoginHelperImpl: (REDACTED) User recoverable exception for scope: %s
04-03 19:19:40.988 18255 17618 W Search.LoginHelperImpl: com.google.android.libraries.gcoreclient.e.d: Cached recoverable exception
04-03 19:19:40.988 18255 17618 W Search.LoginHelperImpl: 	at com.google.android.apps.gsa.search.core.google.gaia.e.e(PG:9)
04-03 19:19:40.988 18255 17618 W Search.LoginHelperImpl: 	at com.google.android.apps.gsa.search.core.google.gaia.e.d(PG:1)
04-03 19:19:40.988 18255 17618 W Search.LoginHelperImpl: 	at com.google.android.apps.gsa.search.core.google.gaia.bb.call(PG:4)
04-03 19:19:40.988 18255 17618 W Search.LoginHelperImpl: 	at java.util.concurrent.FutureTask.run(FutureTask.java:266)
04-03 19:19:40.988 18255 17618 W Search.LoginHelperImpl: 	at com.google.android.apps.gsa.shared.util.c.a.e.run(PG:2)
04-03 19:19:40.988 18255 17618 W Search.LoginHelperImpl: 	at com.google.android.apps.gsa.shared.util.c.a.bi.run(PG:1)
04-03 19:19:40.988 18255 17618 W Search.LoginHelperImpl: 	at com.google.android.apps.gsa.shared.util.c.a.bi.run(PG:1)
04-03 19:19:40.988 18255 17618 W Search.LoginHelperImpl: 	at java.util.concurrent.ThreadPoolExecutor.runWorker(ThreadPoolExecutor.java:1167)
04-03 19:19:40.988 18255 17618 W Search.LoginHelperImpl: 	at java.util.concurrent.ThreadPoolExecutor$Worker.run(ThreadPoolExecutor.java:641)
04-03 19:19:40.988 18255 17618 W Search.LoginHelperImpl: 	at java.lang.Thread.run(Thread.java:920)
04-03 19:19:40.988 18255 17618 W Search.LoginHelperImpl: 	at com.google.android.apps.gsa.shared.util.c.a.l.run(PG:5)
04-03 19:19:40.989 18255 18303 I A       : NGA disabled since it's running Panthera and at least one a11y feature is on.
04-03 19:19:40.989 18255 17617 I Search.LoginHelperImpl: (REDACTED) Successfully received auth token for scope: %s in time %d ms
04-03 19:19:40.997 18255 18303 I A       : (REDACTED) Nga state changed to %s
04-03 19:19:40.999 18255 17617 I Search.LoginHelperImpl: (REDACTED) Successfully received auth token for scope: %s in time %d ms
04-03 19:19:41.005 18255 17618 W Search.LoginHelperImpl: (REDACTED) User recoverable exception for scope: %s
04-03 19:19:41.005 18255 17618 W Search.LoginHelperImpl: com.google.android.libraries.gcoreclient.e.d: Cached recoverable exception
04-03 19:19:41.005 18255 17618 W Search.LoginHelperImpl: 	at com.google.android.apps.gsa.search.core.google.gaia.e.e(PG:9)
04-03 19:19:41.005 18255 17618 W Search.LoginHelperImpl: 	at com.google.android.apps.gsa.search.core.google.gaia.e.d(PG:1)
04-03 19:19:41.005 18255 17618 W Search.LoginHelperImpl: 	at com.google.android.apps.gsa.search.core.google.gaia.bb.call(PG:4)
04-03 19:19:41.005 18255 17618 W Search.LoginHelperImpl: 	at java.util.concurrent.FutureTask.run(FutureTask.java:266)
04-03 19:19:41.005 18255 17618 W Search.LoginHelperImpl: 	at com.google.android.apps.gsa.shared.util.c.a.e.run(PG:2)
04-03 19:19:41.005 18255 17618 W Search.LoginHelperImpl: 	at com.google.android.apps.gsa.shared.util.c.a.bi.run(PG:1)
04-03 19:19:41.005 18255 17618 W Search.LoginHelperImpl: 	at com.google.android.apps.gsa.shared.util.c.a.bi.run(PG:1)
04-03 19:19:41.005 18255 17618 W Search.LoginHelperImpl: 	at java.util.concurrent.ThreadPoolExecutor.runWorker(ThreadPoolExecutor.java:1167)
04-03 19:19:41.005 18255 17618 W Search.LoginHelperImpl: 	at java.util.concurrent.ThreadPoolExecutor$Worker.run(ThreadPoolExecutor.java:641)
04-03 19:19:41.005 18255 17618 W Search.LoginHelperImpl: 	at java.lang.Thread.run(Thread.java:920)
04-03 19:19:41.005 18255 17618 W Search.LoginHelperImpl: 	at com.google.android.apps.gsa.shared.util.c.a.l.run(PG:5)
04-03 19:19:41.008 14792 14871 I BtGatt.ScanManager: msg.what = 8
04-03 19:19:41.009 14792 14871 I BtGatt.ScanManager: msg.what = 5
04-03 19:19:41.010  5692  6365 I A       : (REDACTED) Nga on-device enabled based on TNG:MA active state: %b
04-03 19:19:41.011  5692  6365 I A       : (REDACTED) Nga on-device enabled based on TNG:MA active state: %b
04-03 19:19:41.011  5692  6365 I A       : Unsubscribed to apa or classic variant change.
04-03 19:19:41.014 18255 18415 I A       : Trying to enqueue PieTriggeringWorker
04-03 19:19:41.017  5692  5724 I TRG.VIS.Precondition: (REDACTED) APA or Classic session decision: %s.
04-03 19:19:41.021  5692  5692 I DialogHandler: close
04-03 19:19:41.021  5692  5692 I DialogHandler: (REDACTED) onCancel. shouldCloseMic: %b
04-03 19:19:41.021  5692  5692 I VoiceInputManager: (REDACTED) closeAudioStream. shouldCloseMic = %b
04-03 19:19:41.021  5692  5692 W VoiceInputManager: closeAudioStream in CLOSED state. Ignored.
04-03 19:19:41.021  5692  5692 W BistoHandlersModule: Falling back to legacy handler (NGA not active)
04-03 19:19:41.022  5692  6352 I A       : #unregisterMicController
04-03 19:19:41.022  5692  6352 I ALT.AdapterStore: (REDACTED) #audio# unregisterAudioAdapter (%s)
04-03 19:19:41.022  5692  6352 I ALT.TimeoutTracker: (REDACTED) #audio# cancel timeout(token(%s))
04-03 19:19:41.022  5692  5692 I BistoHotwordHelper: (REDACTED) VM enrollment status: %b
04-03 19:19:41.022  5692  5692 I VoiceMatchHelperIP: Hotword: Unavailable device unsupported
04-03 19:19:41.023  5692  5692 I BistoHotwordHelper: (REDACTED) VM enrollment status: %b
04-03 19:19:41.023  5692  5692 I VoiceMatchHelperIP: Hotword: Unavailable device unsupported
04-03 19:19:41.033  5692  5692 I A       : (REDACTED) eventData = %s
04-03 19:19:41.034  5692  6421 I A       : Logging success flow
04-03 19:19:41.040  5692  5692 I NotifAnncSystem: (REDACTED) onHead notif=%b
04-03 19:19:41.040  5692  6349 I BaseWiredDevice: send()
04-03 19:19:41.053 18255 18415 I A       : Trying to enqueue PieTriggeringWorker
04-03 19:19:41.055  5692  5692 I A       : (REDACTED) eventData = %s
04-03 19:19:41.056  5692  6436 I A       : Logging success flow
04-03 19:19:41.062 18255 18415 I A       : Trying to enqueue PieTriggeringWorker
04-03 19:19:41.063  5692  5692 I A       : (REDACTED) eventData = %s
04-03 19:19:41.097 18485 18506 D Benchmark: Killing process com.plcoding.baselineprofilemacrobenchmark
04-03 19:19:41.130 18517 18517 D ProcessState: Binder ioctl to enable oneway spam detection failed: Invalid argument
04-03 19:19:41.145  3410  3410 D CarrierSvcBindHelper: No carrier app for: 0
04-03 19:19:41.146  5735  5735 D RegisteredNfcFServicesCache: Service unchanged, not updating
04-03 19:19:41.147  3370  3402 I SecureElement-Terminal-SIM1: isNfcEventAllowed: No access rules for checking.
04-03 19:19:41.149  3410  3410 D CarrierSvcBindHelper: No carrier app for: 1
04-03 19:19:41.165 18485 18506 D Benchmark: Profile Installation Skip File Operation: WRITE_SKIP_FILE
04-03 19:19:41.200 18523 18523 D ProcessState: Binder ioctl to enable oneway spam detection failed: Invalid argument
04-03 19:19:41.224  1179  1179 D Zygote  : Forked child process 18526
04-03 19:19:41.241 28584 28589 I adbd    : jdwp connection from 18526
04-03 19:19:41.243 18526 18526 D ProcessState: Binder ioctl to enable oneway spam detection failed: Invalid argument
04-03 19:19:41.277 18526 18526 D CompatibilityChangeReporter: Compat change id reported: 171979766; UID 10152; state: ENABLED
04-03 19:19:41.311 18526 18526 V GraphicsEnvironment: ANGLE Developer option for 'com.plcoding.baselineprofilemacrobenchmark' set to: 'default'
04-03 19:19:41.312 18526 18526 V GraphicsEnvironment: ANGLE GameManagerService for com.plcoding.baselineprofilemacrobenchmark: false
04-03 19:19:41.316 18526 18526 V GraphicsEnvironment: Updatable production driver is not supported on the device.
04-03 19:19:41.318 18526 18526 D NetworkSecurityConfig: No Network Security Config specified, using platform default
04-03 19:19:41.319 18526 18526 D NetworkSecurityConfig: No Network Security Config specified, using platform default
04-03 19:19:41.323  5982  6140 D CmdCenter: - RowBase2: sPrevModStatus: 1, modStatus: 1
04-03 19:19:41.324  5982  6140 D CmdCenter: - RowBase2: sPrevBatStatus: 2, status: 2
04-03 19:19:41.324  5982  6140 D CmdCenter: - RowBase2: sPrevChargeRate = 3, new = 3
04-03 19:19:41.324  5982  6140 D CmdCenter: - RowBase2: sPrevPlugType: 1 plugType: 1
04-03 19:19:41.325  3397  3397 V DeviceStatisticsService: chargerType=1 batteryLevel=72 totalBatteryCapacity=6002500
04-03 19:19:41.331 18526 18526 I Typeface: updateThemeFont new=Rookery-Regular;old=sans-serif
04-03 19:19:41.335 18526 18526 D ProfileInstaller: RESULT_INSTALL_SKIP_FILE_SUCCESS
04-03 19:19:41.341 18485 18506 D Benchmark: Killing process com.plcoding.baselineprofilemacrobenchmark
04-03 19:19:41.372 18550 18550 D ProcessState: Binder ioctl to enable oneway spam detection failed: Invalid argument
04-03 19:19:41.391  1861  2213 I libprocessgroup: Successfully killed process cgroup uid 10152 pid 18526 in 7ms
04-03 19:19:41.406  3410  3410 D CarrierSvcBindHelper: No carrier app for: 0
04-03 19:19:41.409  3410  3410 D CarrierSvcBindHelper: No carrier app for: 1
04-03 19:19:41.410 18485 18506 D Benchmark: Clearing profiles for com.plcoding.baselineprofilemacrobenchmark
04-03 19:19:41.415  5735  5735 D RegisteredNfcFServicesCache: Service unchanged, not updating
04-03 19:19:41.417  3370  3402 I SecureElement-Terminal-SIM1: isNfcEventAllowed: No access rules for checking.
04-03 19:19:41.421  1179  1179 I Zygote  : Process 18526 exited due to signal 9 (Killed)
04-03 19:19:41.426 18553 18553 D ProcessState: Binder ioctl to enable oneway spam detection failed: Invalid argument
04-03 19:19:41.461 18563 18563 D ProcessState: Binder ioctl to enable oneway spam detection failed: Invalid argument
04-03 19:19:41.483  1179  1179 D Zygote  : Forked child process 18566
04-03 19:19:41.501 28584 28589 I adbd    : jdwp connection from 18566
04-03 19:19:41.504 18566 18566 D ProcessState: Binder ioctl to enable oneway spam detection failed: Invalid argument
04-03 19:19:41.515  1390  1390 W SmoMo   : DisplayExtnImpl::SetActiveConfig: HWC Display 0 is not registered!
04-03 19:19:41.517  1280  1475 I SDM     : HWDeviceDRM::UpdateMixerAttributes: Mixer WxH 1080x2460 for Peripheral
04-03 19:19:41.517  1280  1475 I SDM     : StrategyImpl::SetIdleTimeoutMs: Idle timeout: active = 0, inactive = 520
04-03 19:19:41.517  1280  1475 I SDM     : HWCDisplay::SubmitDisplayConfig: Active configuration changed to: 0
04-03 19:19:41.517  1280  1475 I SDM     : HWCDisplayBuiltIn::GetOptimalRefreshRate: active_refresh_rate_: 60
04-03 19:19:41.521 17515 17531 I OpenGLRenderer: Davey! duration=9223088020579ms; Flags=0, FrameTimelineVsyncId=20906283, IntendedVsync=284016274106964, Vsync=284016274106964, InputEventId=0, HandleInputStart=284016274501214, AnimationStart=284016274502673, PerformTraversalsStart=284016274503818, DrawStart=284016351242316, FrameDeadline=284016298106963, FrameInterval=284016274498402, FrameStartTime=8333333, SyncQueued=284016351430909, SyncStart=284016352152472, IssueDrawCommandsStart=284016352323305, SwapBuffers=284016354434712, FrameCompleted=9223372036854775807, DequeueBufferDuration=17031, QueueBufferDuration=1711563, GpuCompleted=9223372036854775807, SwapBuffersCompleted=284016358442473, DisplayPresentTime=0,
04-03 19:19:41.532 14792 14871 I BtGatt.ScanManager: msg.what = 8
04-03 19:19:41.532 14792 14871 I BtGatt.ScanManager: msg.what = 5
04-03 19:19:41.545 18566 18566 D CompatibilityChangeReporter: Compat change id reported: 171979766; UID 10152; state: ENABLED
04-03 19:19:41.568 17515 17530 I OpenGLRenderer: Davey! duration=9223088020497ms; Flags=0, FrameTimelineVsyncId=20906295, IntendedVsync=284016357351981, Vsync=284016357351981, InputEventId=0, HandleInputStart=284016358358879, AnimationStart=284016358359868, PerformTraversalsStart=284016358386587, DrawStart=284016400446748, FrameDeadline=284016382351980, FrameInterval=284016358356171, FrameStartTime=8333333, SyncQueued=284016400575237, SyncStart=284016400653258, IssueDrawCommandsStart=284016400799560, SwapBuffers=284016402669612, FrameCompleted=9223372036854775807, DequeueBufferDuration=16979, QueueBufferDuration=903334, GpuCompleted=9223372036854775807, SwapBuffersCompleted=284016404036019, DisplayPresentTime=0,
04-03 19:19:41.572 18566 18566 V GraphicsEnvironment: ANGLE Developer option for 'com.plcoding.baselineprofilemacrobenchmark' set to: 'default'
04-03 19:19:41.574 18566 18566 V GraphicsEnvironment: ANGLE GameManagerService for com.plcoding.baselineprofilemacrobenchmark: false
04-03 19:19:41.574 18566 18566 V GraphicsEnvironment: Updatable production driver is not supported on the device.
04-03 19:19:41.575 18566 18566 D NetworkSecurityConfig: No Network Security Config specified, using platform default
04-03 19:19:41.576 18566 18566 D NetworkSecurityConfig: No Network Security Config specified, using platform default
04-03 19:19:41.583 18566 18566 I Typeface: updateThemeFont new=Rookery-Regular;old=sans-serif
04-03 19:19:41.586 18566 18566 D ProfileInstaller: Installing profile for com.plcoding.baselineprofilemacrobenchmark
04-03 19:19:41.773 18566 18566 D ProfileInstaller: RESULT_INSTALL_SUCCESS
04-03 19:19:41.783 18485 18506 D Benchmark: Killing process com.plcoding.baselineprofilemacrobenchmark
04-03 19:19:41.820 18590 18590 D ProcessState: Binder ioctl to enable oneway spam detection failed: Invalid argument
04-03 19:19:41.837  3410  3410 D CarrierSvcBindHelper: No carrier app for: 0
04-03 19:19:41.838  1861  2213 I libprocessgroup: Successfully killed process cgroup uid 10152 pid 18566 in 13ms
04-03 19:19:41.838  3410  3410 D CarrierSvcBindHelper: No carrier app for: 1
04-03 19:19:41.842  5735  5735 D RegisteredNfcFServicesCache: Service unchanged, not updating
04-03 19:19:41.843  3370  3402 I SecureElement-Terminal-SIM1: isNfcEventAllowed: No access rules for checking.
04-03 19:19:41.848  1179  1179 I Zygote  : Process 18566 exited due to signal 9 (Killed)
04-03 19:19:41.858 18593 18593 D ProcessState: Binder ioctl to enable oneway spam detection failed: Invalid argument
04-03 19:19:41.870  1756  2125 E QMI_FW  : qmi_cci_put_ref: ref count decreased 1
04-03 19:19:41.871  1756  1856 E QMI_FW  : qmi_cci_put_ref: ref count decreased 1
04-03 19:19:41.904  1861  6596 I PackageDexOptimizer: Running dexopt (dexoptNeeded=-3) on: /data/app/~~9JsE6gcSiBCexmWjRQ-rXg==/com.plcoding.baselineprofilemacrobenchmark-VLe8X_S4LgXC_O8Yg8fIWg==/base.apk pkg=com.plcoding.baselineprofilemacrobenchmark isa=arm64 dexoptFlags=boot_complete,profile_guided,force,enable_hidden_api_checks targetFilter=speed-profile oatDir=/data/app/~~9JsE6gcSiBCexmWjRQ-rXg==/com.plcoding.baselineprofilemacrobenchmark-VLe8X_S4LgXC_O8Yg8fIWg==/oat classLoaderContext=PCL[]{}
04-03 19:19:41.905  1562  1596 V installd: DexInv: --- BEGIN '/data/app/~~9JsE6gcSiBCexmWjRQ-rXg==/com.plcoding.baselineprofilemacrobenchmark-VLe8X_S4LgXC_O8Yg8fIWg==/base.apk' ---
04-03 19:19:41.905  1562  1596 V installd: Running /apex/com.android.art/bin/dex2oat64 in=base.apk out=/data/app/~~9JsE6gcSiBCexmWjRQ-rXg==/com.plcoding.baselineprofilemacrobenchmark-VLe8X_S4LgXC_O8Yg8fIWg==/oat/arm64/base.odex
04-03 19:19:41.944 18599 18599 W dex2oat64: Mismatch between dex2oat instruction set features to use (ISA: Arm64 Feature string: a53,crc,-lse,-fp16,-dotprod,-sve) and those from CPP defines (ISA: Arm64 Feature string: -a53,-crc,-lse,-fp16,-dotprod,-sve) for the command line:
04-03 19:19:41.944 18599 18599 W dex2oat64: /apex/com.android.art/bin/dex2oat64 --zip-fd=7 --zip-location=base.apk --oat-fd=8 --oat-location=/data/app/~~9JsE6gcSiBCexmWjRQ-rXg==/com.plcoding.baselineprofilemacrobenchmark-VLe8X_S4LgXC_O8Yg8fIWg==/oat/arm64/base.odex --input-vdex-fd=9 --output-vdex-fd=10 --app-image-fd=13 --image-format=lz4 --profile-file-fd=12 --swap-fd=11 --classpath-dir=/data/app/~~9JsE6gcSiBCexmWjRQ-rXg==/com.plcoding.baselineprofilemacrobenchmark-VLe8X_S4LgXC_O8Yg8fIWg== --class-loader-context=PCL[]{} --instruction-set=arm64 --instruction-set-features=default --instruction-set-variant=generic --compiler-filter=speed-profile --compilation-reason=cmdline --max-image-block-size=524288 --resolve-startup-const-strings=true --generate-mini-debug-info --runtime-arg -Xtarget-sdk-version:33 --runtime-arg -Xhidden-api-policy:enabled -j6 --runtime-arg -Xms64m --runtime-arg -Xmx512m
04-03 19:19:41.953 18599 18599 I dex2oat64: /apex/com.android.art/bin/dex2oat64 --input-vdex-fd=9 --output-vdex-fd=10 --profile-file-fd=12 --classpath-dir=/data/app/~~9JsE6gcSiBCexmWjRQ-rXg==/com.plcoding.baselineprofilemacrobenchmark-VLe8X_S4LgXC_O8Yg8fIWg== --class-loader-context=PCL[]{} --compiler-filter=speed-profile --compilation-reason=cmdline --max-image-block-size=524288 --resolve-startup-const-strings=true --generate-mini-debug-info -j6
04-03 19:19:41.977  1292  2913 I WifiHAL : event received NL80211_CMD_VENDOR, vendor_id = 0x1374, subcmd = 0xd
04-03 19:19:41.977  1690 10352 D LOWI-9.0.0.87: [LOWI-Scan] wait_event:Wait done with Cmd 103
04-03 19:19:41.977  1690 10352 D LOWI-9.0.0.87: [LOWI-Scan] do_listen_events: Rcvd valid Netlink Cmd 0 Err 0
04-03 19:19:41.978  1643  1643 I cnss-daemon: nl80211 response handler invoked
04-03 19:19:41.978  1643  1643 I cnss-daemon: nl80211_response_handler: cmd 103, vendorID 4980, subcmd 13  received
04-03 19:19:42.100 17326 17442 W ziparchive: Unable to open '/data/app/~~ceA9nrTerJofDNX0tBPT9Q==/com.plcoding.baselineprofilemacrobenchmark-l-Bb6LGidGUggpKpVK6lTw==/base.apk': No such file or directory
04-03 19:19:42.100 17326 17442 E .apps.wellbein: Failed to open APK '/data/app/~~ceA9nrTerJofDNX0tBPT9Q==/com.plcoding.baselineprofilemacrobenchmark-l-Bb6LGidGUggpKpVK6lTw==/base.apk': I/O error
04-03 19:19:42.101 17326 17442 W ResourcesManager: failed to preload asset path '/data/app/~~ceA9nrTerJofDNX0tBPT9Q==/com.plcoding.baselineprofilemacrobenchmark-l-Bb6LGidGUggpKpVK6lTw==/base.apk'
04-03 19:19:42.101 17326 17442 W ResourcesManager: java.io.IOException: Failed to load asset path /data/app/~~ceA9nrTerJofDNX0tBPT9Q==/com.plcoding.baselineprofilemacrobenchmark-l-Bb6LGidGUggpKpVK6lTw==/base.apk
04-03 19:19:42.101 17326 17442 W ResourcesManager: 	at android.content.res.ApkAssets.nativeLoad(Native Method)
04-03 19:19:42.101 17326 17442 W ResourcesManager: 	at android.content.res.ApkAssets.<init>(ApkAssets.java:295)
04-03 19:19:42.101 17326 17442 W ResourcesManager: 	at android.content.res.ApkAssets.loadFromPath(ApkAssets.java:144)
04-03 19:19:42.101 17326 17442 W ResourcesManager: 	at android.app.ResourcesManager.loadApkAssets(ResourcesManager.java:455)
04-03 19:19:42.101 17326 17442 W ResourcesManager: 	at android.app.ResourcesManager.access$000(ResourcesManager.java:73)
04-03 19:19:42.101 17326 17442 W ResourcesManager: 	at android.app.ResourcesManager$ApkAssetsSupplier.load(ResourcesManager.java:169)
04-03 19:19:42.101 17326 17442 W ResourcesManager: 	at android.app.ResourcesManager.createApkAssetsSupplierNotLocked(ResourcesManager.java:987)
04-03 19:19:42.101 17326 17442 W ResourcesManager: 	at android.app.ResourcesManager.getResources(ResourcesManager.java:1108)
04-03 19:19:42.101 17326 17442 W ResourcesManager: 	at android.app.ActivityThread.getTopLevelResources(ActivityThread.java:2484)
04-03 19:19:42.101 17326 17442 W ResourcesManager: 	at android.app.ApplicationPackageManager.getResourcesForApplication(ApplicationPackageManager.java:1751)
04-03 19:19:42.101 17326 17442 W ResourcesManager: 	at android.app.ApplicationPackageManager.getResourcesForApplication(ApplicationPackageManager.java:1737)
04-03 19:19:42.101 17326 17442 W ResourcesManager: 	at android.app.ApplicationPackageManager.getText(ApplicationPackageManager.java:2053)
04-03 19:19:42.101 17326 17442 W ResourcesManager: 	at android.content.pm.PackageItemInfo.loadUnsafeLabel(PackageItemInfo.java:235)
04-03 19:19:42.101 17326 17442 W ResourcesManager: 	at android.content.pm.PackageItemInfo.loadLabel(PackageItemInfo.java:225)
04-03 19:19:42.101 17326 17442 W ResourcesManager: 	at android.app.ApplicationPackageManager.getApplicationLabel(ApplicationPackageManager.java:2098)
04-03 19:19:42.101 17326 17442 W ResourcesManager: 	at csh.a(PG:6)
04-03 19:19:42.101 17326 17442 W ResourcesManager: 	at cdn.apply(PG:68)
04-03 19:19:42.101 17326 17442 W ResourcesManager: 	at j$.util.stream.i.accept(SourceFile:27)
04-03 19:19:42.101 17326 17442 W ResourcesManager: 	at j$.util.stream.O0.accept(SourceFile:3)
04-03 19:19:42.101 17326 17442 W ResourcesManager: 	at j$.util.a.forEachRemaining(SourceFile:20)
04-03 19:19:42.101 17326 17442 W ResourcesManager: 	at j$.util.stream.c.v(SourceFile:21)
04-03 19:19:42.101 17326 17442 W ResourcesManager: 	at j$.util.stream.c.C(SourceFile:8)
04-03 19:19:42.101 17326 17442 W ResourcesManager: 	at j$.util.stream.H0.e(Unknown Source:4)
04-03 19:19:42.101 17326 17442 W ResourcesManager: 	at j$.util.stream.c.F(SourceFile:35)
04-03 19:19:42.101 17326 17442 W ResourcesManager: 	at j$.util.stream.f1.collect(SourceFile:83)
04-03 19:19:42.101 17326 17442 W ResourcesManager: 	at bsg.a(PG:14)
04-03 19:19:42.101 17326 17442 W ResourcesManager: 	at jvm.a(PG:30)
04-03 19:19:42.101 17326 17442 W ResourcesManager: 	at jvm.a(PG:42)
04-03 19:19:42.101 17326 17442 W ResourcesManager: 	at lhz.a(PG:1)
04-03 19:19:42.101 17326 17442 W ResourcesManager: 	at lhf.run(PG:4)
04-03 19:19:42.101 17326 17442 W ResourcesManager: 	at lib.run(PG:1)
04-03 19:19:42.101 17326 17442 W ResourcesManager: 	at lgj.run(PG:3)
04-03 19:19:42.101 17326 17442 W ResourcesManager: 	at ick.run(PG:5)
04-03 19:19:42.101 17326 17442 W ResourcesManager: 	at java.util.concurrent.ThreadPoolExecutor.runWorker(ThreadPoolExecutor.java:1167)
04-03 19:19:42.101 17326 17442 W ResourcesManager: 	at java.util.concurrent.ThreadPoolExecutor$Worker.run(ThreadPoolExecutor.java:641)
04-03 19:19:42.101 17326 17442 W ResourcesManager: 	at hth.run(PG:51)
04-03 19:19:42.101 17326 17442 W ResourcesManager: 	at ibx.run(PG:3)
04-03 19:19:42.101 17326 17442 W ResourcesManager: 	at java.lang.Thread.run(Thread.java:920)
04-03 19:19:42.102 17326 17442 W ziparchive: Unable to open '/data/app/~~ceA9nrTerJofDNX0tBPT9Q==/com.plcoding.baselineprofilemacrobenchmark-l-Bb6LGidGUggpKpVK6lTw==/base.apk': No such file or directory
04-03 19:19:42.102 17326 17442 E .apps.wellbein: Failed to open APK '/data/app/~~ceA9nrTerJofDNX0tBPT9Q==/com.plcoding.baselineprofilemacrobenchmark-l-Bb6LGidGUggpKpVK6lTw==/base.apk': I/O error
04-03 19:19:42.103 17326 17442 E ResourcesManager: failed to add asset path '/data/app/~~ceA9nrTerJofDNX0tBPT9Q==/com.plcoding.baselineprofilemacrobenchmark-l-Bb6LGidGUggpKpVK6lTw==/base.apk'
04-03 19:19:42.103 17326 17442 E ResourcesManager: java.io.IOException: Failed to load asset path /data/app/~~ceA9nrTerJofDNX0tBPT9Q==/com.plcoding.baselineprofilemacrobenchmark-l-Bb6LGidGUggpKpVK6lTw==/base.apk
04-03 19:19:42.103 17326 17442 E ResourcesManager: 	at android.content.res.ApkAssets.nativeLoad(Native Method)
04-03 19:19:42.103 17326 17442 E ResourcesManager: 	at android.content.res.ApkAssets.<init>(ApkAssets.java:295)
04-03 19:19:42.103 17326 17442 E ResourcesManager: 	at android.content.res.ApkAssets.loadFromPath(ApkAssets.java:144)
04-03 19:19:42.103 17326 17442 E ResourcesManager: 	at android.app.ResourcesManager.loadApkAssets(ResourcesManager.java:455)
04-03 19:19:42.103 17326 17442 E ResourcesManager: 	at android.app.ResourcesManager.access$000(ResourcesManager.java:73)
04-03 19:19:42.103 17326 17442 E ResourcesManager: 	at android.app.ResourcesManager$ApkAssetsSupplier.load(ResourcesManager.java:169)
04-03 19:19:42.103 17326 17442 E ResourcesManager: 	at android.app.ResourcesManager.createAssetManager(ResourcesManager.java:531)
04-03 19:19:42.103 17326 17442 E ResourcesManager: 	at android.app.ResourcesManager.createResourcesImpl(ResourcesManager.java:613)
04-03 19:19:42.103 17326 17442 E ResourcesManager: 	at android.app.ResourcesManager.findOrCreateResourcesImplForKeyLocked(ResourcesManager.java:665)
04-03 19:19:42.103 17326 17442 E ResourcesManager: 	at android.app.ResourcesManager.createResources(ResourcesManager.java:1018)
04-03 19:19:42.103 17326 17442 E ResourcesManager: 	at android.app.ResourcesManager.getResources(ResourcesManager.java:1121)
04-03 19:19:42.103 17326 17442 E ResourcesManager: 	at android.app.ActivityThread.getTopLevelResources(ActivityThread.java:2484)
04-03 19:19:42.103 17326 17442 E ResourcesManager: 	at android.app.ApplicationPackageManager.getResourcesForApplication(ApplicationPackageManager.java:1751)
04-03 19:19:42.103 17326 17442 E ResourcesManager: 	at android.app.ApplicationPackageManager.getResourcesForApplication(ApplicationPackageManager.java:1737)
04-03 19:19:42.103 17326 17442 E ResourcesManager: 	at android.app.ApplicationPackageManager.getText(ApplicationPackageManager.java:2053)
04-03 19:19:42.103 17326 17442 E ResourcesManager: 	at android.content.pm.PackageItemInfo.loadUnsafeLabel(PackageItemInfo.java:235)
04-03 19:19:42.103 17326 17442 E ResourcesManager: 	at android.content.pm.PackageItemInfo.loadLabel(PackageItemInfo.java:225)
04-03 19:19:42.103 17326 17442 E ResourcesManager: 	at android.app.ApplicationPackageManager.getApplicationLabel(ApplicationPackageManager.java:2098)
04-03 19:19:42.103 17326 17442 E ResourcesManager: 	at csh.a(PG:6)
04-03 19:19:42.103 17326 17442 E ResourcesManager: 	at cdn.apply(PG:68)
04-03 19:19:42.103 17326 17442 E ResourcesManager: 	at j$.util.stream.i.accept(SourceFile:27)
04-03 19:19:42.103 17326 17442 E ResourcesManager: 	at j$.util.stream.O0.accept(SourceFile:3)
04-03 19:19:42.103 17326 17442 E ResourcesManager: 	at j$.util.a.forEachRemaining(SourceFile:20)
04-03 19:19:42.103 17326 17442 E ResourcesManager: 	at j$.util.stream.c.v(SourceFile:21)
04-03 19:19:42.103 17326 17442 E ResourcesManager: 	at j$.util.stream.c.C(SourceFile:8)
04-03 19:19:42.103 17326 17442 E ResourcesManager: 	at j$.util.stream.H0.e(Unknown Source:4)
04-03 19:19:42.103 17326 17442 E ResourcesManager: 	at j$.util.stream.c.F(SourceFile:35)
04-03 19:19:42.103 17326 17442 E ResourcesManager: 	at j$.util.stream.f1.collect(SourceFile:83)
04-03 19:19:42.103 17326 17442 E ResourcesManager: 	at bsg.a(PG:14)
04-03 19:19:42.103 17326 17442 E ResourcesManager: 	at jvm.a(PG:30)
04-03 19:19:42.103 17326 17442 E ResourcesManager: 	at jvm.a(PG:42)
04-03 19:19:42.103 17326 17442 E ResourcesManager: 	at lhz.a(PG:1)
04-03 19:19:42.103 17326 17442 E ResourcesManager: 	at lhf.run(PG:4)
04-03 19:19:42.103 17326 17442 E ResourcesManager: 	at lib.run(PG:1)
04-03 19:19:42.103 17326 17442 E ResourcesManager: 	at lgj.run(PG:3)
04-03 19:19:42.103 17326 17442 E ResourcesManager: 	at ick.run(PG:5)
04-03 19:19:42.103 17326 17442 E ResourcesManager: 	at java.util.concurrent.ThreadPoolExecutor.runWorker(ThreadPoolExecutor.java:1167)
04-03 19:19:42.103 17326 17442 E ResourcesManager: 	at java.util.concurrent.ThreadPoolExecutor$Worker.run(ThreadPoolExecutor.java:641)
04-03 19:19:42.103 17326 17442 E ResourcesManager: 	at hth.run(PG:51)
04-03 19:19:42.103 17326 17442 E ResourcesManager: 	at ibx.run(PG:3)
04-03 19:19:42.103 17326 17442 E ResourcesManager: 	at java.lang.Thread.run(Thread.java:920)
04-03 19:19:42.103 17326 17442 W PackageManager: Failure retrieving resources for com.plcoding.baselineprofilemacrobenchmark
04-03 19:19:42.868 18599 18608 W dex2oat64: Accessing hidden method Landroid/provider/MediaStore;->getPickImagesMaxLimit()I (blocked, linking, denied)
04-03 19:19:42.958 18599 18611 W dex2oat64: Accessing hidden method Landroid/provider/MediaStore;->getPickImagesMaxLimit()I (blocked, linking, denied)
04-03 19:19:42.984 18599 18599 W dex2oat64: Class androidx.compose.runtime.snapshots.SnapshotStateMap failed lock verification and will run slower.
04-03 19:19:42.984 18599 18599 W dex2oat64: Common causes for lock verification issues are non-optimized dex code
04-03 19:19:42.984 18599 18599 W dex2oat64: and incorrect proguard optimizations.
04-03 19:19:43.019 18599 18611 W dex2oat64: Class androidx.compose.runtime.snapshots.SnapshotStateList failed lock verification and will run slower.
04-03 19:19:43.989  1690 10352 D LOWI-9.0.0.87: [LOWI-Scan] wait_event:Wait done with Cmd 103
04-03 19:19:43.989  1690 10352 D LOWI-9.0.0.87: [LOWI-Scan] do_listen_events: Rcvd valid Netlink Cmd 0 Err 0
04-03 19:19:43.989  1643  1643 I cnss-daemon: nl80211 response handler invoked
04-03 19:19:43.989  1643  1643 I cnss-daemon: nl80211_response_handler: cmd 103, vendorID 4980, subcmd 13  received
04-03 19:19:43.990  1292  2913 I WifiHAL : event received NL80211_CMD_VENDOR, vendor_id = 0x1374, subcmd = 0xd
04-03 19:19:44.639 18599 18599 I dex2oat64: Explicit concurrent copying GC freed 40260(5449KB) AllocSpace objects, 0(0B) LOS objects, 70% free, 637KB/2173KB, paused 42us,11us total 17.826ms
04-03 19:19:45.032  1704  1992 E QMI_FW  : qmi_cci_put_ref: ref count decreased 1
04-03 19:19:45.033  1704  1992 E QMI_FW  : qmi_cci_put_ref: ref count decreased 1
04-03 19:19:45.033  1704  1992 E QMI_FW  : qmi_cci_put_ref: ref count decreased 1
04-03 19:19:45.034 18599 18599 I dex2oat64: dex2oat took 3.091s (9.921s cpu) (threads: 6) arena alloc=11MB (11754400B) java alloc=653KB (669184B) native alloc=26MB (28250544B) free=108MB (113523008B)
04-03 19:19:45.049  1562  1596 V installd: DexInv: --- END '/data/app/~~9JsE6gcSiBCexmWjRQ-rXg==/com.plcoding.baselineprofilemacrobenchmark-VLe8X_S4LgXC_O8Yg8fIWg==/base.apk' (success) ---
04-03 19:19:45.068 18485 18506 D Benchmark: Killing process com.plcoding.baselineprofilemacrobenchmark
04-03 19:19:45.114 18616 18616 D ProcessState: Binder ioctl to enable oneway spam detection failed: Invalid argument
04-03 19:19:45.128  3410  3410 D CarrierSvcBindHelper: No carrier app for: 0
04-03 19:19:45.129  3410  3410 D CarrierSvcBindHelper: No carrier app for: 1
04-03 19:19:45.135  5735  5735 D RegisteredNfcFServicesCache: Service unchanged, not updating
04-03 19:19:45.136  3370  3402 I SecureElement-Terminal-SIM1: isNfcEventAllowed: No access rules for checking.
04-03 19:19:45.161 18485 18506 D Benchmark: Usable output directory: /storage/emulated/0/Android/media/com.e4ekta.benchmark
04-03 19:19:45.161 18485 18506 D Benchmark: Output Directory: /sdcard/Android/media/com.e4ekta.benchmark/additional_test_output
04-03 19:19:45.180  5679  8249 W MediaProvider: isAppCloneUserPair failed. Users: 0 and 0
04-03 19:19:45.181  5679  8249 W MediaProvider: isAppCloneUserPair for user 0: false
04-03 19:19:45.253  6586 17430 I NetworkScheduler.Stats: Task com.google.android.gms/com.google.android.gms.ipa.base.IpaGcmTaskService started execution. cause:9 exec_start_elapsed_seconds: 459742 [CONTEXT service_id=218 ]
04-03 19:19:45.266  6586 13526 I NetworkScheduler.Stats: Task com.google.android.gms/com.google.android.gms.ipa.base.IpaGcmTaskService finished executing. cause:9 result: 1 elapsed_millis: 37 uptime_millis: 36 exec_start_elapsed_seconds: 459742 [CONTEXT service_id=218 ]
04-03 19:19:45.327  1861  1908 W System  : A resource failed to call close.
04-03 19:19:45.332  1861  1908 W System  : A resource failed to call close.
04-03 19:19:45.333  1861  1908 W System  : A resource failed to call close.
04-03 19:19:45.379  5679 26750 I MediaProvider: Deleted 0 0 0 0 0 0 1 items on external_primary due to com.e4ekta.benchmark
04-03 19:19:45.442  6586 17430 I NetworkScheduler.Stats: Task com.google.android.gms/com.google.android.gms.ipa.base.IpaGcmTaskService started execution. cause:9 exec_start_elapsed_seconds: 459743 [CONTEXT service_id=218 ]
04-03 19:19:45.450  6586 18391 I NetworkScheduler.Stats: Task com.google.android.gms/com.google.android.gms.ipa.base.IpaGcmTaskService finished executing. cause:9 result: 1 elapsed_millis: 27 uptime_millis: 27 exec_start_elapsed_seconds: 459743 [CONTEXT service_id=218 ]
04-03 19:19:45.511 18485 18506 D PerfettoCapture: Supported ABIs: arm64-v8a, armeabi-v7a, armeabi
04-03 19:19:45.512 18485 18506 D PerfettoCapture: Recording perfetto trace
04-03 19:19:45.672  5679 16532 W MediaProvider: isAppCloneUserPair failed. Users: 0 and 0
04-03 19:19:45.672  5679 16532 W MediaProvider: isAppCloneUserPair for user 0: false
04-03 19:19:45.693 18485 18506 I PerfettoCapture: Cleanup perfetto before starting.
04-03 19:19:45.749  6586 13526 I NetworkScheduler.Stats: Task com.google.android.gms/com.google.android.gms.ipa.base.IpaGcmTaskService started execution. cause:9 exec_start_elapsed_seconds: 459743 [CONTEXT service_id=218 ]
04-03 19:19:45.759  6586 17435 I NetworkScheduler.Stats: Task com.google.android.gms/com.google.android.gms.ipa.base.IpaGcmTaskService finished executing. cause:9 result: 1 elapsed_millis: 30 uptime_millis: 31 exec_start_elapsed_seconds: 459743 [CONTEXT service_id=218 ]
04-03 19:19:45.808 18485 18506 I PerfettoCapture: Perfetto output file cleanup -
04-03 19:19:45.809 18485 18506 I PerfettoCapture: Starting perfetto tracing with cmd: cat /storage/emulated/0/Android/media/com.e4ekta.benchmark/trace_config.pb | perfetto --background -c - -o /data/misc/perfetto-traces/trace_output.pb
04-03 19:19:45.816  5679 16532 W MediaProvider: isAppCloneUserPair failed. Users: 0 and 0
04-03 19:19:45.817  5679 16532 W MediaProvider: isAppCloneUserPair for user 0: false
04-03 19:19:45.873  6586 13526 I NetworkScheduler.Stats: Task com.google.android.gms/com.google.android.gms.ipa.base.IpaGcmTaskService started execution. cause:9 exec_start_elapsed_seconds: 459743 [CONTEXT service_id=218 ]
04-03 19:19:45.884  6586 17430 I NetworkScheduler.Stats: Task com.google.android.gms/com.google.android.gms.ipa.base.IpaGcmTaskService finished executing. cause:9 result: 1 elapsed_millis: 23 uptime_millis: 23 exec_start_elapsed_seconds: 459743 [CONTEXT service_id=218 ]
04-03 19:19:45.932 18673 18673 I perfetto: perfetto_cmd.cc:794     Connected to the Perfetto traced service, starting tracing
04-03 19:19:45.933  1527  1527 I perfetto: ing_service_impl.cc:912 Configured tracing session 7, #sources:4, duration:0 ms, #buffers:2, total buffer size:36864 KB, total sessions:1, uid:2000 session name: ""
04-03 19:19:45.934  1523  1523 I perfetto: probes_producer.cc:241  Ftrace setup (target_buf=13)
04-03 19:19:45.942  6586  6610 I .gms.persisten: Background concurrent copying GC freed 564245(24MB) AllocSpace objects, 11(416KB) LOS objects, 49% free, 22MB/45MB, paused 54us,39us total 107.044ms
04-03 19:19:45.984 18674 18674 D hw-ProcessState: Binder ioctl to enable oneway spam detection failed: Invalid argument
04-03 19:19:45.988  1690 10352 D LOWI-9.0.0.87: [LOWI-Scan] wait_event:Wait done with Cmd 103
04-03 19:19:45.988  1690 10352 D LOWI-9.0.0.87: [LOWI-Scan] do_listen_events: Rcvd valid Netlink Cmd 0 Err 0
04-03 19:19:45.989  1643  1643 I cnss-daemon: nl80211 response handler invoked
04-03 19:19:45.989  1643  1643 I cnss-daemon: nl80211_response_handler: cmd 103, vendorID 4980, subcmd 13  received
04-03 19:19:45.989  1292  2913 I WifiHAL : event received NL80211_CMD_VENDOR, vendor_id = 0x1374, subcmd = 0xd
04-03 19:19:45.991  1523  1523 W traced_probes: type=1400 audit(0.0:31036): avc: denied { read } for name="format" dev="tracefs" ino=5802 scontext=u:r:traced_probes:s0 tcontext=u:object_r:debugfs_tracing_debug:s0 tclass=file permissive=0
04-03 19:19:45.991  1523  1523 W traced_probes: type=1400 audit(0.0:31037): avc: denied { read } for name="format" dev="tracefs" ino=5772 scontext=u:r:traced_probes:s0 tcontext=u:object_r:debugfs_tracing_debug:s0 tclass=file permissive=0
04-03 19:19:45.991  1523  1523 W traced_probes: type=1400 audit(0.0:31038): avc: denied { read } for name="format" dev="tracefs" ino=5766 scontext=u:r:traced_probes:s0 tcontext=u:object_r:debugfs_tracing_debug:s0 tclass=file permissive=0
04-03 19:19:45.991  1523  1523 W traced_probes: type=1400 audit(0.0:31039): avc: denied { read } for name="format" dev="tracefs" ino=5784 scontext=u:r:traced_probes:s0 tcontext=u:object_r:debugfs_tracing_debug:s0 tclass=file permissive=0
04-03 19:19:45.991  1523  1523 W traced_probes: type=1400 audit(0.0:31040): avc: denied { read } for name="format" dev="tracefs" ino=5790 scontext=u:r:traced_probes:s0 tcontext=u:object_r:debugfs_tracing_debug:s0 tclass=file permissive=0
04-03 19:19:45.991  1523  1523 W traced_probes: type=1400 audit(0.0:31041): avc: denied { read } for name="format" dev="tracefs" ino=5760 scontext=u:r:traced_probes:s0 tcontext=u:object_r:debugfs_tracing_debug:s0 tclass=file permissive=0
04-03 19:19:45.991  1523  1523 W traced_probes: type=1400 audit(0.0:31042): avc: denied { read } for name="format" dev="tracefs" ino=5778 scontext=u:r:traced_probes:s0 tcontext=u:object_r:debugfs_tracing_debug:s0 tclass=file permissive=0
04-03 19:19:45.991  1523  1523 W traced_probes: type=1400 audit(0.0:31043): avc: denied { read } for name="format" dev="tracefs" ino=5748 scontext=u:r:traced_probes:s0 tcontext=u:object_r:debugfs_tracing_debug:s0 tclass=file permissive=0
04-03 19:19:45.991  1523  1523 W traced_probes: type=1400 audit(0.0:31044): avc: denied { read } for name="format" dev="tracefs" ino=5754 scontext=u:r:traced_probes:s0 tcontext=u:object_r:debugfs_tracing_debug:s0 tclass=file permissive=0
04-03 19:19:45.998  1523  1523 I perfetto: ftrace_procfs.cc:206    enabled ftrace in /sys/kernel/tracing/
04-03 19:19:46.152  5679  8249 I MediaProvider: Deleted 0 0 0 0 0 0 1 items on external_primary due to com.e4ekta.benchmark
04-03 19:19:46.175 18485 18506 I PerfettoCapture: Perfetto output - 18673
04-03 19:19:46.175 18485 18506 I PerfettoCapture: EXITCODE=0
04-03 19:19:46.209  6586 17430 I NetworkScheduler.Stats: Task com.google.android.gms/com.google.android.gms.ipa.base.IpaGcmTaskService started execution. cause:9 exec_start_elapsed_seconds: 459743 [CONTEXT service_id=218 ]
04-03 19:19:46.217  6586 17435 I NetworkScheduler.Stats: Task com.google.android.gms/com.google.android.gms.ipa.base.IpaGcmTaskService finished executing. cause:9 result: 1 elapsed_millis: 22 uptime_millis: 22 exec_start_elapsed_seconds: 459743 [CONTEXT service_id=218 ]
04-03 19:19:46.237 18485 18506 I PerfettoCapture: Perfetto tracing started successfully with pid 18673.
04-03 19:19:46.272 18485 18506 I PerfettoCapture: /sys/kernel/tracing/tracing_on = 1, polled 0 times, capture fully started
04-03 19:19:46.298  5679 17919 I MediaProvider: Deleted 1 0 0 0 0 0 0 items on external_primary due to com.e4ekta.benchmark
04-03 19:19:46.315  1390  1390 W SmoMo   : DisplayExtnImpl::SetActiveConfig: HWC Display 0 is not registered!
04-03 19:19:46.317  1289  1289 I QTI PowerHAL: Power setBoost: 0, duration: 0
04-03 19:19:46.317  1280  1475 I SDM     : HWDeviceDRM::UpdateMixerAttributes: Mixer WxH 1080x2460 for Peripheral
04-03 19:19:46.317  1280  1475 I SDM     : StrategyImpl::SetIdleTimeoutMs: Idle timeout: active = 0, inactive = 520
04-03 19:19:46.317  1280  1475 I SDM     : HWCDisplay::SubmitDisplayConfig: Active configuration changed to: 1
04-03 19:19:46.317  1280  1475 I SDM     : HWCDisplayBuiltIn::GetOptimalRefreshRate: active_refresh_rate_: 60
04-03 19:19:46.319  1289  1289 I QTI PowerHAL: Power setBoost: 0, duration: 0
04-03 19:19:46.330  1289  1289 I QTI PowerHAL: Power setBoost: 0, duration: 0
04-03 19:19:46.330  3373  3373 V ShadeControllerImpl: NotificationShadeWindow: com.android.systemui.statusbar.phone.NotificationShadeWindowView{46408e6 I.E...... ......ID 0,0-1080,2460} canPanelBeCollapsed(): false
04-03 19:19:46.330  1861  2152 D WindowManager: startDockOrHome: startReason= startDockOrHome
04-03 19:19:46.341  1280  1475 I SDM     : HWCDisplayBuiltIn::GetOptimalRefreshRate: active_refresh_rate_: 60
04-03 19:19:46.347  3373  3373 V ShadeControllerImpl: NotificationShadeWindow: com.android.systemui.statusbar.phone.NotificationShadeWindowView{46408e6 I.E...... ......ID 0,0-1080,2460} canPanelBeCollapsed(): false
04-03 19:19:46.357 14792 14871 I BtGatt.ScanManager: msg.what = 8
04-03 19:19:46.360 14792 14871 I BtGatt.ScanManager: msg.what = 5
04-03 19:19:46.372  6586 13526 I NetworkScheduler.Stats: Task com.google.android.gms/com.google.android.gms.ipa.base.IpaGcmTaskService started execution. cause:9 exec_start_elapsed_seconds: 459744 [CONTEXT service_id=218 ]
04-03 19:19:46.380  6586 18391 I NetworkScheduler.Stats: Task com.google.android.gms/com.google.android.gms.ipa.base.IpaGcmTaskService finished executing. cause:9 result: 1 elapsed_millis: 43 uptime_millis: 42 exec_start_elapsed_seconds: 459744 [CONTEXT service_id=218 ]
04-03 19:19:46.483  1280  1475 I SDM     : HWCDisplayBuiltIn::GetOptimalRefreshRate: active_refresh_rate_: 60
04-03 19:19:46.487 17515 17531 I OpenGLRenderer: Davey! duration=9223088015580ms; Flags=0, FrameTimelineVsyncId=20906611, IntendedVsync=284021274032194, Vsync=284021274032194, InputEventId=0, HandleInputStart=284021274624577, AnimationStart=284021274625775, PerformTraversalsStart=284021274626504, DrawStart=284021315997341, FrameDeadline=284021298032193, FrameInterval=284021274621869, FrameStartTime=8333333, SyncQueued=284021316118435, SyncStart=284021316744737, IssueDrawCommandsStart=284021316879789, SwapBuffers=284021318370571, FrameCompleted=9223372036854775807, DequeueBufferDuration=22500, QueueBufferDuration=983541, GpuCompleted=9223372036854775807, SwapBuffersCompleted=284021319614477, DisplayPresentTime=0,
04-03 19:19:46.594 17515 17531 I OpenGLRenderer: Davey! duration=9223088015497ms; Flags=0, FrameTimelineVsyncId=20906622, IntendedVsync=284021357309044, Vsync=284021357309044, InputEventId=0, HandleInputStart=284021358155835, AnimationStart=284021358157242, PerformTraversalsStart=284021358158387, DrawStart=284021422607456, FrameDeadline=284021381309043, FrameInterval=284021358152554, FrameStartTime=8333333, SyncQueued=284021422750373, SyncStart=284021422980529, IssueDrawCommandsStart=284021423535425, SwapBuffers=284021429162926, FrameCompleted=9223372036854775807, DequeueBufferDuration=70156, QueueBufferDuration=1130053, GpuCompleted=9223372036854775807, SwapBuffersCompleted=284021431056728, DisplayPresentTime=0,
04-03 19:19:46.691  1756  2125 E QMI_FW  : qmi_cci_put_ref: ref count decreased 1
04-03 19:19:46.693  1756  1856 E QMI_FW  : qmi_cci_put_ref: ref count decreased 1
04-03 19:19:46.730 18485 18506 D Benchmark: Starting activity with command: am start -W "intent:#Intent;action=android.intent.action.MAIN;category=android.intent.category.LAUNCHER;launchFlags=0x10008000;package=com.plcoding.baselineprofilemacrobenchmark;component=com.plcoding.baselineprofilemacrobenchmark/.MainActivity;end"
04-03 19:19:46.742  5679 17915 W MediaProvider: isAppCloneUserPair failed. Users: 0 and 0
04-03 19:19:46.742  5679 17915 W MediaProvider: isAppCloneUserPair for user 0: false
04-03 19:19:46.804  6586 13526 I NetworkScheduler.Stats: Task com.google.android.gms/com.google.android.gms.ipa.base.IpaGcmTaskService started execution. cause:9 exec_start_elapsed_seconds: 459744 [CONTEXT service_id=218 ]
04-03 19:19:46.812  6586 17430 I NetworkScheduler.Stats: Task com.google.android.gms/com.google.android.gms.ipa.base.IpaGcmTaskService finished executing. cause:9 result: 1 elapsed_millis: 31 uptime_millis: 31 exec_start_elapsed_seconds: 459744 [CONTEXT service_id=218 ]
04-03 19:19:46.854  5982  5998 D AssistReceiver: call: lightWakeup | null | null
04-03 19:19:46.856 18701 18701 D ProcessState: Binder ioctl to enable oneway spam detection failed: Invalid argument
04-03 19:19:46.875  1280  1475 I SDM     : HWCDisplayBuiltIn::GetOptimalRefreshRate: active_refresh_rate_: 60
04-03 19:19:46.883  1289  1289 I QTI PowerHAL: Power setMode: 5 to: 1
04-03 19:19:46.897  4223  4223 D GameMode: onResumedActivityChange: entered? false componnent: ComponentInfo{com.motorola.launcher3/com.android.launcher3.CustomizationPanelLauncher}
04-03 19:19:46.900  1280  1475 I SDM     : HWCDisplayBuiltIn::GetOptimalRefreshRate: active_refresh_rate_: 60
04-03 19:19:46.927  1280  1475 I SDM     : HWCDisplayBuiltIn::GetOptimalRefreshRate: active_refresh_rate_: 60
04-03 19:19:46.936  1179  1179 D Zygote  : Forked child process 18706
04-03 19:19:46.942  5982  6140 D CmdCenter: - RowBase2: sPrevModStatus: 1, modStatus: 1
04-03 19:19:46.943  5982  6140 D CmdCenter: - RowBase2: sPrevBatStatus: 2, status: 2
04-03 19:19:46.943  5982  6140 D CmdCenter: - RowBase2: sPrevChargeRate = 3, new = 3
04-03 19:19:46.943  5982  6140 D CmdCenter: - RowBase2: sPrevPlugType: 1 plugType: 1
04-03 19:19:46.945  3397  3397 V DeviceStatisticsService: chargerType=1 batteryLevel=72 totalBatteryCapacity=6002500
04-03 19:19:46.966  1289  1289 I QTI PowerHAL: Power setBoost: 0, duration: 0
04-03 19:19:46.978 28584 28589 I adbd    : jdwp connection from 18706
04-03 19:19:46.979 18706 18706 D ProcessState: Binder ioctl to enable oneway spam detection failed: Invalid argument
04-03 19:19:46.984  1280  1475 I SDM     : HWCDisplayBuiltIn::GetOptimalRefreshRate: active_refresh_rate_: 60
04-03 19:19:46.990  4223  4223 D GameMode: onStartedActivityChange: componnent: ComponentInfo{com.plcoding.baselineprofilemacrobenchmark/com.plcoding.baselineprofilemacrobenchmark.MainActivity} entered launcher screen? true
04-03 19:19:46.990  4223  4223 D GameMode: onResumedActivityChange: entered? true componnent: ComponentInfo{com.plcoding.baselineprofilemacrobenchmark/com.plcoding.baselineprofilemacrobenchmark.MainActivity}
04-03 19:19:46.991 18706 18706 D CompatibilityChangeReporter: Compat change id reported: 171979766; UID 10152; state: ENABLED
04-03 19:19:46.993  1280  1475 I SDM     : HWCDisplayBuiltIn::GetOptimalRefreshRate: active_refresh_rate_: 60
04-03 19:19:47.000  4223  4223 D GameMode: isScreenUnlocked: true
04-03 19:19:47.003  1280  1475 I SDM     : HWCDisplayBuiltIn::GetOptimalRefreshRate: active_refresh_rate_: 60
04-03 19:19:47.009  5692  5692 I GsaVoiceInteractionSrv: Handling ACTION_STOP_HOTWORD
04-03 19:19:47.010  4223  4223 D MFL     : getFreeFormPackages: adding all apps
04-03 19:19:47.010  4223  4223 D GameMode: exiting game mode
04-03 19:19:47.010  5692  6352 I HwDetectorWithState: (REDACTED) a: %d
04-03 19:19:47.011  4223  4223 D GameMode: isFeatureSupported: true
04-03 19:19:47.011  4223  4223 D GameMode: isFeatureSupported: true
04-03 19:19:47.012  4223  4223 D GameMode: setUpFullScreenForExistingApps; isEnabled = 1
04-03 19:19:47.012  4223  4223 D GameMode: reset:
04-03 19:19:47.012  4223  4223 D GameMode: isFeatureSupported: true
04-03 19:19:47.018  1280  1475 I SDM     : HWCDisplayBuiltIn::GetOptimalRefreshRate: active_refresh_rate_: 60
04-03 19:19:47.026  1280  1475 I SDM     : HWCDisplayBuiltIn::GetOptimalRefreshRate: active_refresh_rate_: 60
04-03 19:19:47.034  1280  1475 I SDM     : HWCDisplayBuiltIn::GetOptimalRefreshRate: active_refresh_rate_: 60
04-03 19:19:47.043  1280  1475 I SDM     : HWCDisplayBuiltIn::GetOptimalRefreshRate: active_refresh_rate_: 60
04-03 19:19:47.051  1280  1475 I SDM     : HWCDisplayBuiltIn::GetOptimalRefreshRate: active_refresh_rate_: 60
04-03 19:19:47.059  1280  1475 I SDM     : HWCDisplayBuiltIn::GetOptimalRefreshRate: active_refresh_rate_: 60
04-03 19:19:47.067  1280  1475 I SDM     : HWCDisplayBuiltIn::GetOptimalRefreshRate: active_refresh_rate_: 60
04-03 19:19:47.075  1280  1475 I SDM     : HWCDisplayBuiltIn::GetOptimalRefreshRate: active_refresh_rate_: 60
04-03 19:19:47.084  1280  1475 I SDM     : HWCDisplayBuiltIn::GetOptimalRefreshRate: active_refresh_rate_: 60
04-03 19:19:47.092  1280  1475 I SDM     : HWCDisplayBuiltIn::GetOptimalRefreshRate: active_refresh_rate_: 60
04-03 19:19:47.100  1280  1475 I SDM     : HWCDisplayBuiltIn::GetOptimalRefreshRate: active_refresh_rate_: 60
04-03 19:19:47.108  1280  1475 I SDM     : HWCDisplayBuiltIn::GetOptimalRefreshRate: active_refresh_rate_: 60
04-03 19:19:47.118  1280  1475 I SDM     : HWCDisplayBuiltIn::GetOptimalRefreshRate: active_refresh_rate_: 60
04-03 19:19:47.125  1280  1475 I SDM     : HWCDisplayBuiltIn::GetOptimalRefreshRate: active_refresh_rate_: 60
04-03 19:19:47.131 18706 18706 V GraphicsEnvironment: ANGLE Developer option for 'com.plcoding.baselineprofilemacrobenchmark' set to: 'default'
04-03 19:19:47.132 18706 18706 V GraphicsEnvironment: ANGLE GameManagerService for com.plcoding.baselineprofilemacrobenchmark: false
04-03 19:19:47.132 18706 18706 V GraphicsEnvironment: Updatable production driver is not supported on the device.
04-03 19:19:47.133 18706 18706 D NetworkSecurityConfig: No Network Security Config specified, using platform default
04-03 19:19:47.133 18706 18706 D NetworkSecurityConfig: No Network Security Config specified, using platform default
04-03 19:19:47.134  1280  1475 I SDM     : HWCDisplayBuiltIn::GetOptimalRefreshRate: active_refresh_rate_: 60
04-03 19:19:47.137 18706 18706 I Typeface: updateThemeFont new=Rookery-Regular;old=sans-serif
04-03 19:19:47.142  1280  1475 I SDM     : HWCDisplayBuiltIn::GetOptimalRefreshRate: active_refresh_rate_: 60
04-03 19:19:47.150  1280  1475 I SDM     : HWCDisplayBuiltIn::GetOptimalRefreshRate: active_refresh_rate_: 60
04-03 19:19:47.158  1280  1475 I SDM     : HWCDisplayBuiltIn::GetOptimalRefreshRate: active_refresh_rate_: 60
04-03 19:19:47.167  1280  1475 I SDM     : HWCDisplayBuiltIn::GetOptimalRefreshRate: active_refresh_rate_: 60
04-03 19:19:47.175  1280  1475 I SDM     : HWCDisplayBuiltIn::GetOptimalRefreshRate: active_refresh_rate_: 60
